C:\Users\12291\Desktop\NXP\workspace\evkmimxrt1060_elcdif_rgb\CMSIS/core_cm7.h:1911:22:__NVIC_EnableIRQ	16	static
C:\Users\12291\Desktop\NXP\workspace\evkmimxrt1060_elcdif_rgb\drivers/fsl_clock.h:1408:20:CLOCK_SetMux	24	static
C:\Users\12291\Desktop\NXP\workspace\evkmimxrt1060_elcdif_rgb\drivers/fsl_clock.h:1460:20:CLOCK_SetDiv	24	static
C:\Users\12291\Desktop\NXP\workspace\evkmimxrt1060_elcdif_rgb\drivers/fsl_common_arm.h:499:24:EnableIRQ	24	static
C:\Users\12291\Desktop\NXP\workspace\evkmimxrt1060_elcdif_rgb\drivers/fsl_elcdif.h:375:20:ELCDIF_RgbModeStart	16	static
C:\Users\12291\Desktop\NXP\workspace\evkmimxrt1060_elcdif_rgb\drivers/fsl_elcdif.h:393:20:ELCDIF_SetNextBufferAddr	16	static
C:\Users\12291\Desktop\NXP\workspace\evkmimxrt1060_elcdif_rgb\drivers/fsl_elcdif.h:542:20:ELCDIF_EnableInterrupts	16	static
C:\Users\12291\Desktop\NXP\workspace\evkmimxrt1060_elcdif_rgb\drivers/fsl_elcdif.h:570:24:ELCDIF_GetInterruptStatus	24	static
C:\Users\12291\Desktop\NXP\workspace\evkmimxrt1060_elcdif_rgb\drivers/fsl_elcdif.h:588:20:ELCDIF_ClearInterruptStatus	16	static
../source/../helper/cube.h:15:9:initVector3	64	static
../source/../helper/cube.h:25:6:normalize	24	static
../source/../helper/cube.h:36:9:cross	72	static
../source/../helper/cube.h:45:9:subtractVectors	72	static
../source/../helper/cube.h:61:6:identity	24	static
../source/../helper/cube.h:75:6:multiplyVector4	24	static
../source/../helper/cube.h:90:9:multiplyMatrix4	104	static
../source/../helper/cube.h:105:6:translate	296	static
../source/../helper/cube.h:116:6:rotate	312	static
../source/../helper/cube.h:139:6:scaleMatrix_set	304	static
../source/../helper/cube.h:155:6:perspective	320	static
../source/../helper/cube.h:173:6:window_coordinates	56	static
../source/elcdif_rgb.c:75:6:LCDIF_IRQHandler	8	static
../source/elcdif_rgb.c:82:6:BOARD_EnableLcdInterrupt	8	static
../source/elcdif_rgb.c:88:6:BOARD_InitLcd	16	static
../source/elcdif_rgb.c:101:6:BOARD_InitLcdifPixelClock	24	static
../source/elcdif_rgb.c:138:6:APP_LCDIF_IRQHandler	16	static
../source/elcdif_rgb.c:153:6:APP_ELCDIF_Init	40	static
../source/elcdif_rgb.c:176:10:round	16	static
../source/elcdif_rgb.c:180:6:draw_line	80	static
../source/elcdif_rgb.c:204:6:APP_FillFrameBuffer	522680	static
../source/elcdif_rgb.c:320:5:main	24	static
