C:\Users\12291\Desktop\NXP\workspace\evkmimxrt1060_elcdif_rgb\CMSIS/core_cm7.h:1911:22:__NVIC_EnableIRQ	16	static
C:\Users\12291\Desktop\NXP\workspace\evkmimxrt1060_elcdif_rgb\drivers/fsl_clock.h:1408:20:CLOCK_SetMux	24	static
C:\Users\12291\Desktop\NXP\workspace\evkmimxrt1060_elcdif_rgb\drivers/fsl_clock.h:1460:20:CLOCK_SetDiv	24	static
C:\Users\12291\Desktop\NXP\workspace\evkmimxrt1060_elcdif_rgb\drivers/fsl_common_arm.h:499:24:EnableIRQ	24	static
C:\Users\12291\Desktop\NXP\workspace\evkmimxrt1060_elcdif_rgb\drivers/fsl_elcdif.h:375:20:ELCDIF_RgbModeStart	16	static
C:\Users\12291\Desktop\NXP\workspace\evkmimxrt1060_elcdif_rgb\drivers/fsl_elcdif.h:542:20:ELCDIF_EnableInterrupts	16	static
C:\Users\12291\Desktop\NXP\workspace\evkmimxrt1060_elcdif_rgb\drivers/fsl_elcdif.h:570:24:ELCDIF_GetInterruptStatus	24	static
C:\Users\12291\Desktop\NXP\workspace\evkmimxrt1060_elcdif_rgb\drivers/fsl_elcdif.h:588:20:ELCDIF_ClearInterruptStatus	16	static
../source/elcdif_rgb.c:92:6:LCDIF_IRQHandler	8	static
../source/elcdif_rgb.c:99:6:BOARD_EnableLcdInterrupt	8	static
../source/elcdif_rgb.c:105:6:BOARD_InitLcd	16	static
../source/elcdif_rgb.c:118:6:BOARD_InitLcdifPixelClock	24	static
../source/elcdif_rgb.c:155:6:APP_LCDIF_IRQHandler	16	static
../source/elcdif_rgb.c:170:6:APP_ELCDIF_Init	40	static
../source/elcdif_rgb.c:193:10:round	16	static
../source/elcdif_rgb.c:197:6:draw_line	522320	static
../source/elcdif_rgb.c:233:6:axis_setup	16	static
../source/elcdif_rgb.c:264:6:Object3D_to_2D	48	static
../source/elcdif_rgb.c:278:6:fill_face	120	static
../source/elcdif_rgb.c:311:6:draw_cube	104	static
../source/elcdif_rgb.c:329:6:move_cube	32	static
../source/elcdif_rgb.c:360:6:APP_FillFrameBuffer	616	static
../source/elcdif_rgb.c:411:5:main	16	static
