Archive member included to satisfy reference by file (symbol)

c:/nxp/mcuxpressoide_11.7.1_9221/ide/plugins/com.nxp.mcuxpresso.tools.win32_11.7.1.202301190959/tools/bin/../lib/gcc/arm-none-eabi/10.3.1/../../../../arm-none-eabi/lib/thumb/v7e-m+fp/hard\libcr_nohost_nf.a(_cr__main.o)
                              ./startup/startup_mimxrt1062.o (__main)
c:/nxp/mcuxpressoide_11.7.1_9221/ide/plugins/com.nxp.mcuxpresso.tools.win32_11.7.1.202301190959/tools/bin/../lib/gcc/arm-none-eabi/10.3.1/../../../../arm-none-eabi/lib/thumb/v7e-m+fp/hard\libcr_c.a(memcpy.o)
                              ./utilities/fsl_str.o (memcpy)
c:/nxp/mcuxpressoide_11.7.1_9221/ide/plugins/com.nxp.mcuxpresso.tools.win32_11.7.1.202301190959/tools/bin/../lib/gcc/arm-none-eabi/10.3.1/../../../../arm-none-eabi/lib/thumb/v7e-m+fp/hard\libcr_c.a(memset.o)
                              ./utilities/fsl_debug_console.o (memset)
c:/nxp/mcuxpressoide_11.7.1_9221/ide/plugins/com.nxp.mcuxpresso.tools.win32_11.7.1.202301190959/tools/bin/../lib/gcc/arm-none-eabi/10.3.1/../../../../arm-none-eabi/lib/thumb/v7e-m+fp/hard\libcr_c.a(alloc.o)
                              ./drivers/fsl_common.o (malloc)
c:/nxp/mcuxpressoide_11.7.1_9221/ide/plugins/com.nxp.mcuxpresso.tools.win32_11.7.1.202301190959/tools/bin/../lib/gcc/arm-none-eabi/10.3.1/../../../../arm-none-eabi/lib/thumb/v7e-m+fp/hard\libcr_c.a(errno.o)
                              ./utilities/fsl_str.o (errno)
c:/nxp/mcuxpressoide_11.7.1_9221/ide/plugins/com.nxp.mcuxpresso.tools.win32_11.7.1.202301190959/tools/bin/../lib/gcc/arm-none-eabi/10.3.1/../../../../arm-none-eabi/lib/thumb/v7e-m+fp/hard\libcr_c.a(initio.o)
                              c:/nxp/mcuxpressoide_11.7.1_9221/ide/plugins/com.nxp.mcuxpresso.tools.win32_11.7.1.202301190959/tools/bin/../lib/gcc/arm-none-eabi/10.3.1/../../../../arm-none-eabi/lib/thumb/v7e-m+fp/hard\libcr_nohost_nf.a(_cr__main.o) (_initio)
c:/nxp/mcuxpressoide_11.7.1_9221/ide/plugins/com.nxp.mcuxpresso.tools.win32_11.7.1.202301190959/tools/bin/../lib/gcc/arm-none-eabi/10.3.1/../../../../arm-none-eabi/lib/thumb/v7e-m+fp/hard\libcr_c.a(scanf.o)
                              ./utilities/fsl_str.o (strtoul)
c:/nxp/mcuxpressoide_11.7.1_9221/ide/plugins/com.nxp.mcuxpresso.tools.win32_11.7.1.202301190959/tools/bin/../lib/gcc/arm-none-eabi/10.3.1/../../../../arm-none-eabi/lib/thumb/v7e-m+fp/hard\libcr_c.a(setvbuf.o)
                              c:/nxp/mcuxpressoide_11.7.1_9221/ide/plugins/com.nxp.mcuxpresso.tools.win32_11.7.1.202301190959/tools/bin/../lib/gcc/arm-none-eabi/10.3.1/../../../../arm-none-eabi/lib/thumb/v7e-m+fp/hard\libcr_c.a(initio.o) (setvbuf)
c:/nxp/mcuxpressoide_11.7.1_9221/ide/plugins/com.nxp.mcuxpresso.tools.win32_11.7.1.202301190959/tools/bin/../lib/gcc/arm-none-eabi/10.3.1/../../../../arm-none-eabi/lib/thumb/v7e-m+fp/hard\libcr_c.a(strlen.o)
                              ./utilities/fsl_str.o (strlen)
c:/nxp/mcuxpressoide_11.7.1_9221/ide/plugins/com.nxp.mcuxpresso.tools.win32_11.7.1.202301190959/tools/bin/../lib/gcc/arm-none-eabi/10.3.1/../../../../arm-none-eabi/lib/thumb/v7e-m+fp/hard\libcr_c.a(ungetc.o)
                              c:/nxp/mcuxpressoide_11.7.1_9221/ide/plugins/com.nxp.mcuxpresso.tools.win32_11.7.1.202301190959/tools/bin/../lib/gcc/arm-none-eabi/10.3.1/../../../../arm-none-eabi/lib/thumb/v7e-m+fp/hard\libcr_c.a(scanf.o) (ungetc)
c:/nxp/mcuxpressoide_11.7.1_9221/ide/plugins/com.nxp.mcuxpresso.tools.win32_11.7.1.202301190959/tools/bin/../lib/gcc/arm-none-eabi/10.3.1/../../../../arm-none-eabi/lib/thumb/v7e-m+fp/hard\libcr_c.a(__fillbuf.o)
                              c:/nxp/mcuxpressoide_11.7.1_9221/ide/plugins/com.nxp.mcuxpresso.tools.win32_11.7.1.202301190959/tools/bin/../lib/gcc/arm-none-eabi/10.3.1/../../../../arm-none-eabi/lib/thumb/v7e-m+fp/hard\libcr_c.a(scanf.o) (__filbuf)
c:/nxp/mcuxpressoide_11.7.1_9221/ide/plugins/com.nxp.mcuxpresso.tools.win32_11.7.1.202301190959/tools/bin/../lib/gcc/arm-none-eabi/10.3.1/../../../../arm-none-eabi/lib/thumb/v7e-m+fp/hard\libcr_c.a(__init_alloc.o)
                              c:/nxp/mcuxpressoide_11.7.1_9221/ide/plugins/com.nxp.mcuxpresso.tools.win32_11.7.1.202301190959/tools/bin/../lib/gcc/arm-none-eabi/10.3.1/../../../../arm-none-eabi/lib/thumb/v7e-m+fp/hard\libcr_c.a(alloc.o) (__heaps)
c:/nxp/mcuxpressoide_11.7.1_9221/ide/plugins/com.nxp.mcuxpresso.tools.win32_11.7.1.202301190959/tools/bin/../lib/gcc/arm-none-eabi/10.3.1/../../../../arm-none-eabi/lib/thumb/v7e-m+fp/hard\libcr_c.a(_cr_sbrk.o)
                              c:/nxp/mcuxpressoide_11.7.1_9221/ide/plugins/com.nxp.mcuxpresso.tools.win32_11.7.1.202301190959/tools/bin/../lib/gcc/arm-none-eabi/10.3.1/../../../../arm-none-eabi/lib/thumb/v7e-m+fp/hard\libcr_c.a(alloc.o) (_sbrk)
c:/nxp/mcuxpressoide_11.7.1_9221/ide/plugins/com.nxp.mcuxpresso.tools.win32_11.7.1.202301190959/tools/bin/../lib/gcc/arm-none-eabi/10.3.1/../../../../arm-none-eabi/lib/thumb/v7e-m+fp/hard\libcr_c.a(_deferredlazyseek.o)
[...]
Memory Configuration

Name             Origin             Length             Attributes
BOARD_FLASH      0x60000000         0x00800000         xr
SRAM_DTC         0x20000000         0x00020000         xrw
SRAM_ITC         0x00000000         0x00020000         xrw
SRAM_OC2         0x20200000         0x00080000         xrw
SRAM_OC          0x20280000         0x00040000         xrw
BOARD_SDRAM      0x80000000         0x01e00000         xrw
NCACHE_REGION    0x81e00000         0x00200000         xrw
*default*        0x00000000         0xffffffff

Linker script and memory map

LOAD ./xip/evkmimxrt1060_flexspi_nor_config.o
LOAD ./xip/fsl_flexspi_nor_boot.o
LOAD ./utilities/fsl_assert.o
LOAD ./utilities/fsl_debug_console.o
LOAD ./utilities/fsl_str.o
LOAD ./startup/startup_mimxrt1062.o
LOAD ./source/new_project.o
LOAD ./source/semihost_hardfault.o
LOAD ./freertos/freertos-kernel/portable/MemMang/heap_4.o
LOAD ./freertos/freertos-kernel/portable/GCC/ARM_CM4F/port.o
LOAD ./freertos/freertos-kernel/croutine.o
LOAD ./freertos/freertos-kernel/event_groups.o
LOAD ./freertos/freertos-kernel/list.o
LOAD ./freertos/freertos-kernel/queue.o
LOAD ./freertos/freertos-kernel/stream_buffer.o
LOAD ./freertos/freertos-kernel/tasks.o
LOAD ./freertos/freertos-kernel/timers.o
LOAD ./drivers/freertos/fsl_lpi2c_freertos.o
LOAD ./drivers/freertos/fsl_lpuart_freertos.o
LOAD ./drivers/fsl_clock.o
LOAD ./drivers/fsl_common.o
LOAD ./drivers/fsl_common_arm.o
LOAD ./drivers/fsl_gpio.o
LOAD ./drivers/fsl_lpi2c.o
LOAD ./drivers/fsl_lpuart.o
LOAD ./device/system_MIMXRT1062.o
LOAD ./component/uart/fsl_adapter_lpuart.o
LOAD ./component/serial_manager/fsl_component_serial_manager.o
LOAD ./component/serial_manager/fsl_component_serial_port_uart.o
LOAD ./component/lists/fsl_component_generic_list.o
LOAD ./board/board.o
LOAD ./board/clock_config.o
LOAD ./board/dcd.o
LOAD ./board/peripherals.o
LOAD ./board/pin_mux.o
START GROUP
LOAD c:/nxp/mcuxpressoide_11.7.1_9221/ide/plugins/com.nxp.mcuxpresso.tools.win32_11.7.1.202301190959/tools/bin/../lib/gcc/arm-none-eabi/10.3.1/../../../../arm-none-eabi/lib/thumb/v7e-m+fp/hard\libcr_nohost_nf.a
LOAD c:/nxp/mcuxpressoide_11.7.1_9221/ide/plugins/com.nxp.mcuxpresso.tools.win32_11.7.1.202301190959/tools/bin/../lib/gcc/arm-none-eabi/10.3.1/../../../../arm-none-eabi/lib/thumb/v7e-m+fp/hard\libcr_c.a
LOAD c:/nxp/mcuxpressoide_11.7.1_9221/ide/plugins/com.nxp.mcuxpresso.tools.win32_11.7.1.202301190959/tools/bin/../lib/gcc/arm-none-eabi/10.3.1/thumb/v7e-m+fp/hard\libcr_eabihelpers.a
LOAD c:/nxp/mcuxpressoide_11.7.1_9221/ide/plugins/com.nxp.mcuxpresso.tools.win32_11.7.1.202301190959/tools/bin/../lib/gcc/arm-none-eabi/10.3.1/thumb/v7e-m+fp/hard\libgcc.a
END GROUP
                0x60000000                __base_BOARD_FLASH = 0x60000000
                0x60000000                __base_Flash = 0x60000000
                0x60800000                __top_BOARD_FLASH = 0x60800000
                0x60800000                __top_Flash = 0x60800000
                0x20000000                __base_SRAM_DTC = 0x20000000
                0x20000000                __base_RAM = 0x20000000
                0x20020000                __top_SRAM_DTC = 0x20020000
                0x20020000                __top_RAM = 0x20020000
                0x00000000                __base_SRAM_ITC = 0x0
                0x00000000                __base_RAM2 = 0x0
                0x00020000                __top_SRAM_ITC = 0x20000
                0x00020000                __top_RAM2 = 0x20000
                0x20200000                __base_SRAM_OC2 = 0x20200000
                0x20200000                __base_RAM3 = 0x20200000
                0x20280000                __top_SRAM_OC2 = 0x20280000
                0x20280000                __top_RAM3 = 0x20280000
                0x20280000                __base_SRAM_OC = 0x20280000
                0x20280000                __base_RAM4 = 0x20280000
                0x202c0000                __top_SRAM_OC = 0x202c0000
                0x202c0000                __top_RAM4 = 0x202c0000
                0x80000000                __base_BOARD_SDRAM = 0x80000000
                0x80000000                __base_RAM5 = 0x80000000
                0x81e00000                __top_BOARD_SDRAM = 0x81e00000
                0x81e00000                __top_RAM5 = 0x81e00000
                0x81e00000                __base_NCACHE_REGION = 0x81e00000
                0x81e00000                __base_RAM6 = 0x81e00000
                0x82000000                __top_NCACHE_REGION = 0x82000000
                0x82000000                __top_RAM6 = 0x82000000

.boot_hdr       0x60000000     0x2000
 FILL mask 0xff
                0x60000000                __boot_hdr_start__ = ABSOLUTE (.)
 *(SORT_BY_ALIGNMENT(.boot_hdr.conf))
 .boot_hdr.conf
                0x60000000      0x200 ./xip/evkmimxrt1060_flexspi_nor_config.o
                0x60000000                qspiflash_config
                0x00001000                . = 0x1000
 *fill*         0x60000200      0xe00 ff
 *(SORT_BY_ALIGNMENT(.boot_hdr.ivt))
 .boot_hdr.ivt  0x60001000       0x20 ./xip/fsl_flexspi_nor_boot.o
                0x60001000                image_vector_table
                0x00001020                . = 0x1020
 *(SORT_BY_ALIGNMENT(.boot_hdr.boot_data))
 .boot_hdr.boot_data
                0x60001020       0x10 ./xip/fsl_flexspi_nor_boot.o
                0x60001020                g_boot_data
                0x00001030                . = 0x1030
 *(SORT_BY_ALIGNMENT(.boot_hdr.dcd_data))
                0x60001030                __boot_hdr_end__ = ABSOLUTE (.)
                0x00002000                . = 0x2000
 *fill*         0x60001030      0xfd0 ff

.text           0x60002000     0x620c
 FILL mask 0xff
                0x60002000                __vectors_start__ = ABSOLUTE (.)
 *(SORT_BY_ALIGNMENT(.isr_vector))
 .isr_vector    0x60002000      0x2b8 ./startup/startup_mimxrt1062.o
                0x60002000                g_pfnVectors
                0x60002000                __Vectors
                0x600022b8                . = ALIGN (0x4)
                0x600022b8                __section_table_start = .
                0x600022b8                __data_section_table = .
                0x600022b8        0x4 LONG 0x6000820c LOADADDR (.data)
                0x600022bc        0x4 LONG 0x20000000 ADDR (.data)
                0x600022c0        0x4 LONG 0x4 SIZEOF (.data)
                0x600022c4        0x4 LONG 0x6000820c LOADADDR (.data_RAM2)
                0x600022c8        0x4 LONG 0x0 ADDR (.data_RAM2)
                0x600022cc        0x4 LONG 0x0 SIZEOF (.data_RAM2)
                0x600022d0        0x4 LONG 0x6000820c LOADADDR (.data_RAM3)
                0x600022d4        0x4 LONG 0x20200000 ADDR (.data_RAM3)
                0x600022d8        0x4 LONG 0x0 SIZEOF (.data_RAM3)
                0x600022dc        0x4 LONG 0x6000820c LOADADDR (.data_RAM4)
                0x600022e0        0x4 LONG 0x20280000 ADDR (.data_RAM4)
                0x600022e4        0x4 LONG 0x0 SIZEOF (.data_RAM4)
                0x600022e8        0x4 LONG 0x6000820c LOADADDR (.data_RAM5)
                0x600022ec        0x4 LONG 0x80000000 ADDR (.data_RAM5)
                0x600022f0        0x4 LONG 0x0 SIZEOF (.data_RAM5)
                0x600022f4        0x4 LONG 0x6000820c LOADADDR (.data_RAM6)
                0x600022f8        0x4 LONG 0x81e00000 ADDR (.data_RAM6)
                0x600022fc        0x4 LONG 0x0 SIZEOF (.data_RAM6)
                0x60002300                __data_section_table_end = .
                0x60002300                __bss_section_table = .
                0x60002300        0x4 LONG 0x20000004 ADDR (.bss)
                0x60002304        0x4 LONG 0x230 SIZEOF (.bss)
                0x60002308        0x4 LONG 0x0 ADDR (.bss_RAM2)
                0x6000230c        0x4 LONG 0x0 SIZEOF (.bss_RAM2)
                0x60002310        0x4 LONG 0x20200000 ADDR (.bss_RAM3)
                0x60002314        0x4 LONG 0x0 SIZEOF (.bss_RAM3)
                0x60002318        0x4 LONG 0x20280000 ADDR (.bss_RAM4)
                0x6000231c        0x4 LONG 0x0 SIZEOF (.bss_RAM4)
                0x60002320        0x4 LONG 0x80000000 ADDR (.bss_RAM5)
                0x60002324        0x4 LONG 0x0 SIZEOF (.bss_RAM5)
                0x60002328        0x4 LONG 0x81e00000 ADDR (.bss_RAM6)
                0x6000232c        0x4 LONG 0x0 SIZEOF (.bss_RAM6)
                0x60002330                __bss_section_table_end = .
                0x60002330                __section_table_end = .
 *(SORT_BY_ALIGNMENT(.after_vectors*))
 .after_vectors.reset
                0x60002330       0x54 ./startup/startup_mimxrt1062.o
                0x60002330                ResetISR
 .after_vectors.init_data
                0x60002384       0x1e ./startup/startup_mimxrt1062.o
                0x60002384                data_init
 .after_vectors.init_bss
                0x600023a2       0x12 ./startup/startup_mimxrt1062.o
                0x600023a2                bss_init
 .after_vectors
                0x600023b4       0x14 ./startup/startup_mimxrt1062.o
                0x600023b4                NMI_Handler
                0x600023b8                MemManage_Handler
                0x600023ba                BusFault_Handler
                0x600023bc                UsageFault_Handler
                0x600023c0                DebugMon_Handler
                0x600023c6                LCDIF_DriverIRQHandler
                0x600023c6                SAI3_RX_DriverIRQHandler
                0x600023c6                CCM_2_DriverIRQHandler
                0x600023c6                PIT_DriverIRQHandler
                0x600023c6                PMU_EVENT_DriverIRQHandler
                0x600023c6                PWM4_FAULT_DriverIRQHandler
                0x600023c6                DMA13_DMA29_DriverIRQHandler
                0x600023c6                FLEXRAM_DriverIRQHandler
                0x600023c6                LPSPI4_DriverIRQHandler
                0x600023c6                SEMC_DriverIRQHandler
                0x600023c6                SPDIF_DriverIRQHandler
                0x600023c6                PWM4_3_DriverIRQHandler
                0x600023c6                ENET2_DriverIRQHandler
                0x600023c6                FLEXSPI2_DriverIRQHandler
                0x600023c6                USB_PHY1_DriverIRQHandler
                0x600023c6                GPIO3_Combined_0_15_DriverIRQHandler
                0x600023c6                CAN3_DriverIRQHandler
                0x600023c6                Reserved171_DriverIRQHandler
                0x600023c6                DMA7_DMA23_DriverIRQHandler
                0x600023c6                BEE_DriverIRQHandler
                0x600023c6                GPR_IRQ_DriverIRQHandler
                0x600023c6                PWM2_FAULT_DriverIRQHandler
                0x600023c6                PWM3_1_DriverIRQHandler
                0x600023c6                DMA14_DMA30_DriverIRQHandler
                0x600023c6                TMR1_DriverIRQHandler
                0x600023c6                TRNG_DriverIRQHandler
                0x600023c6                PWM3_2_DriverIRQHandler
                0x600023c6                ENET_1588_Timer_DriverIRQHandler
                0x600023c6                FLEXIO2_DriverIRQHandler
                0x600023c6                GPIO2_Combined_16_31_DriverIRQHandler
                0x600023c6                Reserved143_DriverIRQHandler
                0x600023c6                LPSPI2_DriverIRQHandler
                0x600023c6                PWM4_1_DriverIRQHandler
                0x600023c6                PWM3_3_DriverIRQHandler
                0x600023c6                DMA0_DMA16_DriverIRQHandler
                0x600023c6                IntDefaultHandler
                0x600023c6                DMA2_DMA18_DriverIRQHandler
                0x600023c6                SRC_DriverIRQHandler
                0x600023c6                GPIO1_INT4_DriverIRQHandler
                0x600023c6                Reserved144_DriverIRQHandler
                0x600023c6                USDHC1_DriverIRQHandler
                0x600023c6                ENC3_DriverIRQHandler
                0x600023c6                PWM3_FAULT_DriverIRQHandler
                0x600023c6                EWM_DriverIRQHandler
                0x600023c6                KPP_DriverIRQHandler
                0x600023c6                WDOG1_DriverIRQHandler
                0x600023c6                FLEXIO1_DriverIRQHandler
                0x600023c6                ENET_DriverIRQHandler
                0x600023c6                Reserved78_DriverIRQHandler
                0x600023c6                TMR4_DriverIRQHandler
                0x600023c6                ENC2_DriverIRQHandler
                0x600023c6                ADC_ETC_IRQ2_DriverIRQHandler
                0x600023c6                GPIO1_Combined_16_31_DriverIRQHandler
                0x600023c6                GPIO1_INT7_DriverIRQHandler
                0x600023c6                SAI1_DriverIRQHandler
                0x600023c6                DCDC_DriverIRQHandler
                0x600023c6                DMA12_DMA28_DriverIRQHandler
                0x600023c6                PWM4_0_DriverIRQHandler
                0x600023c6                ADC_ETC_ERROR_IRQ_DriverIRQHandler
                0x600023c6                ACMP2_DriverIRQHandler
                0x600023c6                GPIO5_Combined_0_15_DriverIRQHandler
                0x600023c6                GPIO1_INT0_DriverIRQHandler
                0x600023c6                GPIO1_INT2_DriverIRQHandler
                0x600023c6                RTWDOG_DriverIRQHandler
                0x600023c6                FLEXSPI_DriverIRQHandler
                0x600023c6                GPT2_DriverIRQHandler
                0x600023c6                USB_PHY2_DriverIRQHandler
                0x600023c6                DMA10_DMA26_DriverIRQHandler
                0x600023c6                PWM2_1_DriverIRQHandler
                0x600023c6                PWM1_1_DriverIRQHandler
                0x600023c6                PXP_DriverIRQHandler
                0x600023c6                ADC1_DriverIRQHandler
                0x600023c6                GPIO10_Combined_0_31_DriverIRQHandler
                0x600023c6                PWM1_0_DriverIRQHandler
                0x600023c6                SJC_DriverIRQHandler
                0x600023c6                DMA1_DMA17_DriverIRQHandler
                0x600023c6                ENC1_DriverIRQHandler
                0x600023c6                ENC4_DriverIRQHandler
                0x600023c6                CAN2_DriverIRQHandler
                0x600023c6                DCP_DriverIRQHandler
                0x600023c6                CTI0_ERROR_DriverIRQHandler
                0x600023c6                DMA8_DMA24_DriverIRQHandler
                0x600023c6                GPT1_DriverIRQHandler
                0x600023c6                ACMP3_DriverIRQHandler
                0x600023c6                DMA6_DMA22_DriverIRQHandler
                0x600023c6                CSU_DriverIRQHandler
                0x600023c6                GPIO1_INT5_DriverIRQHandler
                0x600023c6                TMR3_DriverIRQHandler
                0x600023c6                TMR2_DriverIRQHandler
                0x600023c6                CTI1_ERROR_DriverIRQHandler
                0x600023c6                GPIO1_Combined_0_15_DriverIRQHandler
                0x600023c6                USDHC2_DriverIRQHandler
                0x600023c6                PWM4_2_DriverIRQHandler
                0x600023c6                TSC_DIG_DriverIRQHandler
                0x600023c6                SAI2_DriverIRQHandler
                0x600023c6                CORE_DriverIRQHandler
                0x600023c6                DMA11_DMA27_DriverIRQHandler
                0x600023c6                CSI_DriverIRQHandler
                0x600023c6                PWM2_3_DriverIRQHandler
                0x600023c6                XBAR1_IRQ_2_3_DriverIRQHandler
                0x600023c6                SNVS_HP_WRAPPER_TZ_DriverIRQHandler
                0x600023c6                GPIO3_Combined_16_31_DriverIRQHandler
                0x600023c6                PWM1_FAULT_DriverIRQHandler
                0x600023c6                ENET2_1588_Timer_DriverIRQHandler
                0x600023c6                PWM2_2_DriverIRQHandler
                0x600023c6                DMA4_DMA20_DriverIRQHandler
                0x600023c6                DMA9_DMA25_DriverIRQHandler
                0x600023c6                SNVS_HP_WRAPPER_DriverIRQHandler
                0x600023c6                XBAR1_IRQ_0_1_DriverIRQHandler
                0x600023c6                ADC_ETC_IRQ1_DriverIRQHandler
                0x600023c6                LPSPI1_DriverIRQHandler
                0x600023c6                DMA3_DMA19_DriverIRQHandler
                0x600023c6                GPIO1_INT3_DriverIRQHandler
                0x600023c6                DCP_VMI_DriverIRQHandler
                0x600023c6                GPC_DriverIRQHandler
                0x600023c6                GPIO2_Combined_0_15_DriverIRQHandler
                0x600023c6                PWM1_2_DriverIRQHandler
                0x600023c6                USB_OTG1_DriverIRQHandler
                0x600023c6                TEMP_LOW_HIGH_DriverIRQHandler
                0x600023c6                SAI3_TX_DriverIRQHandler
                0x600023c6                FLEXIO3_DriverIRQHandler
                0x600023c6                WDOG2_DriverIRQHandler
                0x600023c6                Reserved68_DriverIRQHandler
                0x600023c6                PWM3_0_DriverIRQHandler
                0x600023c6                GPIO4_Combined_0_15_DriverIRQHandler
                0x600023c6                GPIO4_Combined_16_31_DriverIRQHandler
                0x600023c6                GPIO6_7_8_9_DriverIRQHandler
                0x600023c6                GPIO5_Combined_16_31_DriverIRQHandler
                0x600023c6                DMA5_DMA21_DriverIRQHandler
                0x600023c6                CCM_1_DriverIRQHandler
                0x600023c6                ADC2_DriverIRQHandler
                0x600023c6                Reserved115_DriverIRQHandler
                0x600023c6                TEMP_PANIC_DriverIRQHandler
                0x600023c6                ACMP4_DriverIRQHandler
                0x600023c6                DMA15_DMA31_DriverIRQHandler
                0x600023c6                LPSPI3_DriverIRQHandler
                0x600023c6                PWM1_3_DriverIRQHandler
                0x600023c6                ACMP1_DriverIRQHandler
                0x600023c6                Reserved86_DriverIRQHandler
                0x600023c6                DMA_ERROR_DriverIRQHandler
                0x600023c6                ADC_ETC_IRQ0_DriverIRQHandler
                0x600023c6                CAN1_DriverIRQHandler
                0x600023c6                GPIO1_INT6_DriverIRQHandler
                0x600023c6                GPIO1_INT1_DriverIRQHandler
                0x600023c6                PWM2_0_DriverIRQHandler
                0x600023c6                SNVS_LP_WRAPPER_DriverIRQHandler
                0x600023c6                USB_OTG2_DriverIRQHandler
 *(SORT_BY_ALIGNMENT(.text*))
 *fill*         0x600023c8        0x8 ff
 .text.SVC_Handler
                0x600023d0       0x28 ./freertos/freertos-kernel/portable/GCC/ARM_CM4F/port.o
                0x600023d0                SVC_Handler
 *fill*         0x600023f8        0x8 ff
 .text.PendSV_Handler
                0x60002400       0x68 ./freertos/freertos-kernel/portable/GCC/ARM_CM4F/port.o
                0x60002400                PendSV_Handler
 .text.__assertion_failed
                0x60002468       0x18 ./utilities/fsl_assert.o
                0x60002468                __assertion_failed
 .text.DbgConsole_SendDataReliable
                0x60002480       0x54 ./utilities/fsl_debug_console.o
                0x60002480                DbgConsole_SendDataReliable
 .text.DbgConsole_Init
                0x600024d4      0x12c ./utilities/fsl_debug_console.o
                0x600024d4                DbgConsole_Init
 .text.DbgConsole_Vprintf
                0x60002600       0x6c ./utilities/fsl_debug_console.o
                0x60002600                DbgConsole_Vprintf
 .text.__NVIC_EnableIRQ
                0x6000266c       0x3c ./source/new_project.o
 .text.__NVIC_SetPriority
                0x600026a8       0x54 ./source/new_project.o
 .text.CLOCK_SetMux
                0x600026fc       0x9c ./source/new_project.o
 .text.CLOCK_SetDiv
                0x60002798       0x9c ./source/new_project.o
 .text.LPI2C1_IRQHandler
                0x60002834       0xe4 ./source/new_project.o
                0x60002834                LPI2C1_IRQHandler
 .text.LPI2C3_IRQHandler
                0x60002918       0xd4 ./source/new_project.o
                0x60002918                LPI2C3_IRQHandler
 .text.main     0x600029ec      0x22c ./source/new_project.o
                0x600029ec                main
 .text.SysTick_Handler
                0x60002c18       0x44 ./freertos/freertos-kernel/portable/GCC/ARM_CM4F/port.o
                0x60002c18                SysTick_Handler
 .text.xTaskIncrementTick
                0x60002c5c      0x210 ./freertos/freertos-kernel/tasks.o
                0x60002c5c                xTaskIncrementTick
 .text.vTaskSwitchContext
                0x60002e6c       0xb8 ./freertos/freertos-kernel/tasks.o
                0x60002e6c                vTaskSwitchContext
 .text.prvResetNextTaskUnblockTime
                0x60002f24       0x38 ./freertos/freertos-kernel/tasks.o
 .text.CLOCK_GetOscFreq
                0x60002f5c       0x30 ./drivers/fsl_clock.o
 .text.CLOCK_GetPeriphClkFreq
                0x60002f8c       0xec ./drivers/fsl_clock.o
 .text.CLOCK_GetPllUsb1SWFreq
                0x60003078       0x44 ./drivers/fsl_clock.o
 .text.CLOCK_InitExternalClk
                0x600030bc       0x6c ./drivers/fsl_clock.o
                0x600030bc                CLOCK_InitExternalClk
 .text.CLOCK_SwitchOsc
                0x60003128       0x34 ./drivers/fsl_clock.o
                0x60003128                CLOCK_SwitchOsc
 .text.CLOCK_InitRcOsc24M
                0x6000315c       0x24 ./drivers/fsl_clock.o
                0x6000315c                CLOCK_InitRcOsc24M
 .text.CLOCK_GetAhbFreq
                0x60003180       0x24 ./drivers/fsl_clock.o
                0x60003180                CLOCK_GetAhbFreq
 .text.CLOCK_GetSemcFreq
                0x600031a4       0x5c ./drivers/fsl_clock.o
                0x600031a4                CLOCK_GetSemcFreq
 .text.CLOCK_GetIpgFreq
                0x60003200       0x24 ./drivers/fsl_clock.o
                0x60003200                CLOCK_GetIpgFreq
 .text.CLOCK_GetPerClkFreq
                0x60003224       0x40 ./drivers/fsl_clock.o
                0x60003224                CLOCK_GetPerClkFreq
 .text.CLOCK_GetFreq
                0x60003264      0x1c8 ./drivers/fsl_clock.o
                0x60003264                CLOCK_GetFreq
 .text.CLOCK_InitArmPll
                0x6000342c       0x68 ./drivers/fsl_clock.o
                0x6000342c                CLOCK_InitArmPll
 .text.CLOCK_InitSysPll
                0x60003494       0x9c ./drivers/fsl_clock.o
                0x60003494                CLOCK_InitSysPll
 .text.CLOCK_DeinitUsb2Pll
                0x60003530       0x18 ./drivers/fsl_clock.o
                0x60003530                CLOCK_DeinitUsb2Pll
 .text.CLOCK_DeinitAudioPll
                0x60003548       0x1c ./drivers/fsl_clock.o
                0x60003548                CLOCK_DeinitAudioPll
 .text.CLOCK_DeinitEnetPll
                0x60003564       0x1c ./drivers/fsl_clock.o
                0x60003564                CLOCK_DeinitEnetPll
 .text.CLOCK_GetPllFreq
                0x60003580      0x434 ./drivers/fsl_clock.o
                0x60003580                CLOCK_GetPllFreq
 .text.CLOCK_InitSysPfd
                0x600039b4       0x64 ./drivers/fsl_clock.o
                0x600039b4                CLOCK_InitSysPfd
 .text.CLOCK_GetSysPfdFreq
                0x60003a18       0xac ./drivers/fsl_clock.o
                0x60003a18                CLOCK_GetSysPfdFreq
 .text.CLOCK_GetUsb1PfdFreq
                0x60003ac4       0xac ./drivers/fsl_clock.o
                0x60003ac4                CLOCK_GetUsb1PfdFreq
 .text.CLOCK_ControlGate
                0x60003b70       0x60 ./drivers/fsl_lpi2c.o
 .text.LPI2C_GetInstance
                0x60003bd0       0x4c ./drivers/fsl_lpi2c.o
                0x60003bd0                LPI2C_GetInstance
 .text.LPI2C_GetCyclesForWidth
                0x60003c1c       0x9c ./drivers/fsl_lpi2c.o
 .text.LPI2C_MasterGetDefaultConfig
                0x60003cb8       0x6c ./drivers/fsl_lpi2c.o
                0x60003cb8                LPI2C_MasterGetDefaultConfig
 .text.LPI2C_MasterInit
                0x60003d24      0x1dc ./drivers/fsl_lpi2c.o
                0x60003d24                LPI2C_MasterInit
 .text.LPI2C_MasterSetBaudRate
                0x60003f00      0x2c4 ./drivers/fsl_lpi2c.o
                0x60003f00                LPI2C_MasterSetBaudRate
 .text.LPI2C_MasterSend
                0x600041c4       0x58 ./drivers/fsl_lpi2c.o
                0x600041c4                LPI2C_MasterSend
 .text.LPI2C_SlaveInit
                0x6000421c      0x168 ./drivers/fsl_lpi2c.o
                0x6000421c                LPI2C_SlaveInit
 .text.LPI2C_CommonIRQHandler
                0x60004384       0x78 ./drivers/fsl_lpi2c.o
 .text.LPI2C2_DriverIRQHandler
                0x600043fc       0x14 ./drivers/fsl_lpi2c.o
                0x600043fc                LPI2C2_DriverIRQHandler
 .text.LPI2C4_DriverIRQHandler
                0x60004410       0x14 ./drivers/fsl_lpi2c.o
                0x60004410                LPI2C4_DriverIRQHandler
 .text.CLOCK_ControlGate
                0x60004424       0x60 ./drivers/fsl_lpuart.o
 .text.LPUART_GetInstance
                0x60004484       0x4c ./drivers/fsl_lpuart.o
                0x60004484                LPUART_GetInstance
 .text.LPUART_Init
                0x600044d0      0x310 ./drivers/fsl_lpuart.o
                0x600044d0                LPUART_Init
 .text.LPUART_GetDefaultConfig
                0x600047e0       0x88 ./drivers/fsl_lpuart.o
                0x600047e0                LPUART_GetDefaultConfig
 .text.LPUART_WriteBlocking
                0x60004868       0x68 ./drivers/fsl_lpuart.o
                0x60004868                LPUART_WriteBlocking
 .text.LPUART1_DriverIRQHandler
                0x600048d0       0x28 ./drivers/fsl_lpuart.o
                0x600048d0                LPUART1_DriverIRQHandler
 .text.LPUART2_DriverIRQHandler
                0x600048f8       0x28 ./drivers/fsl_lpuart.o
                0x600048f8                LPUART2_DriverIRQHandler
 .text.LPUART3_DriverIRQHandler
                0x60004920       0x28 ./drivers/fsl_lpuart.o
                0x60004920                LPUART3_DriverIRQHandler
 .text.LPUART4_DriverIRQHandler
                0x60004948       0x28 ./drivers/fsl_lpuart.o
                0x60004948                LPUART4_DriverIRQHandler
 .text.LPUART5_DriverIRQHandler
                0x60004970       0x28 ./drivers/fsl_lpuart.o
                0x60004970                LPUART5_DriverIRQHandler
 .text.LPUART6_DriverIRQHandler
                0x60004998       0x28 ./drivers/fsl_lpuart.o
                0x60004998                LPUART6_DriverIRQHandler
 .text.LPUART7_DriverIRQHandler
                0x600049c0       0x28 ./drivers/fsl_lpuart.o
                0x600049c0                LPUART7_DriverIRQHandler
 .text.LPUART8_DriverIRQHandler
                0x600049e8       0x28 ./drivers/fsl_lpuart.o
                0x600049e8                LPUART8_DriverIRQHandler
 .text.SystemInit
                0x60004a10      0x144 ./device/system_MIMXRT1062.o
                0x60004a10                SystemInit
 .text.HAL_UartInitCommon
                0x60004b54       0xe0 ./component/uart/fsl_adapter_lpuart.o
 .text.HAL_UartInit
                0x60004c34       0x84 ./component/uart/fsl_adapter_lpuart.o
                0x60004c34                HAL_UartInit
 .text.HAL_UartSendBlocking
                0x60004cb8       0x64 ./component/uart/fsl_adapter_lpuart.o
                0x60004cb8                HAL_UartSendBlocking
 .text.ARM_MPU_Enable
                0x60004d1c       0x44 ./board/board.o
 .text.ARM_MPU_Disable
                0x60004d60       0x40 ./board/board.o
 .text.CLOCK_GetMux
                0x60004da0       0x44 ./board/board.o
 .text.CLOCK_GetDiv
                0x60004de4       0x44 ./board/board.o
 .text.CLOCK_GetOscFreq
                0x60004e28       0x30 ./board/board.o
 .text.BOARD_DebugConsoleSrcFreq
                0x60004e58       0x64 ./board/board.o
                0x60004e58                BOARD_DebugConsoleSrcFreq
 .text.BOARD_ConfigMPU
                0x60004ebc      0x34c ./board/board.o
                0x60004ebc                BOARD_ConfigMPU
 .text.CLOCK_SetMux
                0x60005208       0x9c ./board/clock_config.o
 .text.CLOCK_SetDiv
                0x600052a4       0x9c ./board/clock_config.o
 .text.CLOCK_ControlGate
                0x60005340       0x60 ./board/clock_config.o
 .text.CLOCK_SetXtalFreq
                0x600053a0       0x20 ./board/clock_config.o
 .text.CLOCK_SetRtcXtalFreq
                0x600053c0       0x20 ./board/clock_config.o
 .text.IOMUXC_MQSConfig
                0x600053e0       0x44 ./board/clock_config.o
 .text.BOARD_BootClockRUN
                0x60005424      0x6d0 ./board/clock_config.o
                0x60005424                BOARD_BootClockRUN
 .text.CLOCK_ControlGate
                0x60005af4       0x60 ./board/pin_mux.o
 .text.BOARD_InitPins
                0x60005b54      0x150 ./board/pin_mux.o
                0x60005b54                BOARD_InitPins
 .text.BOARD_InitDEBUG_UART
                0x60005ca4       0x78 ./board/pin_mux.o
                0x60005ca4                BOARD_InitDEBUG_UART
 .text._initio  0x60005d1c       0x78 c:/nxp/mcuxpressoide_11.7.1_9221/ide/plugins/com.nxp.mcuxpresso.tools.win32_11.7.1.202301190959/tools/bin/../lib/gcc/arm-none-eabi/10.3.1/../../../../arm-none-eabi/lib/thumb/v7e-m+fp/hard\libcr_c.a(initio.o)
                0x60005d1c                _initio
 .text._Cwritebuf
                0x60005d94       0x6c c:/nxp/mcuxpressoide_11.7.1_9221/ide/plugins/com.nxp.mcuxpresso.tools.win32_11.7.1.202301190959/tools/bin/../lib/gcc/arm-none-eabi/10.3.1/../../../../arm-none-eabi/lib/thumb/v7e-m+fp/hard\libcr_c.a(_writebuf.o)
                0x60005d94                _Cwritebuf
 .text.fflush   0x60005e00       0x3c c:/nxp/mcuxpressoide_11.7.1_9221/ide/plugins/com.nxp.mcuxpresso.tools.win32_11.7.1.202301190959/tools/bin/../lib/gcc/arm-none-eabi/10.3.1/../../../../arm-none-eabi/lib/thumb/v7e-m+fp/hard\libcr_c.a(fflush.o)
                0x60005e00                fflush
 .text.fseek    0x60005e3c       0xfc c:/nxp/mcuxpressoide_11.7.1_9221/ide/plugins/com.nxp.mcuxpresso.tools.win32_11.7.1.202301190959/tools/bin/../lib/gcc/arm-none-eabi/10.3.1/../../../../arm-none-eabi/lib/thumb/v7e-m+fp/hard\libcr_c.a(fseek.o)
                0x60005e3c                fseek
 .text.ftell    0x60005f38       0x44 c:/nxp/mcuxpressoide_11.7.1_9221/ide/plugins/com.nxp.mcuxpresso.tools.win32_11.7.1.202301190959/tools/bin/../lib/gcc/arm-none-eabi/10.3.1/../../../../arm-none-eabi/lib/thumb/v7e-m+fp/hard\libcr_c.a(ftell.o)
                0x60005f38                ftell
 .text.DbgConsole_PrintCallback
                0x60005f7c       0x66 ./utilities/fsl_debug_console.o
 .text.DbgConsole_Printf
                0x60005fe2       0x2c ./utilities/fsl_debug_console.o
                0x60005fe2                DbgConsole_Printf
 .text.PrintGetWidth
                0x6000600e       0x6a ./utilities/fsl_str.o
 .text.PrintGetPrecision
                0x60006078       0x8c ./utilities/fsl_str.o
 .text.PrintIsobpu
                0x60006104       0x38 ./utilities/fsl_str.o
 .text.PrintIsdi
                0x6000613c       0x2c ./utilities/fsl_str.o
 .text.PrintOutputdifFobpu
                0x60006168       0x44 ./utilities/fsl_str.o
 .text.PrintOutputxX
                0x600061ac       0x44 ./utilities/fsl_str.o
 .text.PrintIsfF
                0x600061f0       0x2c ./utilities/fsl_str.o
 .text.PrintIsxX
                0x6000621c       0x2c ./utilities/fsl_str.o
 .text.PrintFilterLengthFlag
                0x60006248       0x3e ./utilities/fsl_str.o
 .text.PrintGetRadixFromobpu
                0x60006286       0x40 ./utilities/fsl_str.o
 .text.ConvertRadixNumToString
                0x600062c6       0xc2 ./utilities/fsl_str.o
 .text.StrFormatPrintf
                0x60006388      0x2ac ./utilities/fsl_str.o
                0x60006388                StrFormatPrintf
 .text.DMA0_DMA16_IRQHandler
                0x60006634        0x8 ./startup/startup_mimxrt1062.o
                0x60006634                DMA0_DMA16_IRQHandler
 .text.DMA1_DMA17_IRQHandler
                0x6000663c        0x8 ./startup/startup_mimxrt1062.o
                0x6000663c                DMA1_DMA17_IRQHandler
 .text.DMA2_DMA18_IRQHandler
                0x60006644        0x8 ./startup/startup_mimxrt1062.o
                0x60006644                DMA2_DMA18_IRQHandler
 .text.DMA3_DMA19_IRQHandler
                0x6000664c        0x8 ./startup/startup_mimxrt1062.o
                0x6000664c                DMA3_DMA19_IRQHandler
 .text.DMA4_DMA20_IRQHandler
                0x60006654        0x8 ./startup/startup_mimxrt1062.o
                0x60006654                DMA4_DMA20_IRQHandler
 .text.DMA5_DMA21_IRQHandler
                0x6000665c        0x8 ./startup/startup_mimxrt1062.o
                0x6000665c                DMA5_DMA21_IRQHandler
 .text.DMA6_DMA22_IRQHandler
                0x60006664        0x8 ./startup/startup_mimxrt1062.o
                0x60006664                DMA6_DMA22_IRQHandler
 .text.DMA7_DMA23_IRQHandler
                0x6000666c        0x8 ./startup/startup_mimxrt1062.o
                0x6000666c                DMA7_DMA23_IRQHandler
 .text.DMA8_DMA24_IRQHandler
                0x60006674        0x8 ./startup/startup_mimxrt1062.o
                0x60006674                DMA8_DMA24_IRQHandler
 .text.DMA9_DMA25_IRQHandler
                0x6000667c        0x8 ./startup/startup_mimxrt1062.o
                0x6000667c                DMA9_DMA25_IRQHandler
 .text.DMA10_DMA26_IRQHandler
                0x60006684        0x8 ./startup/startup_mimxrt1062.o
                0x60006684                DMA10_DMA26_IRQHandler
 .text.DMA11_DMA27_IRQHandler
                0x6000668c        0x8 ./startup/startup_mimxrt1062.o
                0x6000668c                DMA11_DMA27_IRQHandler
 .text.DMA12_DMA28_IRQHandler
                0x60006694        0x8 ./startup/startup_mimxrt1062.o
                0x60006694                DMA12_DMA28_IRQHandler
 .text.DMA13_DMA29_IRQHandler
                0x6000669c        0x8 ./startup/startup_mimxrt1062.o
                0x6000669c                DMA13_DMA29_IRQHandler
 .text.DMA14_DMA30_IRQHandler
                0x600066a4        0x8 ./startup/startup_mimxrt1062.o
                0x600066a4                DMA14_DMA30_IRQHandler
 .text.DMA15_DMA31_IRQHandler
                0x600066ac        0x8 ./startup/startup_mimxrt1062.o
                0x600066ac                DMA15_DMA31_IRQHandler
 .text.DMA_ERROR_IRQHandler
                0x600066b4        0x8 ./startup/startup_mimxrt1062.o
                0x600066b4                DMA_ERROR_IRQHandler
 .text.CTI0_ERROR_IRQHandler
                0x600066bc        0x8 ./startup/startup_mimxrt1062.o
                0x600066bc                CTI0_ERROR_IRQHandler
 .text.CTI1_ERROR_IRQHandler
                0x600066c4        0x8 ./startup/startup_mimxrt1062.o
                0x600066c4                CTI1_ERROR_IRQHandler
 .text.CORE_IRQHandler
                0x600066cc        0x8 ./startup/startup_mimxrt1062.o
                0x600066cc                CORE_IRQHandler
 .text.LPUART1_IRQHandler
                0x600066d4        0x8 ./startup/startup_mimxrt1062.o
                0x600066d4                LPUART1_IRQHandler
 .text.LPUART2_IRQHandler
                0x600066dc        0x8 ./startup/startup_mimxrt1062.o
                0x600066dc                LPUART2_IRQHandler
 .text.LPUART3_IRQHandler
                0x600066e4        0x8 ./startup/startup_mimxrt1062.o
                0x600066e4                LPUART3_IRQHandler
 .text.LPUART4_IRQHandler
                0x600066ec        0x8 ./startup/startup_mimxrt1062.o
                0x600066ec                LPUART4_IRQHandler
 .text.LPUART5_IRQHandler
                0x600066f4        0x8 ./startup/startup_mimxrt1062.o
                0x600066f4                LPUART5_IRQHandler
 .text.LPUART6_IRQHandler
                0x600066fc        0x8 ./startup/startup_mimxrt1062.o
                0x600066fc                LPUART6_IRQHandler
 .text.LPUART7_IRQHandler
                0x60006704        0x8 ./startup/startup_mimxrt1062.o
                0x60006704                LPUART7_IRQHandler
 .text.LPUART8_IRQHandler
                0x6000670c        0x8 ./startup/startup_mimxrt1062.o
                0x6000670c                LPUART8_IRQHandler
 .text.LPI2C2_IRQHandler
                0x60006714        0x8 ./startup/startup_mimxrt1062.o
                0x60006714                LPI2C2_IRQHandler
 .text.LPI2C4_IRQHandler
                0x6000671c        0x8 ./startup/startup_mimxrt1062.o
                0x6000671c                LPI2C4_IRQHandler
 .text.LPSPI1_IRQHandler
                0x60006724        0x8 ./startup/startup_mimxrt1062.o
                0x60006724                LPSPI1_IRQHandler
 .text.LPSPI2_IRQHandler
                0x6000672c        0x8 ./startup/startup_mimxrt1062.o
                0x6000672c                LPSPI2_IRQHandler
 .text.LPSPI3_IRQHandler
                0x60006734        0x8 ./startup/startup_mimxrt1062.o
                0x60006734                LPSPI3_IRQHandler
 .text.LPSPI4_IRQHandler
                0x6000673c        0x8 ./startup/startup_mimxrt1062.o
                0x6000673c                LPSPI4_IRQHandler
 .text.CAN1_IRQHandler
                0x60006744        0x8 ./startup/startup_mimxrt1062.o
                0x60006744                CAN1_IRQHandler
 .text.CAN2_IRQHandler
                0x6000674c        0x8 ./startup/startup_mimxrt1062.o
                0x6000674c                CAN2_IRQHandler
 .text.FLEXRAM_IRQHandler
                0x60006754        0x8 ./startup/startup_mimxrt1062.o
                0x60006754                FLEXRAM_IRQHandler
 .text.KPP_IRQHandler
                0x6000675c        0x8 ./startup/startup_mimxrt1062.o
                0x6000675c                KPP_IRQHandler
 .text.TSC_DIG_IRQHandler
                0x60006764        0x8 ./startup/startup_mimxrt1062.o
                0x60006764                TSC_DIG_IRQHandler
 .text.GPR_IRQ_IRQHandler
                0x6000676c        0x8 ./startup/startup_mimxrt1062.o
                0x6000676c                GPR_IRQ_IRQHandler
 .text.LCDIF_IRQHandler
                0x60006774        0x8 ./startup/startup_mimxrt1062.o
                0x60006774                LCDIF_IRQHandler
 .text.CSI_IRQHandler
                0x6000677c        0x8 ./startup/startup_mimxrt1062.o
                0x6000677c                CSI_IRQHandler
 .text.PXP_IRQHandler
                0x60006784        0x8 ./startup/startup_mimxrt1062.o
                0x60006784                PXP_IRQHandler
 .text.WDOG2_IRQHandler
                0x6000678c        0x8 ./startup/startup_mimxrt1062.o
                0x6000678c                WDOG2_IRQHandler
 .text.SNVS_HP_WRAPPER_IRQHandler
                0x60006794        0x8 ./startup/startup_mimxrt1062.o
                0x60006794                SNVS_HP_WRAPPER_IRQHandler
 .text.SNVS_HP_WRAPPER_TZ_IRQHandler
                0x6000679c        0x8 ./startup/startup_mimxrt1062.o
                0x6000679c                SNVS_HP_WRAPPER_TZ_IRQHandler
 .text.SNVS_LP_WRAPPER_IRQHandler
                0x600067a4        0x8 ./startup/startup_mimxrt1062.o
                0x600067a4                SNVS_LP_WRAPPER_IRQHandler
 .text.CSU_IRQHandler
                0x600067ac        0x8 ./startup/startup_mimxrt1062.o
                0x600067ac                CSU_IRQHandler
 .text.DCP_IRQHandler
                0x600067b4        0x8 ./startup/startup_mimxrt1062.o
                0x600067b4                DCP_IRQHandler
 .text.DCP_VMI_IRQHandler
                0x600067bc        0x8 ./startup/startup_mimxrt1062.o
                0x600067bc                DCP_VMI_IRQHandler
 .text.Reserved68_IRQHandler
                0x600067c4        0x8 ./startup/startup_mimxrt1062.o
                0x600067c4                Reserved68_IRQHandler
 .text.TRNG_IRQHandler
                0x600067cc        0x8 ./startup/startup_mimxrt1062.o
                0x600067cc                TRNG_IRQHandler
 .text.SJC_IRQHandler
                0x600067d4        0x8 ./startup/startup_mimxrt1062.o
                0x600067d4                SJC_IRQHandler
 .text.BEE_IRQHandler
                0x600067dc        0x8 ./startup/startup_mimxrt1062.o
                0x600067dc                BEE_IRQHandler
 .text.SAI1_IRQHandler
                0x600067e4        0x8 ./startup/startup_mimxrt1062.o
                0x600067e4                SAI1_IRQHandler
 .text.SAI2_IRQHandler
                0x600067ec        0x8 ./startup/startup_mimxrt1062.o
                0x600067ec                SAI2_IRQHandler
 .text.SAI3_RX_IRQHandler
                0x600067f4        0x8 ./startup/startup_mimxrt1062.o
                0x600067f4                SAI3_RX_IRQHandler
 .text.SAI3_TX_IRQHandler
                0x600067fc        0x8 ./startup/startup_mimxrt1062.o
                0x600067fc                SAI3_TX_IRQHandler
 .text.SPDIF_IRQHandler
                0x60006804        0x8 ./startup/startup_mimxrt1062.o
                0x60006804                SPDIF_IRQHandler
 .text.PMU_EVENT_IRQHandler
                0x6000680c        0x8 ./startup/startup_mimxrt1062.o
                0x6000680c                PMU_EVENT_IRQHandler
 .text.Reserved78_IRQHandler
                0x60006814        0x8 ./startup/startup_mimxrt1062.o
                0x60006814                Reserved78_IRQHandler
 .text.TEMP_LOW_HIGH_IRQHandler
                0x6000681c        0x8 ./startup/startup_mimxrt1062.o
                0x6000681c                TEMP_LOW_HIGH_IRQHandler
 .text.TEMP_PANIC_IRQHandler
                0x60006824        0x8 ./startup/startup_mimxrt1062.o
                0x60006824                TEMP_PANIC_IRQHandler
 .text.USB_PHY1_IRQHandler
                0x6000682c        0x8 ./startup/startup_mimxrt1062.o
                0x6000682c                USB_PHY1_IRQHandler
 .text.USB_PHY2_IRQHandler
                0x60006834        0x8 ./startup/startup_mimxrt1062.o
                0x60006834                USB_PHY2_IRQHandler
 .text.ADC1_IRQHandler
                0x6000683c        0x8 ./startup/startup_mimxrt1062.o
                0x6000683c                ADC1_IRQHandler
 .text.ADC2_IRQHandler
                0x60006844        0x8 ./startup/startup_mimxrt1062.o
                0x60006844                ADC2_IRQHandler
 .text.DCDC_IRQHandler
                0x6000684c        0x8 ./startup/startup_mimxrt1062.o
                0x6000684c                DCDC_IRQHandler
 .text.Reserved86_IRQHandler
                0x60006854        0x8 ./startup/startup_mimxrt1062.o
                0x60006854                Reserved86_IRQHandler
 .text.GPIO10_Combined_0_31_IRQHandler
                0x6000685c        0x8 ./startup/startup_mimxrt1062.o
                0x6000685c                GPIO10_Combined_0_31_IRQHandler
 .text.GPIO1_INT0_IRQHandler
                0x60006864        0x8 ./startup/startup_mimxrt1062.o
                0x60006864                GPIO1_INT0_IRQHandler
 .text.GPIO1_INT1_IRQHandler
                0x6000686c        0x8 ./startup/startup_mimxrt1062.o
                0x6000686c                GPIO1_INT1_IRQHandler
 .text.GPIO1_INT2_IRQHandler
                0x60006874        0x8 ./startup/startup_mimxrt1062.o
                0x60006874                GPIO1_INT2_IRQHandler
 .text.GPIO1_INT3_IRQHandler
                0x6000687c        0x8 ./startup/startup_mimxrt1062.o
                0x6000687c                GPIO1_INT3_IRQHandler
 .text.GPIO1_INT4_IRQHandler
                0x60006884        0x8 ./startup/startup_mimxrt1062.o
                0x60006884                GPIO1_INT4_IRQHandler
 .text.GPIO1_INT5_IRQHandler
                0x6000688c        0x8 ./startup/startup_mimxrt1062.o
                0x6000688c                GPIO1_INT5_IRQHandler
 .text.GPIO1_INT6_IRQHandler
                0x60006894        0x8 ./startup/startup_mimxrt1062.o
                0x60006894                GPIO1_INT6_IRQHandler
 .text.GPIO1_INT7_IRQHandler
                0x6000689c        0x8 ./startup/startup_mimxrt1062.o
                0x6000689c                GPIO1_INT7_IRQHandler
 .text.GPIO1_Combined_0_15_IRQHandler
                0x600068a4        0x8 ./startup/startup_mimxrt1062.o
                0x600068a4                GPIO1_Combined_0_15_IRQHandler
 .text.GPIO1_Combined_16_31_IRQHandler
                0x600068ac        0x8 ./startup/startup_mimxrt1062.o
                0x600068ac                GPIO1_Combined_16_31_IRQHandler
 .text.GPIO2_Combined_0_15_IRQHandler
                0x600068b4        0x8 ./startup/startup_mimxrt1062.o
                0x600068b4                GPIO2_Combined_0_15_IRQHandler
 .text.GPIO2_Combined_16_31_IRQHandler
                0x600068bc        0x8 ./startup/startup_mimxrt1062.o
                0x600068bc                GPIO2_Combined_16_31_IRQHandler
 .text.GPIO3_Combined_0_15_IRQHandler
                0x600068c4        0x8 ./startup/startup_mimxrt1062.o
                0x600068c4                GPIO3_Combined_0_15_IRQHandler
 .text.GPIO3_Combined_16_31_IRQHandler
                0x600068cc        0x8 ./startup/startup_mimxrt1062.o
                0x600068cc                GPIO3_Combined_16_31_IRQHandler
 .text.GPIO4_Combined_0_15_IRQHandler
                0x600068d4        0x8 ./startup/startup_mimxrt1062.o
                0x600068d4                GPIO4_Combined_0_15_IRQHandler
 .text.GPIO4_Combined_16_31_IRQHandler
                0x600068dc        0x8 ./startup/startup_mimxrt1062.o
                0x600068dc                GPIO4_Combined_16_31_IRQHandler
 .text.GPIO5_Combined_0_15_IRQHandler
                0x600068e4        0x8 ./startup/startup_mimxrt1062.o
                0x600068e4                GPIO5_Combined_0_15_IRQHandler
 .text.GPIO5_Combined_16_31_IRQHandler
                0x600068ec        0x8 ./startup/startup_mimxrt1062.o
                0x600068ec                GPIO5_Combined_16_31_IRQHandler
 .text.FLEXIO1_IRQHandler
                0x600068f4        0x8 ./startup/startup_mimxrt1062.o
                0x600068f4                FLEXIO1_IRQHandler
 .text.FLEXIO2_IRQHandler
                0x600068fc        0x8 ./startup/startup_mimxrt1062.o
                0x600068fc                FLEXIO2_IRQHandler
 .text.WDOG1_IRQHandler
                0x60006904        0x8 ./startup/startup_mimxrt1062.o
                0x60006904                WDOG1_IRQHandler
 .text.RTWDOG_IRQHandler
                0x6000690c        0x8 ./startup/startup_mimxrt1062.o
                0x6000690c                RTWDOG_IRQHandler
 .text.EWM_IRQHandler
                0x60006914        0x8 ./startup/startup_mimxrt1062.o
                0x60006914                EWM_IRQHandler
 .text.CCM_1_IRQHandler
                0x6000691c        0x8 ./startup/startup_mimxrt1062.o
                0x6000691c                CCM_1_IRQHandler
 .text.CCM_2_IRQHandler
                0x60006924        0x8 ./startup/startup_mimxrt1062.o
                0x60006924                CCM_2_IRQHandler
 .text.GPC_IRQHandler
                0x6000692c        0x8 ./startup/startup_mimxrt1062.o
                0x6000692c                GPC_IRQHandler
 .text.SRC_IRQHandler
                0x60006934        0x8 ./startup/startup_mimxrt1062.o
                0x60006934                SRC_IRQHandler
 .text.Reserved115_IRQHandler
                0x6000693c        0x8 ./startup/startup_mimxrt1062.o
                0x6000693c                Reserved115_IRQHandler
 .text.GPT1_IRQHandler
                0x60006944        0x8 ./startup/startup_mimxrt1062.o
                0x60006944                GPT1_IRQHandler
 .text.GPT2_IRQHandler
                0x6000694c        0x8 ./startup/startup_mimxrt1062.o
                0x6000694c                GPT2_IRQHandler
 .text.PWM1_0_IRQHandler
                0x60006954        0x8 ./startup/startup_mimxrt1062.o
                0x60006954                PWM1_0_IRQHandler
 .text.PWM1_1_IRQHandler
                0x6000695c        0x8 ./startup/startup_mimxrt1062.o
                0x6000695c                PWM1_1_IRQHandler
 .text.PWM1_2_IRQHandler
                0x60006964        0x8 ./startup/startup_mimxrt1062.o
                0x60006964                PWM1_2_IRQHandler
 .text.PWM1_3_IRQHandler
                0x6000696c        0x8 ./startup/startup_mimxrt1062.o
                0x6000696c                PWM1_3_IRQHandler
 .text.PWM1_FAULT_IRQHandler
                0x60006974        0x8 ./startup/startup_mimxrt1062.o
                0x60006974                PWM1_FAULT_IRQHandler
 .text.FLEXSPI2_IRQHandler
                0x6000697c        0x8 ./startup/startup_mimxrt1062.o
                0x6000697c                FLEXSPI2_IRQHandler
 .text.FLEXSPI_IRQHandler
                0x60006984        0x8 ./startup/startup_mimxrt1062.o
                0x60006984                FLEXSPI_IRQHandler
 .text.SEMC_IRQHandler
                0x6000698c        0x8 ./startup/startup_mimxrt1062.o
                0x6000698c                SEMC_IRQHandler
 .text.USDHC1_IRQHandler
                0x60006994        0x8 ./startup/startup_mimxrt1062.o
                0x60006994                USDHC1_IRQHandler
 .text.USDHC2_IRQHandler
                0x6000699c        0x8 ./startup/startup_mimxrt1062.o
                0x6000699c                USDHC2_IRQHandler
 .text.USB_OTG2_IRQHandler
                0x600069a4        0x8 ./startup/startup_mimxrt1062.o
                0x600069a4                USB_OTG2_IRQHandler
 .text.USB_OTG1_IRQHandler
                0x600069ac        0x8 ./startup/startup_mimxrt1062.o
                0x600069ac                USB_OTG1_IRQHandler
 .text.ENET_IRQHandler
                0x600069b4        0x8 ./startup/startup_mimxrt1062.o
                0x600069b4                ENET_IRQHandler
 .text.ENET_1588_Timer_IRQHandler
                0x600069bc        0x8 ./startup/startup_mimxrt1062.o
                0x600069bc                ENET_1588_Timer_IRQHandler
 .text.XBAR1_IRQ_0_1_IRQHandler
                0x600069c4        0x8 ./startup/startup_mimxrt1062.o
                0x600069c4                XBAR1_IRQ_0_1_IRQHandler
 .text.XBAR1_IRQ_2_3_IRQHandler
                0x600069cc        0x8 ./startup/startup_mimxrt1062.o
                0x600069cc                XBAR1_IRQ_2_3_IRQHandler
 .text.ADC_ETC_IRQ0_IRQHandler
                0x600069d4        0x8 ./startup/startup_mimxrt1062.o
                0x600069d4                ADC_ETC_IRQ0_IRQHandler
 .text.ADC_ETC_IRQ1_IRQHandler
                0x600069dc        0x8 ./startup/startup_mimxrt1062.o
                0x600069dc                ADC_ETC_IRQ1_IRQHandler
 .text.ADC_ETC_IRQ2_IRQHandler
                0x600069e4        0x8 ./startup/startup_mimxrt1062.o
                0x600069e4                ADC_ETC_IRQ2_IRQHandler
 .text.ADC_ETC_ERROR_IRQ_IRQHandler
                0x600069ec        0x8 ./startup/startup_mimxrt1062.o
                0x600069ec                ADC_ETC_ERROR_IRQ_IRQHandler
 .text.PIT_IRQHandler
                0x600069f4        0x8 ./startup/startup_mimxrt1062.o
                0x600069f4                PIT_IRQHandler
 .text.ACMP1_IRQHandler
                0x600069fc        0x8 ./startup/startup_mimxrt1062.o
                0x600069fc                ACMP1_IRQHandler
 .text.ACMP2_IRQHandler
                0x60006a04        0x8 ./startup/startup_mimxrt1062.o
                0x60006a04                ACMP2_IRQHandler
 .text.ACMP3_IRQHandler
                0x60006a0c        0x8 ./startup/startup_mimxrt1062.o
                0x60006a0c                ACMP3_IRQHandler
 .text.ACMP4_IRQHandler
                0x60006a14        0x8 ./startup/startup_mimxrt1062.o
                0x60006a14                ACMP4_IRQHandler
 .text.Reserved143_IRQHandler
                0x60006a1c        0x8 ./startup/startup_mimxrt1062.o
                0x60006a1c                Reserved143_IRQHandler
 .text.Reserved144_IRQHandler
                0x60006a24        0x8 ./startup/startup_mimxrt1062.o
                0x60006a24                Reserved144_IRQHandler
 .text.ENC1_IRQHandler
                0x60006a2c        0x8 ./startup/startup_mimxrt1062.o
                0x60006a2c                ENC1_IRQHandler
 .text.ENC2_IRQHandler
                0x60006a34        0x8 ./startup/startup_mimxrt1062.o
                0x60006a34                ENC2_IRQHandler
 .text.ENC3_IRQHandler
                0x60006a3c        0x8 ./startup/startup_mimxrt1062.o
                0x60006a3c                ENC3_IRQHandler
 .text.ENC4_IRQHandler
                0x60006a44        0x8 ./startup/startup_mimxrt1062.o
                0x60006a44                ENC4_IRQHandler
 .text.TMR1_IRQHandler
                0x60006a4c        0x8 ./startup/startup_mimxrt1062.o
                0x60006a4c                TMR1_IRQHandler
 .text.TMR2_IRQHandler
                0x60006a54        0x8 ./startup/startup_mimxrt1062.o
                0x60006a54                TMR2_IRQHandler
 .text.TMR3_IRQHandler
                0x60006a5c        0x8 ./startup/startup_mimxrt1062.o
                0x60006a5c                TMR3_IRQHandler
 .text.TMR4_IRQHandler
                0x60006a64        0x8 ./startup/startup_mimxrt1062.o
                0x60006a64                TMR4_IRQHandler
 .text.PWM2_0_IRQHandler
                0x60006a6c        0x8 ./startup/startup_mimxrt1062.o
                0x60006a6c                PWM2_0_IRQHandler
 .text.PWM2_1_IRQHandler
                0x60006a74        0x8 ./startup/startup_mimxrt1062.o
                0x60006a74                PWM2_1_IRQHandler
 .text.PWM2_2_IRQHandler
                0x60006a7c        0x8 ./startup/startup_mimxrt1062.o
                0x60006a7c                PWM2_2_IRQHandler
 .text.PWM2_3_IRQHandler
                0x60006a84        0x8 ./startup/startup_mimxrt1062.o
                0x60006a84                PWM2_3_IRQHandler
 .text.PWM2_FAULT_IRQHandler
                0x60006a8c        0x8 ./startup/startup_mimxrt1062.o
                0x60006a8c                PWM2_FAULT_IRQHandler
 .text.PWM3_0_IRQHandler
                0x60006a94        0x8 ./startup/startup_mimxrt1062.o
                0x60006a94                PWM3_0_IRQHandler
 .text.PWM3_1_IRQHandler
                0x60006a9c        0x8 ./startup/startup_mimxrt1062.o
                0x60006a9c                PWM3_1_IRQHandler
 .text.PWM3_2_IRQHandler
                0x60006aa4        0x8 ./startup/startup_mimxrt1062.o
                0x60006aa4                PWM3_2_IRQHandler
 .text.PWM3_3_IRQHandler
                0x60006aac        0x8 ./startup/startup_mimxrt1062.o
                0x60006aac                PWM3_3_IRQHandler
 .text.PWM3_FAULT_IRQHandler
                0x60006ab4        0x8 ./startup/startup_mimxrt1062.o
                0x60006ab4                PWM3_FAULT_IRQHandler
 .text.PWM4_0_IRQHandler
                0x60006abc        0x8 ./startup/startup_mimxrt1062.o
                0x60006abc                PWM4_0_IRQHandler
 .text.PWM4_1_IRQHandler
                0x60006ac4        0x8 ./startup/startup_mimxrt1062.o
                0x60006ac4                PWM4_1_IRQHandler
 .text.PWM4_2_IRQHandler
                0x60006acc        0x8 ./startup/startup_mimxrt1062.o
                0x60006acc                PWM4_2_IRQHandler
 .text.PWM4_3_IRQHandler
                0x60006ad4        0x8 ./startup/startup_mimxrt1062.o
                0x60006ad4                PWM4_3_IRQHandler
 .text.PWM4_FAULT_IRQHandler
                0x60006adc        0x8 ./startup/startup_mimxrt1062.o
                0x60006adc                PWM4_FAULT_IRQHandler
 .text.ENET2_IRQHandler
                0x60006ae4        0x8 ./startup/startup_mimxrt1062.o
                0x60006ae4                ENET2_IRQHandler
 .text.ENET2_1588_Timer_IRQHandler
                0x60006aec        0x8 ./startup/startup_mimxrt1062.o
                0x60006aec                ENET2_1588_Timer_IRQHandler
 .text.CAN3_IRQHandler
                0x60006af4        0x8 ./startup/startup_mimxrt1062.o
                0x60006af4                CAN3_IRQHandler
 .text.Reserved171_IRQHandler
                0x60006afc        0x8 ./startup/startup_mimxrt1062.o
                0x60006afc                Reserved171_IRQHandler
 .text.FLEXIO3_IRQHandler
                0x60006b04        0x8 ./startup/startup_mimxrt1062.o
                0x60006b04                FLEXIO3_IRQHandler
 .text.GPIO6_7_8_9_IRQHandler
                0x60006b0c        0x8 ./startup/startup_mimxrt1062.o
                0x60006b0c                GPIO6_7_8_9_IRQHandler
 .text.EnableIRQ
                0x60006b14       0x32 ./source/new_project.o
 .text.LPI2C_MasterGetStatusFlags
                0x60006b46       0x18 ./source/new_project.o
 .text.LPI2C_MasterEnableInterrupts
                0x60006b5e       0x22 ./source/new_project.o
 .text.LPI2C_MasterDisableInterrupts
                0x60006b80       0x24 ./source/new_project.o
 .text.LPI2C_SlaveGetStatusFlags
                0x60006ba4       0x1a ./source/new_project.o
 .text.LPI2C_SlaveEnableInterrupts
                0x60006bbe       0x26 ./source/new_project.o
 .text.LPI2C_SlaveDisableInterrupts
                0x60006be4       0x28 ./source/new_project.o
 .text.HardFault_Handler
                0x60006c0c       0x2c ./source/semihost_hardfault.o
                0x60006c0c                HardFault_Handler
 .text.CLOCK_GetRtcFreq
                0x60006c38       0x12 ./drivers/fsl_clock.o
 .text.CLOCK_IsPllBypassed
                0x60006c4a       0x32 ./drivers/fsl_clock.o
 .text.CLOCK_IsPllEnabled
                0x60006c7c       0x3c ./drivers/fsl_clock.o
 .text.CLOCK_GetPllBypassRefClk
                0x60006cb8       0x34 ./drivers/fsl_clock.o
 .text._SDK_AtomicLocalClearAndSet4Byte
                0x60006cec       0x50 ./drivers/fsl_lpi2c.o
 .text.CLOCK_EnableClock
                0x60006d3c       0x1e ./drivers/fsl_lpi2c.o
 .text.LPI2C_MasterReset
                0x60006d5a       0x20 ./drivers/fsl_lpi2c.o
 .text.LPI2C_MasterEnable
                0x60006d7a       0x28 ./drivers/fsl_lpi2c.o
 .text.LPI2C_MasterGetStatusFlags
                0x60006da2       0x18 ./drivers/fsl_lpi2c.o
 .text.LPI2C_MasterClearStatusFlags
                0x60006dba       0x1c ./drivers/fsl_lpi2c.o
 .text.LPI2C_MasterSetWatermarks
                0x60006dd6       0x2c ./drivers/fsl_lpi2c.o
 .text.LPI2C_MasterGetFifoCounts
                0x60006e02       0x3e ./drivers/fsl_lpi2c.o
 .text.LPI2C_SlaveReset
                0x60006e40       0x24 ./drivers/fsl_lpi2c.o
 .text.LPI2C_MasterCheckAndClearError
                0x60006e64       0x80 ./drivers/fsl_lpi2c.o
                0x60006e64                LPI2C_MasterCheckAndClearError
 .text.LPI2C_MasterWaitForTxReady
                0x60006ee4       0x52 ./drivers/fsl_lpi2c.o
 .text.LPI2C_CheckForBusyBus
                0x60006f36       0x38 ./drivers/fsl_lpi2c.o
                0x60006f36                LPI2C_CheckForBusyBus
 .text.LPI2C_MasterStart
                0x60006f6e       0x5c ./drivers/fsl_lpi2c.o
                0x60006f6e                LPI2C_MasterStart
 .text.LPI2C_MasterStop
                0x60006fca       0x62 ./drivers/fsl_lpi2c.o
                0x60006fca                LPI2C_MasterStop
 .text.LPI2C_SlaveGetDefaultConfig
                0x6000702c       0x80 ./drivers/fsl_lpi2c.o
                0x6000702c                LPI2C_SlaveGetDefaultConfig
 .text._SDK_AtomicLocalClearAndSet4Byte
                0x600070ac       0x50 ./drivers/fsl_lpuart.o
 .text.CLOCK_EnableClock
                0x600070fc       0x1e ./drivers/fsl_lpuart.o
 .text.LPUART_SoftwareReset
                0x6000711a       0x2c ./drivers/fsl_lpuart.o
 .text.SystemInitHook
                0x60007146        0xe ./device/system_MIMXRT1062.o
                0x60007146                SystemInitHook
 .text.HAL_UartGetStatus
                0x60007154       0x28 ./component/uart/fsl_adapter_lpuart.o
 .text.DisableGlobalIRQ
                0x6000717c       0x22 ./component/serial_manager/fsl_component_serial_manager.o
 .text.EnableGlobalIRQ
                0x6000719e       0x20 ./component/serial_manager/fsl_component_serial_manager.o
 .text.SerialManager_StartWriting
                0x600071be       0x38 ./component/serial_manager/fsl_component_serial_manager.o
 .text.SerialManager_Write
                0x600071f6       0x44 ./component/serial_manager/fsl_component_serial_manager.o
 .text.SerialManager_Init
                0x6000723a       0x60 ./component/serial_manager/fsl_component_serial_manager.o
                0x6000723a                SerialManager_Init
 .text.SerialManager_OpenWriteHandle
                0x6000729a       0x50 ./component/serial_manager/fsl_component_serial_manager.o
                0x6000729a                SerialManager_OpenWriteHandle
 .text.SerialManager_OpenReadHandle
                0x600072ea       0x60 ./component/serial_manager/fsl_component_serial_manager.o
                0x600072ea                SerialManager_OpenReadHandle
 .text.SerialManager_WriteBlocking
                0x6000734a       0x20 ./component/serial_manager/fsl_component_serial_manager.o
                0x6000734a                SerialManager_WriteBlocking
 .text.Serial_UartInit
                0x6000736a       0x3e ./component/serial_manager/fsl_component_serial_port_uart.o
                0x6000736a                Serial_UartInit
 .text.Serial_UartWrite
                0x600073a8       0x38 ./component/serial_manager/fsl_component_serial_port_uart.o
                0x600073a8                Serial_UartWrite
 .text.BOARD_InitDebugConsole
                0x600073e0       0x22 ./board/board.o
                0x600073e0                BOARD_InitDebugConsole
 .text._SDK_AtomicLocalClearAndSet4Byte
                0x60007402       0x50 ./board/clock_config.o
 .text.CLOCK_DisableClock
                0x60007452       0x1e ./board/clock_config.o
 .text.CLOCK_SetPllBypass
                0x60007470       0x4e ./board/clock_config.o
 .text.IOMUXC_SetSaiMClkClockSource
                0x600074be       0x6c ./board/clock_config.o
 .text.BOARD_InitBootClocks
                0x6000752a        0xc ./board/clock_config.o
                0x6000752a                BOARD_InitBootClocks
 .text._SDK_AtomicLocalClearAndSet4Byte
                0x60007536       0x50 ./board/pin_mux.o
 .text.CLOCK_EnableClock
                0x60007586       0x1e ./board/pin_mux.o
 .text.IOMUXC_SetPinMux
                0x600075a4       0x3a ./board/pin_mux.o
 .text.IOMUXC_SetPinConfig
                0x600075de       0x26 ./board/pin_mux.o
 .text.BOARD_InitBootPins
                0x60007604       0x10 ./board/pin_mux.o
                0x60007604                BOARD_InitBootPins
 .text.__main   0x60007614        0xe c:/nxp/mcuxpressoide_11.7.1_9221/ide/plugins/com.nxp.mcuxpresso.tools.win32_11.7.1.202301190959/tools/bin/../lib/gcc/arm-none-eabi/10.3.1/../../../../arm-none-eabi/lib/thumb/v7e-m+fp/hard\libcr_nohost_nf.a(_cr__main.o)
                0x60007614                __main
 .text.memcpy   0x60007622        0x4 c:/nxp/mcuxpressoide_11.7.1_9221/ide/plugins/com.nxp.mcuxpresso.tools.win32_11.7.1.202301190959/tools/bin/../lib/gcc/arm-none-eabi/10.3.1/../../../../arm-none-eabi/lib/thumb/v7e-m+fp/hard\libcr_c.a(memcpy.o)
                0x60007622                memcpy
 .text.memset   0x60007626        0x4 c:/nxp/mcuxpressoide_11.7.1_9221/ide/plugins/com.nxp.mcuxpresso.tools.win32_11.7.1.202301190959/tools/bin/../lib/gcc/arm-none-eabi/10.3.1/../../../../arm-none-eabi/lib/thumb/v7e-m+fp/hard\libcr_c.a(memset.o)
                0x60007626                memset
 .text.free     0x6000762a       0x30 c:/nxp/mcuxpressoide_11.7.1_9221/ide/plugins/com.nxp.mcuxpresso.tools.win32_11.7.1.202301190959/tools/bin/../lib/gcc/arm-none-eabi/10.3.1/../../../../arm-none-eabi/lib/thumb/v7e-m+fp/hard\libcr_c.a(alloc.o)
                0x6000762a                free
 .text.setvbuf  0x6000765a       0x3e c:/nxp/mcuxpressoide_11.7.1_9221/ide/plugins/com.nxp.mcuxpresso.tools.win32_11.7.1.202301190959/tools/bin/../lib/gcc/arm-none-eabi/10.3.1/../../../../arm-none-eabi/lib/thumb/v7e-m+fp/hard\libcr_c.a(setvbuf.o)
                0x6000765a                setvbuf
 .text.strlen   0x60007698       0x48 c:/nxp/mcuxpressoide_11.7.1_9221/ide/plugins/com.nxp.mcuxpresso.tools.win32_11.7.1.202301190959/tools/bin/../lib/gcc/arm-none-eabi/10.3.1/../../../../arm-none-eabi/lib/thumb/v7e-m+fp/hard\libcr_c.a(strlen.o)
                0x60007698                strlen
 .text._deferredlazyseek
                0x600076e0       0x40 c:/nxp/mcuxpressoide_11.7.1_9221/ide/plugins/com.nxp.mcuxpresso.tools.win32_11.7.1.202301190959/tools/bin/../lib/gcc/arm-none-eabi/10.3.1/../../../../arm-none-eabi/lib/thumb/v7e-m+fp/hard\libcr_c.a(_deferredlazyseek.o)
                0x600076e0                _deferredlazyseek
 .text._fdopen  0x60007720       0x68 c:/nxp/mcuxpressoide_11.7.1_9221/ide/plugins/com.nxp.mcuxpresso.tools.win32_11.7.1.202301190959/tools/bin/../lib/gcc/arm-none-eabi/10.3.1/../../../../arm-none-eabi/lib/thumb/v7e-m+fp/hard\libcr_c.a(_fdopen.o)
                0x60007720                _fdopen
 .text._fflush  0x60007788       0x52 c:/nxp/mcuxpressoide_11.7.1_9221/ide/plugins/com.nxp.mcuxpresso.tools.win32_11.7.1.202301190959/tools/bin/../lib/gcc/arm-none-eabi/10.3.1/../../../../arm-none-eabi/lib/thumb/v7e-m+fp/hard\libcr_c.a(_fflush.o)
                0x60007788                _fflush
 .text.fclose   0x600077da       0x58 c:/nxp/mcuxpressoide_11.7.1_9221/ide/plugins/com.nxp.mcuxpresso.tools.win32_11.7.1.202301190959/tools/bin/../lib/gcc/arm-none-eabi/10.3.1/../../../../arm-none-eabi/lib/thumb/v7e-m+fp/hard\libcr_c.a(fclose.o)
                0x600077da                fclose
 .text.remove   0x60007832       0x14 c:/nxp/mcuxpressoide_11.7.1_9221/ide/plugins/com.nxp.mcuxpresso.tools.win32_11.7.1.202301190959/tools/bin/../lib/gcc/arm-none-eabi/10.3.1/../../../../arm-none-eabi/lib/thumb/v7e-m+fp/hard\libcr_c.a(remove.o)
                0x60007832                remove
 .text._do_fflush
                0x60007846       0x40 c:/nxp/mcuxpressoide_11.7.1_9221/ide/plugins/com.nxp.mcuxpresso.tools.win32_11.7.1.202301190959/tools/bin/../lib/gcc/arm-none-eabi/10.3.1/../../../../arm-none-eabi/lib/thumb/v7e-m+fp/hard\libcr_c.a(_do_fflush.o)
                0x60007846                _do_fflush
 .text.__aeabi_division_uldivmod
                0x60007886      0x174 c:/nxp/mcuxpressoide_11.7.1_9221/ide/plugins/com.nxp.mcuxpresso.tools.win32_11.7.1.202301190959/tools/bin/../lib/gcc/arm-none-eabi/10.3.1/thumb/v7e-m+fp/hard\libcr_eabihelpers.a(division_64.o)
                0x60007886                __aeabi_uldivmod
                0x6000788a                __bhs_ldivmod1
 .text.__aeabi_division_idiv0
                0x600079fa        0x2 c:/nxp/mcuxpressoide_11.7.1_9221/ide/plugins/com.nxp.mcuxpresso.tools.win32_11.7.1.202301190959/tools/bin/../lib/gcc/arm-none-eabi/10.3.1/thumb/v7e-m+fp/hard\libcr_eabihelpers.a(division_idiv0.o)
                0x600079fa                __aeabi_idiv0
 .text.__aeabi_memcpy
                0x600079fc       0x34 c:/nxp/mcuxpressoide_11.7.1_9221/ide/plugins/com.nxp.mcuxpresso.tools.win32_11.7.1.202301190959/tools/bin/../lib/gcc/arm-none-eabi/10.3.1/thumb/v7e-m+fp/hard\libcr_eabihelpers.a(memcpy.o)
                0x600079fc                __aeabi_memcpy
                0x60007a06                __aeabi_memcpy8
                0x60007a06                __aeabi_memcpy4
 .text.__aeabi_memset_lowlevel
                0x60007a30       0x32 c:/nxp/mcuxpressoide_11.7.1_9221/ide/plugins/com.nxp.mcuxpresso.tools.win32_11.7.1.202301190959/tools/bin/../lib/gcc/arm-none-eabi/10.3.1/thumb/v7e-m+fp/hard\libcr_eabihelpers.a(memcpy.o)
                0x60007a30                __aeabi_lowlevel_memset
 .text.__sys_close
                0x60007a62        0x6 c:/nxp/mcuxpressoide_11.7.1_9221/ide/plugins/com.nxp.mcuxpresso.tools.win32_11.7.1.202301190959/tools/bin/../lib/gcc/arm-none-eabi/10.3.1/../../../../arm-none-eabi/lib/thumb/v7e-m+fp/hard\libcr_nohost_nf.a(__sys_close.o)
                0x60007a62                __sys_close
 .text.__sys_flen
                0x60007a68        0x6 c:/nxp/mcuxpressoide_11.7.1_9221/ide/plugins/com.nxp.mcuxpresso.tools.win32_11.7.1.202301190959/tools/bin/../lib/gcc/arm-none-eabi/10.3.1/../../../../arm-none-eabi/lib/thumb/v7e-m+fp/hard\libcr_nohost_nf.a(__sys_flen.o)
                0x60007a68                __sys_flen
 .text.__sys_istty
                0x60007a6e        0x6 c:/nxp/mcuxpressoide_11.7.1_9221/ide/plugins/com.nxp.mcuxpresso.tools.win32_11.7.1.202301190959/tools/bin/../lib/gcc/arm-none-eabi/10.3.1/../../../../arm-none-eabi/lib/thumb/v7e-m+fp/hard\libcr_nohost_nf.a(__sys_istty.o)
                0x60007a6e                __sys_istty
 .text.__sys_remove
                0x60007a74        0x6 c:/nxp/mcuxpressoide_11.7.1_9221/ide/plugins/com.nxp.mcuxpresso.tools.win32_11.7.1.202301190959/tools/bin/../lib/gcc/arm-none-eabi/10.3.1/../../../../arm-none-eabi/lib/thumb/v7e-m+fp/hard\libcr_nohost_nf.a(__sys_remove.o)
                0x60007a74                __sys_remove
 .text.__sys_seek
                0x60007a7a        0x6 c:/nxp/mcuxpressoide_11.7.1_9221/ide/plugins/com.nxp.mcuxpresso.tools.win32_11.7.1.202301190959/tools/bin/../lib/gcc/arm-none-eabi/10.3.1/../../../../arm-none-eabi/lib/thumb/v7e-m+fp/hard\libcr_nohost_nf.a(__sys_seek.o)
                0x60007a7a                __sys_seek
 .text.__sys_tmpnam
                0x60007a80        0x6 c:/nxp/mcuxpressoide_11.7.1_9221/ide/plugins/com.nxp.mcuxpresso.tools.win32_11.7.1.202301190959/tools/bin/../lib/gcc/arm-none-eabi/10.3.1/../../../../arm-none-eabi/lib/thumb/v7e-m+fp/hard\libcr_nohost_nf.a(__sys_tmpnam.o)
                0x60007a80                __sys_tmpnam
 .text.__sys_write
                0x60007a86        0x4 c:/nxp/mcuxpressoide_11.7.1_9221/ide/plugins/com.nxp.mcuxpresso.tools.win32_11.7.1.202301190959/tools/bin/../lib/gcc/arm-none-eabi/10.3.1/../../../../arm-none-eabi/lib/thumb/v7e-m+fp/hard\libcr_nohost_nf.a(__sys_write.o)
                0x60007a86                __sys_write
 *freertos*/tasks.o(SORT_BY_ALIGNMENT(.rodata*))
 *fill*         0x60007a8a        0x2 ff
 .rodata.vTaskStartScheduler.str1.4
                0x60007a8c        0x5 ./freertos/freertos-kernel/tasks.o
 *(SORT_BY_ALIGNMENT(.rodata) SORT_BY_ALIGNMENT(.rodata.*) SORT_BY_ALIGNMENT(.constdata) SORT_BY_ALIGNMENT(.constdata.*))
 *fill*         0x60007a91        0x3 ff
 .rodata.__assertion_failed.str1.4
                0x60007a94       0x14 ./utilities/fsl_assert.o
 .rodata.CLOCK_SetMux.str1.4
                0x60007aa8       0x6a ./source/new_project.o
 *fill*         0x60007b12        0x2 ff
 .rodata.CLOCK_SetDiv.str1.4
                0x60007b14       0x6a ./source/new_project.o
 *fill*         0x60007b7e        0x2 ff
 .rodata.main.str1.4
                0x60007b80       0xcf ./source/new_project.o
                                 0xd3 (size before relaxing)
 *fill*         0x60007c4f        0x1 ff
 .rodata.CLOCK_InitExternalClk.str1.4
                0x60007c50       0x21 ./drivers/fsl_clock.o
 *fill*         0x60007c71        0x3 ff
 .rodata.CLOCK_GetPllFreq.str1.4
                0x60007c74       0x6d ./drivers/fsl_clock.o
 *fill*         0x60007ce1        0x3 ff
 .rodata.enetRefClkFreq.1
                0x60007ce4       0x10 ./drivers/fsl_clock.o
 .rodata.CLOCK_ControlGate.str1.4
                0x60007cf4       0x20 ./drivers/fsl_lpi2c.o
 .rodata.kLpi2cBases
                0x60007d14       0x14 ./drivers/fsl_lpi2c.o
 .rodata.kLpi2cClocks
                0x60007d28        0xa ./drivers/fsl_lpi2c.o
 *fill*         0x60007d32        0x2 ff
 .rodata.LPI2C_GetInstance.str1.4
                0x60007d34       0x35 ./drivers/fsl_lpi2c.o
 *fill*         0x60007d69        0x3 ff
 .rodata.LPI2C_GetCyclesForWidth.str1.4
                0x60007d6c       0x26 ./drivers/fsl_lpi2c.o
 *fill*         0x60007d92        0x2 ff
 .rodata.LPI2C_MasterSend.str1.4
                0x60007d94       0x21 ./drivers/fsl_lpi2c.o
 .rodata.CLOCK_ControlGate.str1.4
                0x60007db5       0x20 ./drivers/fsl_lpuart.o
 *fill*         0x60007db5        0x3 ff
 .rodata.s_lpuartBases
                0x60007db8       0x24 ./drivers/fsl_lpuart.o
 .rodata.s_lpuartClock
                0x60007ddc       0x12 ./drivers/fsl_lpuart.o
 *fill*         0x60007dee        0x2 ff
 .rodata.LPUART_GetInstance.str1.4
                0x60007df0       0x38 ./drivers/fsl_lpuart.o
 .rodata.LPUART_Init.str1.4
                0x60007e28      0x10a ./drivers/fsl_lpuart.o
 *fill*         0x60007f32        0x2 ff
 .rodata.LPUART_GetDefaultConfig.str1.4
                0x60007f34       0x22 ./drivers/fsl_lpuart.o
 *fill*         0x60007f56        0x2 ff
 .rodata.LPUART_WriteBlocking.str1.4
                0x60007f58       0x20 ./drivers/fsl_lpuart.o
 .rodata.s_LpuartAdapterBase
                0x60007f78       0x24 ./component/uart/fsl_adapter_lpuart.o
 .rodata.HAL_UartInit.str1.4
                0x60007f9c      0x105 ./component/uart/fsl_adapter_lpuart.o
 *fill*         0x600080a1        0x3 ff
 .rodata.HAL_UartSendBlocking.str1.4
                0x600080a4       0x7b ./component/uart/fsl_adapter_lpuart.o
 *fill*         0x6000811f        0x1 ff
 .rodata.BOARD_ConfigMPU.str1.4
                0x60008120       0x69 ./board/board.o
 .rodata.CLOCK_SetMux.str1.4
                0x60008189       0x6a ./board/clock_config.o
 .rodata.CLOCK_SetDiv.str1.4
                0x60008189       0x6a ./board/clock_config.o
 *fill*         0x60008189        0x3 ff
 .rodata.CLOCK_ControlGate.str1.4
                0x6000818c       0x59 ./board/clock_config.o
 *fill*         0x600081e5        0x3 ff
 .rodata.armPllConfig_BOARD_BootClockRUN
                0x600081e8        0x8 ./board/clock_config.o
                0x600081e8                armPllConfig_BOARD_BootClockRUN
 .rodata.sysPllConfig_BOARD_BootClockRUN
                0x600081f0       0x14 ./board/clock_config.o
                0x600081f0                sysPllConfig_BOARD_BootClockRUN
 .rodata.CLOCK_ControlGate.str1.4
                0x60008204       0x59 ./board/pin_mux.o
 .rodata.__num_Ciob_streams
                0x60008204        0x4 c:/nxp/mcuxpressoide_11.7.1_9221/ide/plugins/com.nxp.mcuxpresso.tools.win32_11.7.1.202301190959/tools/bin/../lib/gcc/arm-none-eabi/10.3.1/../../../../arm-none-eabi/lib/thumb/v7e-m+fp/hard\libcr_nohost_nf.a(__ciob.o)
                0x60008204                __num_Ciob_streams
 .rodata._initio.str1.1
                0x60008208        0x4 c:/nxp/mcuxpressoide_11.7.1_9221/ide/plugins/com.nxp.mcuxpresso.tools.win32_11.7.1.202301190959/tools/bin/../lib/gcc/arm-none-eabi/10.3.1/../../../../arm-none-eabi/lib/thumb/v7e-m+fp/hard\libcr_c.a(initio.o)
                0x60008260                . = ALIGN (0x4)

.glue_7         0x6000820c        0x0
 .glue_7        0x6000820c        0x0 linker stubs

.glue_7t        0x6000820c        0x0
 .glue_7t       0x6000820c        0x0 linker stubs

.vfp11_veneer   0x6000820c        0x0
 .vfp11_veneer  0x6000820c        0x0 linker stubs

.v4_bx          0x6000820c        0x0
 .v4_bx         0x6000820c        0x0 linker stubs

.iplt           0x6000820c        0x0
 .iplt          0x6000820c        0x0 ./xip/fsl_flexspi_nor_boot.o

.rel.dyn        0x6000820c        0x0
 .rel.iplt      0x6000820c        0x0 ./xip/fsl_flexspi_nor_boot.o

.ARM.extab
 *(SORT_BY_ALIGNMENT(.ARM.extab*) SORT_BY_ALIGNMENT(.gnu.linkonce.armextab.*))

.ARM.exidx      0x6000820c        0x0
                0x6000820c                __exidx_start = .
 *(SORT_BY_ALIGNMENT(.ARM.exidx*) SORT_BY_ALIGNMENT(.gnu.linkonce.armexidx.*))
                0x6000820c                __exidx_end = .
                0x6000820c                _etext = .

.data_RAM2      0x00000000        0x0 load address 0x6000820c
 FILL mask 0xff
                [!provide]                PROVIDE (__start_data_RAM2 = .)
                [!provide]                PROVIDE (__start_data_SRAM_ITC = .)
 *(SORT_BY_ALIGNMENT(.ramfunc.$RAM2))
 *(SORT_BY_ALIGNMENT(.ramfunc.$SRAM_ITC))
 *(SORT_BY_ALIGNMENT(.data.$RAM2))
 *(SORT_BY_ALIGNMENT(.data.$SRAM_ITC))
 *(SORT_BY_ALIGNMENT(.data.$RAM2.*))
 *(SORT_BY_ALIGNMENT(.data.$SRAM_ITC.*))
                0x00000000                . = ALIGN (0x4)
                [!provide]                PROVIDE (__end_data_RAM2 = .)
                [!provide]                PROVIDE (__end_data_SRAM_ITC = .)

.data_RAM3      0x20200000        0x0 load address 0x6000820c
 FILL mask 0xff
                [!provide]                PROVIDE (__start_data_RAM3 = .)
                [!provide]                PROVIDE (__start_data_SRAM_OC2 = .)
 *(SORT_BY_ALIGNMENT(.ramfunc.$RAM3))
 *(SORT_BY_ALIGNMENT(.ramfunc.$SRAM_OC2))
 *(SORT_BY_ALIGNMENT(.data.$RAM3))
 *(SORT_BY_ALIGNMENT(.data.$SRAM_OC2))
 *(SORT_BY_ALIGNMENT(.data.$RAM3.*))
 *(SORT_BY_ALIGNMENT(.data.$SRAM_OC2.*))
                0x20200000                . = ALIGN (0x4)
                [!provide]                PROVIDE (__end_data_RAM3 = .)
                [!provide]                PROVIDE (__end_data_SRAM_OC2 = .)

.data_RAM4      0x20280000        0x0 load address 0x6000820c
 FILL mask 0xff
                [!provide]                PROVIDE (__start_data_RAM4 = .)
                [!provide]                PROVIDE (__start_data_SRAM_OC = .)
 *(SORT_BY_ALIGNMENT(.ramfunc.$RAM4))
 *(SORT_BY_ALIGNMENT(.ramfunc.$SRAM_OC))
 *(SORT_BY_ALIGNMENT(.data.$RAM4))
 *(SORT_BY_ALIGNMENT(.data.$SRAM_OC))
 *(SORT_BY_ALIGNMENT(.data.$RAM4.*))
 *(SORT_BY_ALIGNMENT(.data.$SRAM_OC.*))
                0x20280000                . = ALIGN (0x4)
                [!provide]                PROVIDE (__end_data_RAM4 = .)
                [!provide]                PROVIDE (__end_data_SRAM_OC = .)

.data_RAM5      0x80000000        0x0 load address 0x6000820c
 FILL mask 0xff
                [!provide]                PROVIDE (__start_data_RAM5 = .)
                [!provide]                PROVIDE (__start_data_BOARD_SDRAM = .)
 *(SORT_BY_ALIGNMENT(.ramfunc.$RAM5))
 *(SORT_BY_ALIGNMENT(.ramfunc.$BOARD_SDRAM))
 *(SORT_BY_ALIGNMENT(.data.$RAM5))
 *(SORT_BY_ALIGNMENT(.data.$BOARD_SDRAM))
 *(SORT_BY_ALIGNMENT(.data.$RAM5.*))
 *(SORT_BY_ALIGNMENT(.data.$BOARD_SDRAM.*))
                0x80000000                . = ALIGN (0x4)
                [!provide]                PROVIDE (__end_data_RAM5 = .)
                [!provide]                PROVIDE (__end_data_BOARD_SDRAM = .)

.data_RAM6      0x81e00000        0x0 load address 0x6000820c
 FILL mask 0xff
                [!provide]                PROVIDE (__start_data_RAM6 = .)
                [!provide]                PROVIDE (__start_data_NCACHE_REGION = .)
 *(SORT_BY_ALIGNMENT(.ramfunc.$RAM6))
 *(SORT_BY_ALIGNMENT(.ramfunc.$NCACHE_REGION))
 *(SORT_BY_ALIGNMENT(.data.$RAM6))
 *(SORT_BY_ALIGNMENT(.data.$NCACHE_REGION))
 *(SORT_BY_ALIGNMENT(.data.$RAM6.*))
 *(SORT_BY_ALIGNMENT(.data.$NCACHE_REGION.*))
                0x81e00000                . = ALIGN (0x4)
                [!provide]                PROVIDE (__end_data_RAM6 = .)
                [!provide]                PROVIDE (__end_data_NCACHE_REGION = .)

.uninit_RESERVED
                0x20000000        0x0
                0x20000000                _start_uninit_RESERVED = .
 *(SORT_BY_ALIGNMENT(.bss.$RESERVED*))
                0x20000000                . = ALIGN (0x4)
                0x20000000                _end_uninit_RESERVED = .

.data           0x20000000        0x4 load address 0x6000820c
 FILL mask 0xff
                0x20000000                _data = .
                [!provide]                PROVIDE (__start_data_RAM = .)
                [!provide]                PROVIDE (__start_data_SRAM_DTC = .)
 *(SORT_BY_ALIGNMENT(vtable))
 *(SORT_BY_ALIGNMENT(.ramfunc*))
 *(SORT_BY_ALIGNMENT(CodeQuickAccess))
 *(SORT_BY_ALIGNMENT(DataQuickAccess))
 *(SORT_BY_ALIGNMENT(RamFunction))
 *(SORT_BY_ALIGNMENT(.data*))
 .data.SystemCoreClock
                0x20000000        0x4 ./device/system_MIMXRT1062.o
                0x20000000                SystemCoreClock
                0x20000004                . = ALIGN (0x4)
                0x20000004                _edata = .
                [!provide]                PROVIDE (__end_data_RAM = .)
                [!provide]                PROVIDE (__end_data_SRAM_DTC = .)

.igot.plt       0x20000004        0x0 load address 0x60008210
 .igot.plt      0x20000004        0x0 ./xip/fsl_flexspi_nor_boot.o

.bss_RAM2       0x00000000        0x0
                [!provide]                PROVIDE (__start_bss_RAM2 = .)
                [!provide]                PROVIDE (__start_bss_SRAM_ITC = .)
 *(SORT_BY_ALIGNMENT(.bss.$RAM2))
 *(SORT_BY_ALIGNMENT(.bss.$SRAM_ITC))
 *(SORT_BY_ALIGNMENT(.bss.$RAM2.*))
 *(SORT_BY_ALIGNMENT(.bss.$SRAM_ITC.*))
                0x00000000                . = ALIGN ((. != 0x0)?0x4:0x1)
                [!provide]                PROVIDE (__end_bss_RAM2 = .)
                [!provide]                PROVIDE (__end_bss_SRAM_ITC = .)

.bss_RAM3       0x20200000        0x0
                [!provide]                PROVIDE (__start_bss_RAM3 = .)
                [!provide]                PROVIDE (__start_bss_SRAM_OC2 = .)
 *(SORT_BY_ALIGNMENT(.bss.$RAM3))
 *(SORT_BY_ALIGNMENT(.bss.$SRAM_OC2))
 *(SORT_BY_ALIGNMENT(.bss.$RAM3.*))
 *(SORT_BY_ALIGNMENT(.bss.$SRAM_OC2.*))
                0x20200000                . = ALIGN ((. != 0x0)?0x4:0x1)
                [!provide]                PROVIDE (__end_bss_RAM3 = .)
                [!provide]                PROVIDE (__end_bss_SRAM_OC2 = .)

.bss_RAM4       0x20280000        0x0
                [!provide]                PROVIDE (__start_bss_RAM4 = .)
                [!provide]                PROVIDE (__start_bss_SRAM_OC = .)
 *(SORT_BY_ALIGNMENT(.bss.$RAM4))
 *(SORT_BY_ALIGNMENT(.bss.$SRAM_OC))
 *(SORT_BY_ALIGNMENT(.bss.$RAM4.*))
 *(SORT_BY_ALIGNMENT(.bss.$SRAM_OC.*))
                0x20280000                . = ALIGN ((. != 0x0)?0x4:0x1)
                [!provide]                PROVIDE (__end_bss_RAM4 = .)
                [!provide]                PROVIDE (__end_bss_SRAM_OC = .)

.bss_RAM5       0x80000000        0x0
                [!provide]                PROVIDE (__start_bss_RAM5 = .)
                [!provide]                PROVIDE (__start_bss_BOARD_SDRAM = .)
 *(SORT_BY_ALIGNMENT(.bss.$RAM5))
 *(SORT_BY_ALIGNMENT(.bss.$BOARD_SDRAM))
 *(SORT_BY_ALIGNMENT(.bss.$RAM5.*))
 *(SORT_BY_ALIGNMENT(.bss.$BOARD_SDRAM.*))
                0x80000000                . = ALIGN ((. != 0x0)?0x4:0x1)
                [!provide]                PROVIDE (__end_bss_RAM5 = .)
                [!provide]                PROVIDE (__end_bss_BOARD_SDRAM = .)

.bss_RAM6       0x81e00000        0x0
                [!provide]                PROVIDE (__start_bss_RAM6 = .)
                [!provide]                PROVIDE (__start_bss_NCACHE_REGION = .)
 *(SORT_BY_ALIGNMENT(.bss.$RAM6))
 *(SORT_BY_ALIGNMENT(.bss.$NCACHE_REGION))
 *(SORT_BY_ALIGNMENT(.bss.$RAM6.*))
 *(SORT_BY_ALIGNMENT(.bss.$NCACHE_REGION.*))
                0x81e00000                . = ALIGN ((. != 0x0)?0x4:0x1)
                [!provide]                PROVIDE (__end_bss_RAM6 = .)
                [!provide]                PROVIDE (__end_bss_NCACHE_REGION = .)

.bss            0x20000004      0x230
                0x20000004                _bss = .
                [!provide]                PROVIDE (__start_bss_RAM = .)
                [!provide]                PROVIDE (__start_bss_SRAM_DTC = .)
 *(SORT_BY_ALIGNMENT(.bss*))
 .bss.s_debugConsoleState
                0x20000004       0x20 ./utilities/fsl_debug_console.o
 .bss.g_serialHandle
                0x20000024        0x4 ./utilities/fsl_debug_console.o
                0x20000024                g_serialHandle
 .bss.g_slave_buff
                0x20000028       0x20 ./source/new_project.o
                0x20000028                g_slave_buff
 .bss.g_master_buff
                0x20000048       0x20 ./source/new_project.o
                0x20000048                g_master_buff
 .bss.pxCurrentTCB
                0x20000068        0x4 ./freertos/freertos-kernel/tasks.o
                0x20000068                pxCurrentTCB
 .bss.pxReadyTasksLists
                0x2000006c       0x64 ./freertos/freertos-kernel/tasks.o
 .bss.pxDelayedTaskList
                0x200000d0        0x4 ./freertos/freertos-kernel/tasks.o
 .bss.pxOverflowDelayedTaskList
                0x200000d4        0x4 ./freertos/freertos-kernel/tasks.o
 .bss.xTickCount
                0x200000d8        0x4 ./freertos/freertos-kernel/tasks.o
 .bss.uxTopReadyPriority
                0x200000dc        0x4 ./freertos/freertos-kernel/tasks.o
 .bss.xPendedTicks
                0x200000e0        0x4 ./freertos/freertos-kernel/tasks.o
 .bss.xYieldPending
                0x200000e4        0x4 ./freertos/freertos-kernel/tasks.o
 .bss.xNumOfOverflows
                0x200000e8        0x4 ./freertos/freertos-kernel/tasks.o
 .bss.xNextTaskUnblockTime
                0x200000ec        0x4 ./freertos/freertos-kernel/tasks.o
 .bss.uxSchedulerSuspended
                0x200000f0        0x4 ./freertos/freertos-kernel/tasks.o
 .bss.g_xtalFreq
                0x200000f4        0x4 ./drivers/fsl_clock.o
                0x200000f4                g_xtalFreq
 .bss.g_rtcXtalFreq
                0x200000f8        0x4 ./drivers/fsl_clock.o
                0x200000f8                g_rtcXtalFreq
 .bss.s_lpi2cMasterIsr
                0x200000fc        0x4 ./drivers/fsl_lpi2c.o
                0x200000fc                s_lpi2cMasterIsr
 .bss.s_lpi2cMasterHandle
                0x20000100       0x14 ./drivers/fsl_lpi2c.o
                0x20000100                s_lpi2cMasterHandle
 .bss.s_lpi2cSlaveIsr
                0x20000114        0x4 ./drivers/fsl_lpi2c.o
 .bss.s_lpi2cSlaveHandle
                0x20000118       0x14 ./drivers/fsl_lpi2c.o
 .bss.s_lpuartHandle
                0x2000012c       0x24 ./drivers/fsl_lpuart.o
                0x2000012c                s_lpuartHandle
 .bss.s_lpuartIsr
                0x20000150       0x24 ./drivers/fsl_lpuart.o
                0x20000150                s_lpuartIsr
 .bss.errno     0x20000174        0x4 c:/nxp/mcuxpressoide_11.7.1_9221/ide/plugins/com.nxp.mcuxpresso.tools.win32_11.7.1.202301190959/tools/bin/../lib/gcc/arm-none-eabi/10.3.1/../../../../arm-none-eabi/lib/thumb/v7e-m+fp/hard\libcr_c.a(errno.o)
                0x20000174                errno
 .bss.__Ciob    0x20000178       0xb4 c:/nxp/mcuxpressoide_11.7.1_9221/ide/plugins/com.nxp.mcuxpresso.tools.win32_11.7.1.202301190959/tools/bin/../lib/gcc/arm-none-eabi/10.3.1/../../../../arm-none-eabi/lib/thumb/v7e-m+fp/hard\libcr_nohost_nf.a(__ciob.o)
                0x20000178                __Ciob
 .bss.s_debugConsoleReadWaitSemaphore
                0x2000022c        0x1 ./utilities/fsl_debug_console.o
 .bss.g_masterTxIndex
                0x2000022d        0x1 ./source/new_project.o
                0x2000022d                g_masterTxIndex
 .bss.g_masterRxIndex
                0x2000022e        0x1 ./source/new_project.o
                0x2000022e                g_masterRxIndex
 .bss.g_slaveTxIndex
                0x2000022f        0x1 ./source/new_project.o
                0x2000022f                g_slaveTxIndex
 .bss.g_slaveRxIndex
                0x20000230        0x1 ./source/new_project.o
                0x20000230                g_slaveRxIndex
 *(SORT_BY_ALIGNMENT(COMMON))
                0x20000234                . = ALIGN (0x4)
 *fill*         0x20000231        0x3 
                0x20000234                _ebss = .
                [!provide]                PROVIDE (__end_bss_RAM = .)
                [!provide]                PROVIDE (__end_bss_SRAM_DTC = .)
                [!provide]                PROVIDE (end = .)

.noinit_RAM2    0x00000000        0x0
                [!provide]                PROVIDE (__start_noinit_RAM2 = .)
                [!provide]                PROVIDE (__start_noinit_SRAM_ITC = .)
 *(SORT_BY_ALIGNMENT(.noinit.$RAM2))
 *(SORT_BY_ALIGNMENT(.noinit.$SRAM_ITC))
 *(SORT_BY_ALIGNMENT(.noinit.$RAM2.*))
 *(SORT_BY_ALIGNMENT(.noinit.$SRAM_ITC.*))
                0x00000000                . = ALIGN (0x4)
                [!provide]                PROVIDE (__end_noinit_RAM2 = .)
                [!provide]                PROVIDE (__end_noinit_SRAM_ITC = .)

.noinit_RAM3    0x20200000        0x0
                [!provide]                PROVIDE (__start_noinit_RAM3 = .)
                [!provide]                PROVIDE (__start_noinit_SRAM_OC2 = .)
 *(SORT_BY_ALIGNMENT(.noinit.$RAM3))
 *(SORT_BY_ALIGNMENT(.noinit.$SRAM_OC2))
 *(SORT_BY_ALIGNMENT(.noinit.$RAM3.*))
 *(SORT_BY_ALIGNMENT(.noinit.$SRAM_OC2.*))
                0x20200000                . = ALIGN (0x4)
                [!provide]                PROVIDE (__end_noinit_RAM3 = .)
                [!provide]                PROVIDE (__end_noinit_SRAM_OC2 = .)

.noinit_RAM4    0x20280000        0x0
                [!provide]                PROVIDE (__start_noinit_RAM4 = .)
                [!provide]                PROVIDE (__start_noinit_SRAM_OC = .)
 *(SORT_BY_ALIGNMENT(.noinit.$RAM4))
 *(SORT_BY_ALIGNMENT(.noinit.$SRAM_OC))
 *(SORT_BY_ALIGNMENT(.noinit.$RAM4.*))
 *(SORT_BY_ALIGNMENT(.noinit.$SRAM_OC.*))
                0x20280000                . = ALIGN (0x4)
                [!provide]                PROVIDE (__end_noinit_RAM4 = .)
                [!provide]                PROVIDE (__end_noinit_SRAM_OC = .)

.noinit_RAM5    0x80000000        0x0
                [!provide]                PROVIDE (__start_noinit_RAM5 = .)
                [!provide]                PROVIDE (__start_noinit_BOARD_SDRAM = .)
 *(SORT_BY_ALIGNMENT(.noinit.$RAM5))
 *(SORT_BY_ALIGNMENT(.noinit.$BOARD_SDRAM))
 *(SORT_BY_ALIGNMENT(.noinit.$RAM5.*))
 *(SORT_BY_ALIGNMENT(.noinit.$BOARD_SDRAM.*))
                0x80000000                . = ALIGN (0x4)
                [!provide]                PROVIDE (__end_noinit_RAM5 = .)
                [!provide]                PROVIDE (__end_noinit_BOARD_SDRAM = .)

.noinit_RAM6    0x81e00000        0x0
                [!provide]                PROVIDE (__start_noinit_RAM6 = .)
                [!provide]                PROVIDE (__start_noinit_NCACHE_REGION = .)
 *(SORT_BY_ALIGNMENT(.noinit.$RAM6))
 *(SORT_BY_ALIGNMENT(.noinit.$NCACHE_REGION))
 *(SORT_BY_ALIGNMENT(.noinit.$RAM6.*))
 *(SORT_BY_ALIGNMENT(.noinit.$NCACHE_REGION.*))
                0x81e00000                . = ALIGN (0x4)
                [!provide]                PROVIDE (__end_noinit_RAM6 = .)
                [!provide]                PROVIDE (__end_noinit_NCACHE_REGION = .)

.noinit         0x20000234        0x0
                0x20000234                _noinit = .
                [!provide]                PROVIDE (__start_noinit_RAM = .)
                [!provide]                PROVIDE (__start_noinit_SRAM_DTC = .)
 *(SORT_BY_ALIGNMENT(.noinit*))
                0x20000234                . = ALIGN (0x4)
                0x20000234                _end_noinit = .
                [!provide]                PROVIDE (__end_noinit_RAM = .)
                [!provide]                PROVIDE (__end_noinit_SRAM_DTC = .)
                0x00001000                _HeapSize = 0x1000

.heap           0x20000234     0x1000
                0x20000234                _pvHeapStart = .
                0x20001234                . = (. + _HeapSize)
 *fill*         0x20000234     0x1000 
                0x20001234                . = ALIGN (0x4)
                0x20001234                _pvHeapLimit = .
                0x00001000                _StackSize = 0x1000

.heap2stackfill
                0x20001234     0x1000
                0x20002234                . = (. + _StackSize)
 *fill*         0x20001234     0x1000 

.stack          0x2001f000        0x0
                0x2001f000                _vStackBase = .
                0x2001f000                . = ALIGN (0x4)
                0x20020000                _vStackTop = (. + _StackSize)
                0x60002000                _image_start = LOADADDR (.text)
                0x60008210                _image_end = (LOADADDR (.data) + SIZEOF (.data))
                0x00006210                _image_size = (_image_end - _image_start)
OUTPUT(new_project.axf elf32-littlearm)
LOAD linker stubs

.debug_info     0x00000000    0x155c1
 .debug_info    0x00000000      0x84e ./xip/evkmimxrt1060_flexspi_nor_config.o
 .debug_info    0x0000084e      0x46f ./xip/fsl_flexspi_nor_boot.o
 .debug_info    0x00000cbd       0xb1 ./utilities/fsl_assert.o
 .debug_info    0x00000d6e      0xc6f ./utilities/fsl_debug_console.o
 .debug_info    0x000019dd      0xb03 ./utilities/fsl_str.o
 .debug_info    0x000024e0      0xe3d ./startup/startup_mimxrt1062.o
 .debug_info    0x0000331d     0x1cbb ./source/new_project.o
 .debug_info    0x00004fd8       0x3c ./source/semihost_hardfault.o
 .debug_info    0x00005014      0x4d9 ./freertos/freertos-kernel/portable/GCC/ARM_CM4F/port.o
 .debug_info    0x000054ed     0x2565 ./freertos/freertos-kernel/tasks.o
 .debug_info    0x00007a52     0x252b ./drivers/fsl_clock.o
 .debug_info    0x00009f7d     0x316b ./drivers/fsl_lpi2c.o
 .debug_info    0x0000d0e8     0x2853 ./drivers/fsl_lpuart.o
 .debug_info    0x0000f93b      0xc53 ./device/system_MIMXRT1062.o
 .debug_info    0x0001058e      0xb19 ./component/uart/fsl_adapter_lpuart.o
 .debug_info    0x000110a7      0xcb5 ./component/serial_manager/fsl_component_serial_manager.o
 .debug_info    0x00011d5c      0x493 ./component/serial_manager/fsl_component_serial_port_uart.o
 .debug_info    0x000121ef      0xfc8 ./board/board.o