Archive member included to satisfy reference by file (symbol)

c:/nxp/mcuxpressoide_11.7.1_9221/ide/plugins/com.nxp.mcuxpresso.tools.win32_11.7.1.202301190959/tools/bin/../lib/gcc/arm-none-eabi/10.3.1/../../../../arm-none-eabi/lib/thumb/v7e-m+dp/hard\libcr_nohost_nf.a(_cr__main.o)
                              ./startup/startup_mimxrt1062.o (__main)
c:/nxp/mcuxpressoide_11.7.1_9221/ide/plugins/com.nxp.mcuxpresso.tools.win32_11.7.1.202301190959/tools/bin/../lib/gcc/arm-none-eabi/10.3.1/../../../../arm-none-eabi/lib/thumb/v7e-m+dp/hard\libcr_c.a(memcpy.o)
                              ./utilities/fsl_debug_console.o (memcpy)
c:/nxp/mcuxpressoide_11.7.1_9221/ide/plugins/com.nxp.mcuxpresso.tools.win32_11.7.1.202301190959/tools/bin/../lib/gcc/arm-none-eabi/10.3.1/../../../../arm-none-eabi/lib/thumb/v7e-m+dp/hard\libcr_c.a(memset.o)
                              ./source/elcdif_rgb.o (memset)
c:/nxp/mcuxpressoide_11.7.1_9221/ide/plugins/com.nxp.mcuxpresso.tools.win32_11.7.1.202301190959/tools/bin/../lib/gcc/arm-none-eabi/10.3.1/../../../../arm-none-eabi/lib/thumb/v7e-m+dp/hard\libcr_c.a(alloc.o)
                              ./drivers/fsl_common.o (malloc)
c:/nxp/mcuxpressoide_11.7.1_9221/ide/plugins/com.nxp.mcuxpresso.tools.win32_11.7.1.202301190959/tools/bin/../lib/gcc/arm-none-eabi/10.3.1/../../../../arm-none-eabi/lib/thumb/v7e-m+dp/hard\libcr_c.a(errno.o)
                              ./utilities/fsl_str.o (errno)
c:/nxp/mcuxpressoide_11.7.1_9221/ide/plugins/com.nxp.mcuxpresso.tools.win32_11.7.1.202301190959/tools/bin/../lib/gcc/arm-none-eabi/10.3.1/../../../../arm-none-eabi/lib/thumb/v7e-m+dp/hard\libcr_c.a(initio.o)
                              c:/nxp/mcuxpressoide_11.7.1_9221/ide/plugins/com.nxp.mcuxpresso.tools.win32_11.7.1.202301190959/tools/bin/../lib/gcc/arm-none-eabi/10.3.1/../../../../arm-none-eabi/lib/thumb/v7e-m+dp/hard\libcr_nohost_nf.a(_cr__main.o) (_initio)
c:/nxp/mcuxpressoide_11.7.1_9221/ide/plugins/com.nxp.mcuxpresso.tools.win32_11.7.1.202301190959/tools/bin/../lib/gcc/arm-none-eabi/10.3.1/../../../../arm-none-eabi/lib/thumb/v7e-m+dp/hard\libcr_c.a(scanf.o)
                              ./utilities/fsl_str.o (strtoul)
c:/nxp/mcuxpressoide_11.7.1_9221/ide/plugins/com.nxp.mcuxpresso.tools.win32_11.7.1.202301190959/tools/bin/../lib/gcc/arm-none-eabi/10.3.1/../../../../arm-none-eabi/lib/thumb/v7e-m+dp/hard\libcr_c.a(setvbuf.o)
                              c:/nxp/mcuxpressoide_11.7.1_9221/ide/plugins/com.nxp.mcuxpresso.tools.win32_11.7.1.202301190959/tools/bin/../lib/gcc/arm-none-eabi/10.3.1/../../../../arm-none-eabi/lib/thumb/v7e-m+dp/hard\libcr_c.a(initio.o) (setvbuf)
c:/nxp/mcuxpressoide_11.7.1_9221/ide/plugins/com.nxp.mcuxpresso.tools.win32_11.7.1.202301190959/tools/bin/../lib/gcc/arm-none-eabi/10.3.1/../../../../arm-none-eabi/lib/thumb/v7e-m+dp/hard\libcr_c.a(stdlib.o)
                              ./source/elcdif_rgb.o (abs)
c:/nxp/mcuxpressoide_11.7.1_9221/ide/plugins/com.nxp.mcuxpresso.tools.win32_11.7.1.202301190959/tools/bin/../lib/gcc/arm-none-eabi/10.3.1/../../../../arm-none-eabi/lib/thumb/v7e-m+dp/hard\libcr_c.a(strlen.o)
                              ./utilities/fsl_debug_console.o (strlen)
c:/nxp/mcuxpressoide_11.7.1_9221/ide/plugins/com.nxp.mcuxpresso.tools.win32_11.7.1.202301190959/tools/bin/../lib/gcc/arm-none-eabi/10.3.1/../../../../arm-none-eabi/lib/thumb/v7e-m+dp/hard\libcr_c.a(ungetc.o)
                              c:/nxp/mcuxpressoide_11.7.1_9221/ide/plugins/com.nxp.mcuxpresso.tools.win32_11.7.1.202301190959/tools/bin/../lib/gcc/arm-none-eabi/10.3.1/../../../../arm-none-eabi/lib/thumb/v7e-m+dp/hard\libcr_c.a(scanf.o) (ungetc)
c:/nxp/mcuxpressoide_11.7.1_9221/ide/plugins/com.nxp.mcuxpresso.tools.win32_11.7.1.202301190959/tools/bin/../lib/gcc/arm-none-eabi/10.3.1/../../../../arm-none-eabi/lib/thumb/v7e-m+dp/hard\libcr_c.a(__fillbuf.o)
                              c:/nxp/mcuxpressoide_11.7.1_9221/ide/plugins/com.nxp.mcuxpresso.tools.win32_11.7.1.202301190959/tools/bin/../lib/gcc/arm-none-eabi/10.3.1/../../../../arm-none-eabi/lib/thumb/v7e-m+dp/hard\libcr_c.a(scanf.o) (__filbuf)
c:/nxp/mcuxpressoide_11.7.1_9221/ide/plugins/com.nxp.mcuxpresso.tools.win32_11.7.1.202301190959/tools/bin/../lib/gcc/arm-none-eabi/10.3.1/../../../../arm-none-eabi/lib/thumb/v7e-m+dp/hard\libcr_c.a(__init_alloc.o)
                              c:/nxp/mcuxpressoide_11.7.1_9221/ide/plugins/com.nxp.mcuxpresso.tools.win32_11.7.1.202301190959/tools/bin/../lib/gcc/arm-none-eabi/10.3.1/../../../../arm-none-eabi/lib/thumb/v7e-m+dp/hard\libcr_c.a(alloc.o) (__heaps)
c:/nxp/mcuxpressoide_11.7.1_9221/ide/plugins/com.nxp.mcuxpresso.tools.win32_11.7.1.202301190959/tools/bin/../lib/gcc/arm-none-eabi/10.3.1/../../../../arm-none-eabi/lib/thumb/v7e-m+dp/hard\libcr_c.a(_cr_sbrk.o)
[...]
Memory Configuration

Name             Origin             Length             Attributes
BOARD_FLASH      0x60000000         0x00800000         xr
BOARD_SDRAM      0x80000000         0x01e00000         xrw
NCACHE_REGION    0x81e00000         0x00200000         xrw
SRAM_DTC         0x20000000         0x00020000         xrw
SRAM_ITC         0x00000000         0x00020000         xrw
SRAM_OC          0x20200000         0x000c0000         xrw
*default*        0x00000000         0xffffffff

Linker script and memory map

LOAD ./xip/evkmimxrt1060_flexspi_nor_config.o
LOAD ./xip/fsl_flexspi_nor_boot.o
LOAD ./utilities/fsl_assert.o
LOAD ./utilities/fsl_debug_console.o
LOAD ./utilities/fsl_str.o
LOAD ./startup/startup_mimxrt1062.o
LOAD ./source/elcdif_rgb.o
LOAD ./source/semihost_hardfault.o
LOAD ./drivers/fsl_clock.o
LOAD ./drivers/fsl_common.o
LOAD ./drivers/fsl_common_arm.o
LOAD ./drivers/fsl_elcdif.o
LOAD ./drivers/fsl_gpio.o
LOAD ./drivers/fsl_lpuart.o
LOAD ./device/system_MIMXRT1062.o
LOAD ./component/uart/fsl_adapter_lpuart.o
LOAD ./component/lists/fsl_component_generic_list.o
LOAD ./board/board.o
LOAD ./board/clock_config.o
LOAD ./board/dcd.o
LOAD ./board/pin_mux.o
START GROUP
LOAD c:/nxp/mcuxpressoide_11.7.1_9221/ide/plugins/com.nxp.mcuxpresso.tools.win32_11.7.1.202301190959/tools/bin/../lib/gcc/arm-none-eabi/10.3.1/../../../../arm-none-eabi/lib/thumb/v7e-m+dp/hard\libcr_nohost_nf.a
LOAD c:/nxp/mcuxpressoide_11.7.1_9221/ide/plugins/com.nxp.mcuxpresso.tools.win32_11.7.1.202301190959/tools/bin/../lib/gcc/arm-none-eabi/10.3.1/../../../../arm-none-eabi/lib/thumb/v7e-m+dp/hard\libcr_c.a
LOAD c:/nxp/mcuxpressoide_11.7.1_9221/ide/plugins/com.nxp.mcuxpresso.tools.win32_11.7.1.202301190959/tools/bin/../lib/gcc/arm-none-eabi/10.3.1/thumb/v7e-m+dp/hard\libcr_eabihelpers.a
LOAD c:/nxp/mcuxpressoide_11.7.1_9221/ide/plugins/com.nxp.mcuxpresso.tools.win32_11.7.1.202301190959/tools/bin/../lib/gcc/arm-none-eabi/10.3.1/thumb/v7e-m+dp/hard\libgcc.a
END GROUP
                0x60000000                __base_BOARD_FLASH = 0x60000000
                0x60000000                __base_Flash = 0x60000000
                0x60800000                __top_BOARD_FLASH = 0x60800000
                0x60800000                __top_Flash = 0x60800000
                0x80000000                __base_BOARD_SDRAM = 0x80000000
                0x80000000                __base_RAM = 0x80000000
                0x81e00000                __top_BOARD_SDRAM = 0x81e00000
                0x81e00000                __top_RAM = 0x81e00000
                0x81e00000                __base_NCACHE_REGION = 0x81e00000
                0x81e00000                __base_RAM2 = 0x81e00000
                0x82000000                __top_NCACHE_REGION = 0x82000000
                0x82000000                __top_RAM2 = 0x82000000
                0x20000000                __base_SRAM_DTC = 0x20000000
                0x20000000                __base_RAM3 = 0x20000000
                0x20020000                __top_SRAM_DTC = 0x20020000
                0x20020000                __top_RAM3 = 0x20020000
                0x00000000                __base_SRAM_ITC = 0x0
                0x00000000                __base_RAM4 = 0x0
                0x00020000                __top_SRAM_ITC = 0x20000
                0x00020000                __top_RAM4 = 0x20000
                0x20200000                __base_SRAM_OC = 0x20200000
                0x20200000                __base_RAM5 = 0x20200000
                0x202c0000                __top_SRAM_OC = 0x202c0000
                0x202c0000                __top_RAM5 = 0x202c0000

.boot_hdr       0x60000000     0x2000
 FILL mask 0xff
                0x60000000                __boot_hdr_start__ = ABSOLUTE (.)
 *(SORT_BY_ALIGNMENT(.boot_hdr.conf))
 .boot_hdr.conf
                0x60000000      0x200 ./xip/evkmimxrt1060_flexspi_nor_config.o
                0x60000000                qspiflash_config
                0x00001000                . = 0x1000
 *fill*         0x60000200      0xe00 ff
 *(SORT_BY_ALIGNMENT(.boot_hdr.ivt))
 .boot_hdr.ivt  0x60001000       0x20 ./xip/fsl_flexspi_nor_boot.o
                0x60001000                image_vector_table
                0x00001020                . = 0x1020
 *(SORT_BY_ALIGNMENT(.boot_hdr.boot_data))
 .boot_hdr.boot_data
                0x60001020       0x10 ./xip/fsl_flexspi_nor_boot.o
                0x60001020                g_boot_data
                0x00001030                . = 0x1030
 *(SORT_BY_ALIGNMENT(.boot_hdr.dcd_data))
 .boot_hdr.dcd_data
                0x60001030      0x410 ./board/dcd.o
                0x60001030                dcd_data
                0x60001440                __boot_hdr_end__ = ABSOLUTE (.)
                0x00002000                . = 0x2000
 *fill*         0x60001440      0xbc0 ff

.text           0x60002000     0x5c58
 FILL mask 0xff
                0x60002000                __vectors_start__ = ABSOLUTE (.)
 *(SORT_BY_ALIGNMENT(.isr_vector))
 .isr_vector    0x60002000      0x2b8 ./startup/startup_mimxrt1062.o
                0x60002000                g_pfnVectors
                0x60002000                __Vectors
                0x600022b8                . = ALIGN (0x4)
                0x600022b8                __section_table_start = .
                0x600022b8                __data_section_table = .
                0x600022b8        0x4 LONG 0x60007c58 LOADADDR (.data)
                0x600022bc        0x4 LONG 0x80000000 ADDR (.data)
                0x600022c0        0x4 LONG 0xc SIZEOF (.data)
                0x600022c4        0x4 LONG 0x60007c58 LOADADDR (.data_RAM2)
                0x600022c8        0x4 LONG 0x81e00000 ADDR (.data_RAM2)
                0x600022cc        0x4 LONG 0x0 SIZEOF (.data_RAM2)
                0x600022d0        0x4 LONG 0x60007c58 LOADADDR (.data_RAM3)
                0x600022d4        0x4 LONG 0x20000000 ADDR (.data_RAM3)
                0x600022d8        0x4 LONG 0x0 SIZEOF (.data_RAM3)
                0x600022dc        0x4 LONG 0x60007c58 LOADADDR (.data_RAM4)
                0x600022e0        0x4 LONG 0x0 ADDR (.data_RAM4)
                0x600022e4        0x4 LONG 0x0 SIZEOF (.data_RAM4)
                0x600022e8        0x4 LONG 0x60007c58 LOADADDR (.data_RAM5)
                0x600022ec        0x4 LONG 0x20200000 ADDR (.data_RAM5)
                0x600022f0        0x4 LONG 0x0 SIZEOF (.data_RAM5)
                0x600022f4                __data_section_table_end = .
                0x600022f4                __bss_section_table = .
                0x600022f4        0x4 LONG 0x8000000c ADDR (.bss)
                0x600022f8        0x4 LONG 0x124 SIZEOF (.bss)
                0x600022fc        0x4 LONG 0x81e00000 ADDR (.bss_RAM2)
                0x60002300        0x4 LONG 0xff000 SIZEOF (.bss_RAM2)
                0x60002304        0x4 LONG 0x20000000 ADDR (.bss_RAM3)
                0x60002308        0x4 LONG 0x0 SIZEOF (.bss_RAM3)
                0x6000230c        0x4 LONG 0x0 ADDR (.bss_RAM4)
                0x60002310        0x4 LONG 0x0 SIZEOF (.bss_RAM4)
                0x60002314        0x4 LONG 0x20200000 ADDR (.bss_RAM5)
                0x60002318        0x4 LONG 0x0 SIZEOF (.bss_RAM5)
                0x6000231c                __bss_section_table_end = .
                0x6000231c                __section_table_end = .
 *(SORT_BY_ALIGNMENT(.after_vectors*))
 .after_vectors.reset
                0x6000231c       0x54 ./startup/startup_mimxrt1062.o
                0x6000231c                ResetISR
 .after_vectors.init_data
                0x60002370       0x1e ./startup/startup_mimxrt1062.o
                0x60002370                data_init
 .after_vectors.init_bss
                0x6000238e       0x12 ./startup/startup_mimxrt1062.o
                0x6000238e                bss_init
 .after_vectors
                0x600023a0       0x14 ./startup/startup_mimxrt1062.o
                0x600023a0                NMI_Handler
                0x600023a4                MemManage_Handler
                0x600023a6                BusFault_Handler
                0x600023a8                UsageFault_Handler
                0x600023aa                SVC_Handler
                0x600023ac                DebugMon_Handler
                0x600023ae                PendSV_Handler
                0x600023b0                SysTick_Handler
                0x600023b2                PIT_DriverIRQHandler
                0x600023b2                PMU_EVENT_DriverIRQHandler
                0x600023b2                PWM4_FAULT_DriverIRQHandler
                0x600023b2                DMA13_DMA29_DriverIRQHandler
                0x600023b2                SAI3_RX_DriverIRQHandler
                0x600023b2                LPSPI4_DriverIRQHandler
                0x600023b2                SEMC_DriverIRQHandler
                0x600023b2                SPDIF_DriverIRQHandler
                0x600023b2                CCM_2_DriverIRQHandler
                0x600023b2                PWM4_3_DriverIRQHandler
                0x600023b2                ENET2_DriverIRQHandler
                0x600023b2                FLEXRAM_DriverIRQHandler
                0x600023b2                LCDIF_DriverIRQHandler
                0x600023b2                USB_PHY1_DriverIRQHandler
                0x600023b2                GPIO3_Combined_0_15_DriverIRQHandler
                0x600023b2                CAN3_DriverIRQHandler
                0x600023b2                Reserved171_DriverIRQHandler
                0x600023b2                DMA7_DMA23_DriverIRQHandler
                0x600023b2                BEE_DriverIRQHandler
                0x600023b2                LPI2C3_DriverIRQHandler
                0x600023b2                GPR_IRQ_DriverIRQHandler
                0x600023b2                PWM2_FAULT_DriverIRQHandler
                0x600023b2                PWM3_1_DriverIRQHandler
                0x600023b2                DMA14_DMA30_DriverIRQHandler
                0x600023b2                TMR1_DriverIRQHandler
                0x600023b2                TRNG_DriverIRQHandler
                0x600023b2                PWM3_2_DriverIRQHandler
                0x600023b2                ENET_1588_Timer_DriverIRQHandler
                0x600023b2                FLEXIO2_DriverIRQHandler
                0x600023b2                GPIO2_Combined_16_31_DriverIRQHandler
                0x600023b2                Reserved143_DriverIRQHandler
                0x600023b2                LPSPI2_DriverIRQHandler
                0x600023b2                PWM4_1_DriverIRQHandler
                0x600023b2                PWM3_3_DriverIRQHandler
                0x600023b2                DMA0_DMA16_DriverIRQHandler
                0x600023b2                IntDefaultHandler
                0x600023b2                DMA2_DMA18_DriverIRQHandler
                0x600023b2                SRC_DriverIRQHandler
                0x600023b2                GPIO1_INT4_DriverIRQHandler
                0x600023b2                Reserved144_DriverIRQHandler
                0x600023b2                USDHC1_DriverIRQHandler
                0x600023b2                ENC3_DriverIRQHandler
                0x600023b2                PWM3_FAULT_DriverIRQHandler
                0x600023b2                EWM_DriverIRQHandler
                0x600023b2                FLEXSPI2_DriverIRQHandler
                0x600023b2                WDOG1_DriverIRQHandler
                0x600023b2                FLEXIO1_DriverIRQHandler
                0x600023b2                ENET_DriverIRQHandler
                0x600023b2                Reserved78_DriverIRQHandler
                0x600023b2                TMR4_DriverIRQHandler
                0x600023b2                ENC2_DriverIRQHandler
                0x600023b2                ADC_ETC_IRQ2_DriverIRQHandler
                0x600023b2                GPIO1_Combined_16_31_DriverIRQHandler
                0x600023b2                GPIO1_INT7_DriverIRQHandler
                0x600023b2                SAI1_DriverIRQHandler
                0x600023b2                DCDC_DriverIRQHandler
                0x600023b2                DMA12_DMA28_DriverIRQHandler
                0x600023b2                PWM4_0_DriverIRQHandler
                0x600023b2                ADC_ETC_ERROR_IRQ_DriverIRQHandler
                0x600023b2                ACMP2_DriverIRQHandler
                0x600023b2                GPIO5_Combined_0_15_DriverIRQHandler
                0x600023b2                GPIO1_INT0_DriverIRQHandler
                0x600023b2                GPIO1_INT2_DriverIRQHandler
                0x600023b2                RTWDOG_DriverIRQHandler
                0x600023b2                FLEXSPI_DriverIRQHandler
                0x600023b2                GPT2_DriverIRQHandler
                0x600023b2                USB_PHY2_DriverIRQHandler
                0x600023b2                DMA10_DMA26_DriverIRQHandler
                0x600023b2                PWM2_1_DriverIRQHandler
                0x600023b2                PWM1_1_DriverIRQHandler
                0x600023b2                PXP_DriverIRQHandler
                0x600023b2                ADC1_DriverIRQHandler
                0x600023b2                GPIO10_Combined_0_31_DriverIRQHandler
                0x600023b2                PWM1_0_DriverIRQHandler
                0x600023b2                SJC_DriverIRQHandler
                0x600023b2                DMA1_DMA17_DriverIRQHandler
                0x600023b2                ENC1_DriverIRQHandler
                0x600023b2                ENC4_DriverIRQHandler
                0x600023b2                CAN2_DriverIRQHandler
                0x600023b2                DCP_DriverIRQHandler
                0x600023b2                CTI0_ERROR_DriverIRQHandler
                0x600023b2                DMA8_DMA24_DriverIRQHandler
                0x600023b2                GPT1_DriverIRQHandler
                0x600023b2                ACMP3_DriverIRQHandler
                0x600023b2                DMA6_DMA22_DriverIRQHandler
                0x600023b2                CSU_DriverIRQHandler
                0x600023b2                GPIO1_INT5_DriverIRQHandler
                0x600023b2                TMR3_DriverIRQHandler
                0x600023b2                TMR2_DriverIRQHandler
                0x600023b2                CTI1_ERROR_DriverIRQHandler
                0x600023b2                GPIO1_Combined_0_15_DriverIRQHandler
                0x600023b2                USDHC2_DriverIRQHandler
                0x600023b2                PWM4_2_DriverIRQHandler
                0x600023b2                KPP_DriverIRQHandler
                0x600023b2                SAI2_DriverIRQHandler
                0x600023b2                CORE_DriverIRQHandler
                0x600023b2                TSC_DIG_DriverIRQHandler
                0x600023b2                DMA11_DMA27_DriverIRQHandler
                0x600023b2                CSI_DriverIRQHandler
                0x600023b2                PWM2_3_DriverIRQHandler
                0x600023b2                XBAR1_IRQ_2_3_DriverIRQHandler
                0x600023b2                SNVS_HP_WRAPPER_TZ_DriverIRQHandler
                0x600023b2                GPIO3_Combined_16_31_DriverIRQHandler
                0x600023b2                PWM1_FAULT_DriverIRQHandler
                0x600023b2                LPI2C1_DriverIRQHandler
                0x600023b2                ENET2_1588_Timer_DriverIRQHandler
                0x600023b2                PWM2_2_DriverIRQHandler
                0x600023b2                DMA4_DMA20_DriverIRQHandler
                0x600023b2                DMA9_DMA25_DriverIRQHandler
                0x600023b2                SNVS_HP_WRAPPER_DriverIRQHandler
                0x600023b2                XBAR1_IRQ_0_1_DriverIRQHandler
                0x600023b2                ADC_ETC_IRQ1_DriverIRQHandler
                0x600023b2                LPSPI1_DriverIRQHandler
                0x600023b2                DMA3_DMA19_DriverIRQHandler
                0x600023b2                GPIO1_INT3_DriverIRQHandler
                0x600023b2                DCP_VMI_DriverIRQHandler
                0x600023b2                LPI2C4_DriverIRQHandler
                0x600023b2                GPC_DriverIRQHandler
                0x600023b2                GPIO2_Combined_0_15_DriverIRQHandler
                0x600023b2                PWM1_2_DriverIRQHandler
                0x600023b2                USB_OTG1_DriverIRQHandler
                0x600023b2                TEMP_LOW_HIGH_DriverIRQHandler
                0x600023b2                SAI3_TX_DriverIRQHandler
                0x600023b2                FLEXIO3_DriverIRQHandler
                0x600023b2                WDOG2_DriverIRQHandler
                0x600023b2                Reserved68_DriverIRQHandler
                0x600023b2                PWM3_0_DriverIRQHandler
                0x600023b2                GPIO4_Combined_0_15_DriverIRQHandler
                0x600023b2                GPIO4_Combined_16_31_DriverIRQHandler
                0x600023b2                GPIO6_7_8_9_DriverIRQHandler
                0x600023b2                GPIO5_Combined_16_31_DriverIRQHandler
                0x600023b2                DMA5_DMA21_DriverIRQHandler
                0x600023b2                CCM_1_DriverIRQHandler
                0x600023b2                ADC2_DriverIRQHandler
                0x600023b2                Reserved115_DriverIRQHandler
                0x600023b2                TEMP_PANIC_DriverIRQHandler
                0x600023b2                ACMP4_DriverIRQHandler
                0x600023b2                DMA15_DMA31_DriverIRQHandler
                0x600023b2                LPSPI3_DriverIRQHandler
                0x600023b2                PWM1_3_DriverIRQHandler
                0x600023b2                ACMP1_DriverIRQHandler
                0x600023b2                LPI2C2_DriverIRQHandler
                0x600023b2                Reserved86_DriverIRQHandler
                0x600023b2                DMA_ERROR_DriverIRQHandler
                0x600023b2                ADC_ETC_IRQ0_DriverIRQHandler
                0x600023b2                CAN1_DriverIRQHandler
                0x600023b2                GPIO1_INT6_DriverIRQHandler
                0x600023b2                GPIO1_INT1_DriverIRQHandler
                0x600023b2                PWM2_0_DriverIRQHandler
                0x600023b2                SNVS_LP_WRAPPER_DriverIRQHandler
                0x600023b2                USB_OTG2_DriverIRQHandler
 *(SORT_BY_ALIGNMENT(.text*))
 .text.__assertion_failed
                0x600023b4       0x18 ./utilities/fsl_assert.o
                0x600023b4                __assertion_failed
 .text.DbgConsole_Init
                0x600023cc       0x88 ./utilities/fsl_debug_console.o
                0x600023cc                DbgConsole_Init
 .text.DbgConsole_Vprintf
                0x60002454       0x3c ./utilities/fsl_debug_console.o
                0x60002454                DbgConsole_Vprintf
 .text.DbgConsole_Putchar
                0x60002490       0x30 ./utilities/fsl_debug_console.o
                0x60002490                DbgConsole_Putchar
 .text.DbgConsole_PrintfFormattedData
                0x600024c0      0x3e0 ./utilities/fsl_debug_console.o
 .text.__NVIC_EnableIRQ
                0x600028a0       0x3c ./source/elcdif_rgb.o
 .text.CLOCK_SetMux
                0x600028dc       0x9c ./source/elcdif_rgb.o
 .text.CLOCK_SetDiv
                0x60002978       0x9c ./source/elcdif_rgb.o
 .text.ELCDIF_RgbModeStart
                0x60002a14       0x20 ./source/elcdif_rgb.o
 .text.ELCDIF_EnableInterrupts
                0x60002a34       0x24 ./source/elcdif_rgb.o
 .text.ELCDIF_GetInterruptStatus
                0x60002a58       0x24 ./source/elcdif_rgb.o
 .text.ELCDIF_ClearInterruptStatus
                0x60002a7c       0x24 ./source/elcdif_rgb.o
 .text.BOARD_InitLcd
                0x60002aa0       0x30 ./source/elcdif_rgb.o
                0x60002aa0                BOARD_InitLcd
 .text.BOARD_InitLcdifPixelClock
                0x60002ad0       0x50 ./source/elcdif_rgb.o
                0x60002ad0                BOARD_InitLcdifPixelClock
 .text.APP_LCDIF_IRQHandler
                0x60002b20       0x3c ./source/elcdif_rgb.o
                0x60002b20                APP_LCDIF_IRQHandler
 .text.APP_ELCDIF_Init
                0x60002b5c       0x34 ./source/elcdif_rgb.o
                0x60002b5c                APP_ELCDIF_Init
 .text.APP_FillFrameBuffer
                0x60002b90      0x2b0 ./source/elcdif_rgb.o
                0x60002b90                APP_FillFrameBuffer
 .text.main     0x60002e40       0x7c ./source/elcdif_rgb.o
                0x60002e40                main
 .text.CLOCK_GetOscFreq
                0x60002ebc       0x30 ./drivers/fsl_clock.o
 .text.CLOCK_InitExternalClk
                0x60002eec       0x6c ./drivers/fsl_clock.o
                0x60002eec                CLOCK_InitExternalClk
 .text.CLOCK_SwitchOsc
                0x60002f58       0x34 ./drivers/fsl_clock.o
                0x60002f58                CLOCK_SwitchOsc
 .text.CLOCK_InitRcOsc24M
                0x60002f8c       0x24 ./drivers/fsl_clock.o
                0x60002f8c                CLOCK_InitRcOsc24M
 .text.CLOCK_InitArmPll
                0x60002fb0       0x68 ./drivers/fsl_clock.o
                0x60002fb0                CLOCK_InitArmPll
 .text.CLOCK_DeinitUsb2Pll
                0x60003018       0x18 ./drivers/fsl_clock.o
                0x60003018                CLOCK_DeinitUsb2Pll
 .text.CLOCK_DeinitAudioPll
                0x60003030       0x1c ./drivers/fsl_clock.o
                0x60003030                CLOCK_DeinitAudioPll
 .text.CLOCK_InitVideoPll
                0x6000304c      0x134 ./drivers/fsl_clock.o
                0x6000304c                CLOCK_InitVideoPll
 .text.CLOCK_DeinitEnetPll
                0x60003180       0x1c ./drivers/fsl_clock.o
                0x60003180                CLOCK_DeinitEnetPll
 .text.CLOCK_GetPllFreq
                0x6000319c      0x3d8 ./drivers/fsl_clock.o
                0x6000319c                CLOCK_GetPllFreq
 .text.CLOCK_ControlGate
                0x60003574       0x60 ./drivers/fsl_elcdif.o
 .text.ELCDIF_GetInstance
                0x600035d4       0x4c ./drivers/fsl_elcdif.o
 .text.ELCDIF_RgbModeInit
                0x60003620      0x144 ./drivers/fsl_elcdif.o
                0x60003620                ELCDIF_RgbModeInit
 .text.CLOCK_ControlGate
                0x60003764       0x60 ./drivers/fsl_gpio.o
 .text.GPIO_GetInstance
                0x600037c4       0x4c ./drivers/fsl_gpio.o
 .text.GPIO_PinInit
                0x60003810       0xa4 ./drivers/fsl_gpio.o
                0x60003810                GPIO_PinInit
 .text.GPIO_PinWrite
                0x600038b4       0x48 ./drivers/fsl_gpio.o
                0x600038b4                GPIO_PinWrite
 .text.GPIO_PinSetInterruptConfig
                0x600038fc       0xfc ./drivers/fsl_gpio.o
                0x600038fc                GPIO_PinSetInterruptConfig
 .text.CLOCK_ControlGate
                0x600039f8       0x60 ./drivers/fsl_lpuart.o
 .text.LPUART_GetInstance
                0x60003a58       0x4c ./drivers/fsl_lpuart.o
                0x60003a58                LPUART_GetInstance
 .text.LPUART_Init
                0x60003aa4      0x310 ./drivers/fsl_lpuart.o
                0x60003aa4                LPUART_Init
 .text.LPUART_GetDefaultConfig
                0x60003db4       0x88 ./drivers/fsl_lpuart.o
                0x60003db4                LPUART_GetDefaultConfig
 .text.LPUART_GetStatusFlags
                0x60003e3c       0x38 ./drivers/fsl_lpuart.o
                0x60003e3c                LPUART_GetStatusFlags
 .text.LPUART_ClearStatusFlags
                0x60003e74       0x7c ./drivers/fsl_lpuart.o
                0x60003e74                LPUART_ClearStatusFlags
 .text.LPUART_WriteBlocking
                0x60003ef0       0x68 ./drivers/fsl_lpuart.o
                0x60003ef0                LPUART_WriteBlocking
 .text.LPUART_ReadBlocking
                0x60003f58      0x160 ./drivers/fsl_lpuart.o
                0x60003f58                LPUART_ReadBlocking
 .text.LPUART1_DriverIRQHandler
                0x600040b8       0x28 ./drivers/fsl_lpuart.o
                0x600040b8                LPUART1_DriverIRQHandler
 .text.LPUART2_DriverIRQHandler
                0x600040e0       0x28 ./drivers/fsl_lpuart.o
                0x600040e0                LPUART2_DriverIRQHandler
 .text.LPUART3_DriverIRQHandler
                0x60004108       0x28 ./drivers/fsl_lpuart.o
                0x60004108                LPUART3_DriverIRQHandler
 .text.LPUART4_DriverIRQHandler
                0x60004130       0x28 ./drivers/fsl_lpuart.o
                0x60004130                LPUART4_DriverIRQHandler
 .text.LPUART5_DriverIRQHandler
                0x60004158       0x28 ./drivers/fsl_lpuart.o
                0x60004158                LPUART5_DriverIRQHandler
 .text.LPUART6_DriverIRQHandler
                0x60004180       0x28 ./drivers/fsl_lpuart.o
                0x60004180                LPUART6_DriverIRQHandler
 .text.LPUART7_DriverIRQHandler
                0x600041a8       0x28 ./drivers/fsl_lpuart.o
                0x600041a8                LPUART7_DriverIRQHandler
 .text.LPUART8_DriverIRQHandler
                0x600041d0       0x28 ./drivers/fsl_lpuart.o
                0x600041d0                LPUART8_DriverIRQHandler
 .text.SystemInit
                0x600041f8      0x144 ./device/system_MIMXRT1062.o
                0x600041f8                SystemInit
 .text.HAL_UartInitCommon
                0x6000433c       0xe0 ./component/uart/fsl_adapter_lpuart.o
 .text.HAL_UartInit
                0x6000441c       0x84 ./component/uart/fsl_adapter_lpuart.o
                0x6000441c                HAL_UartInit
 .text.HAL_UartReceiveBlocking
                0x600044a0       0x6c ./component/uart/fsl_adapter_lpuart.o
                0x600044a0                HAL_UartReceiveBlocking
 .text.HAL_UartSendBlocking
                0x6000450c       0x64 ./component/uart/fsl_adapter_lpuart.o
                0x6000450c                HAL_UartSendBlocking
 .text.ARM_MPU_Enable
                0x60004570       0x44 ./board/board.o
 .text.ARM_MPU_Disable
                0x600045b4       0x40 ./board/board.o
 .text.CLOCK_GetMux
                0x600045f4       0x44 ./board/board.o
 .text.CLOCK_GetDiv
                0x60004638       0x44 ./board/board.o
 .text.CLOCK_GetOscFreq
                0x6000467c       0x30 ./board/board.o
 .text.BOARD_DebugConsoleSrcFreq
                0x600046ac       0x64 ./board/board.o
                0x600046ac                BOARD_DebugConsoleSrcFreq
 .text.BOARD_ConfigMPU
                0x60004710      0x34c ./board/board.o
                0x60004710                BOARD_ConfigMPU
 .text.CLOCK_SetMux
                0x60004a5c       0x9c ./board/clock_config.o
 .text.CLOCK_SetDiv
                0x60004af8       0x9c ./board/clock_config.o
 .text.CLOCK_ControlGate
                0x60004b94       0x60 ./board/clock_config.o
 .text.CLOCK_SetXtalFreq
                0x60004bf4       0x20 ./board/clock_config.o
 .text.CLOCK_SetRtcXtalFreq
                0x60004c14       0x20 ./board/clock_config.o
 .text.IOMUXC_MQSConfig
                0x60004c34       0x44 ./board/clock_config.o
 .text.BOARD_BootClockRUN
                0x60004c78      0x67c ./board/clock_config.o
                0x60004c78                BOARD_BootClockRUN
 .text.CLOCK_ControlGate
                0x600052f4       0x60 ./board/pin_mux.o
 .text.BOARD_InitPins
                0x60005354      0x534 ./board/pin_mux.o
                0x60005354                BOARD_InitPins
 .text.BOARD_InitSemcPins
                0x60005888      0x8f0 ./board/pin_mux.o
                0x60005888                BOARD_InitSemcPins
 .text._initio  0x60006178       0x78 c:/nxp/mcuxpressoide_11.7.1_9221/ide/plugins/com.nxp.mcuxpresso.tools.win32_11.7.1.202301190959/tools/bin/../lib/gcc/arm-none-eabi/10.3.1/../../../../arm-none-eabi/lib/thumb/v7e-m+dp/hard\libcr_c.a(initio.o)
                0x60006178                _initio
 .text._Cwritebuf
                0x600061f0       0x6c c:/nxp/mcuxpressoide_11.7.1_9221/ide/plugins/com.nxp.mcuxpresso.tools.win32_11.7.1.202301190959/tools/bin/../lib/gcc/arm-none-eabi/10.3.1/../../../../arm-none-eabi/lib/thumb/v7e-m+dp/hard\libcr_c.a(_writebuf.o)
                0x600061f0                _Cwritebuf
 .text.fflush   0x6000625c       0x3c c:/nxp/mcuxpressoide_11.7.1_9221/ide/plugins/com.nxp.mcuxpresso.tools.win32_11.7.1.202301190959/tools/bin/../lib/gcc/arm-none-eabi/10.3.1/../../../../arm-none-eabi/lib/thumb/v7e-m+dp/hard\libcr_c.a(fflush.o)
                0x6000625c                fflush
 .text.fseek    0x60006298       0xfc c:/nxp/mcuxpressoide_11.7.1_9221/ide/plugins/com.nxp.mcuxpresso.tools.win32_11.7.1.202301190959/tools/bin/../lib/gcc/arm-none-eabi/10.3.1/../../../../arm-none-eabi/lib/thumb/v7e-m+dp/hard\libcr_c.a(fseek.o)
                0x60006298                fseek
 .text.ftell    0x60006394       0x44 c:/nxp/mcuxpressoide_11.7.1_9221/ide/plugins/com.nxp.mcuxpresso.tools.win32_11.7.1.202301190959/tools/bin/../lib/gcc/arm-none-eabi/10.3.1/../../../../arm-none-eabi/lib/thumb/v7e-m+dp/hard\libcr_c.a(ftell.o)
                0x60006394                ftell
 .text.DbgConsole_Printf
                0x600063d8       0x2c ./utilities/fsl_debug_console.o
                0x600063d8                DbgConsole_Printf
 .text.DbgConsole_PrintfPaddingCharacter
                0x60006404       0x40 ./utilities/fsl_debug_console.o
 .text.DbgConsole_ConvertRadixNumToString
                0x60006444       0xc2 ./utilities/fsl_debug_console.o
 .text.DMA0_DMA16_IRQHandler
                0x60006506        0x8 ./startup/startup_mimxrt1062.o
                0x60006506                DMA0_DMA16_IRQHandler
 .text.DMA1_DMA17_IRQHandler
                0x6000650e        0x8 ./startup/startup_mimxrt1062.o
                0x6000650e                DMA1_DMA17_IRQHandler
 .text.DMA2_DMA18_IRQHandler
                0x60006516        0x8 ./startup/startup_mimxrt1062.o
                0x60006516                DMA2_DMA18_IRQHandler
 .text.DMA3_DMA19_IRQHandler
                0x6000651e        0x8 ./startup/startup_mimxrt1062.o
                0x6000651e                DMA3_DMA19_IRQHandler
 .text.DMA4_DMA20_IRQHandler
                0x60006526        0x8 ./startup/startup_mimxrt1062.o
                0x60006526                DMA4_DMA20_IRQHandler
 .text.DMA5_DMA21_IRQHandler
                0x6000652e        0x8 ./startup/startup_mimxrt1062.o
                0x6000652e                DMA5_DMA21_IRQHandler
 .text.DMA6_DMA22_IRQHandler
                0x60006536        0x8 ./startup/startup_mimxrt1062.o
                0x60006536                DMA6_DMA22_IRQHandler
 .text.DMA7_DMA23_IRQHandler
                0x6000653e        0x8 ./startup/startup_mimxrt1062.o
                0x6000653e                DMA7_DMA23_IRQHandler
 .text.DMA8_DMA24_IRQHandler
                0x60006546        0x8 ./startup/startup_mimxrt1062.o
                0x60006546                DMA8_DMA24_IRQHandler
 .text.DMA9_DMA25_IRQHandler
                0x6000654e        0x8 ./startup/startup_mimxrt1062.o
                0x6000654e                DMA9_DMA25_IRQHandler
 .text.DMA10_DMA26_IRQHandler
                0x60006556        0x8 ./startup/startup_mimxrt1062.o
                0x60006556                DMA10_DMA26_IRQHandler
 .text.DMA11_DMA27_IRQHandler
                0x6000655e        0x8 ./startup/startup_mimxrt1062.o
                0x6000655e                DMA11_DMA27_IRQHandler
 .text.DMA12_DMA28_IRQHandler
                0x60006566        0x8 ./startup/startup_mimxrt1062.o
                0x60006566                DMA12_DMA28_IRQHandler
 .text.DMA13_DMA29_IRQHandler
                0x6000656e        0x8 ./startup/startup_mimxrt1062.o
                0x6000656e                DMA13_DMA29_IRQHandler
 .text.DMA14_DMA30_IRQHandler
                0x60006576        0x8 ./startup/startup_mimxrt1062.o
                0x60006576                DMA14_DMA30_IRQHandler
 .text.DMA15_DMA31_IRQHandler
                0x6000657e        0x8 ./startup/startup_mimxrt1062.o
                0x6000657e                DMA15_DMA31_IRQHandler
 .text.DMA_ERROR_IRQHandler
                0x60006586        0x8 ./startup/startup_mimxrt1062.o
                0x60006586                DMA_ERROR_IRQHandler
 .text.CTI0_ERROR_IRQHandler
                0x6000658e        0x8 ./startup/startup_mimxrt1062.o
                0x6000658e                CTI0_ERROR_IRQHandler
 .text.CTI1_ERROR_IRQHandler
                0x60006596        0x8 ./startup/startup_mimxrt1062.o
                0x60006596                CTI1_ERROR_IRQHandler
 .text.CORE_IRQHandler
                0x6000659e        0x8 ./startup/startup_mimxrt1062.o
                0x6000659e                CORE_IRQHandler
 .text.LPUART1_IRQHandler
                0x600065a6        0x8 ./startup/startup_mimxrt1062.o
                0x600065a6                LPUART1_IRQHandler
 .text.LPUART2_IRQHandler
                0x600065ae        0x8 ./startup/startup_mimxrt1062.o
                0x600065ae                LPUART2_IRQHandler
 .text.LPUART3_IRQHandler
                0x600065b6        0x8 ./startup/startup_mimxrt1062.o
                0x600065b6                LPUART3_IRQHandler
 .text.LPUART4_IRQHandler
                0x600065be        0x8 ./startup/startup_mimxrt1062.o
                0x600065be                LPUART4_IRQHandler
 .text.LPUART5_IRQHandler
                0x600065c6        0x8 ./startup/startup_mimxrt1062.o
                0x600065c6                LPUART5_IRQHandler
 .text.LPUART6_IRQHandler
                0x600065ce        0x8 ./startup/startup_mimxrt1062.o
                0x600065ce                LPUART6_IRQHandler
 .text.LPUART7_IRQHandler
                0x600065d6        0x8 ./startup/startup_mimxrt1062.o
                0x600065d6                LPUART7_IRQHandler
 .text.LPUART8_IRQHandler
                0x600065de        0x8 ./startup/startup_mimxrt1062.o
                0x600065de                LPUART8_IRQHandler
 .text.LPI2C1_IRQHandler
                0x600065e6        0x8 ./startup/startup_mimxrt1062.o
                0x600065e6                LPI2C1_IRQHandler
 .text.LPI2C2_IRQHandler
                0x600065ee        0x8 ./startup/startup_mimxrt1062.o
                0x600065ee                LPI2C2_IRQHandler
 .text.LPI2C3_IRQHandler
                0x600065f6        0x8 ./startup/startup_mimxrt1062.o
                0x600065f6                LPI2C3_IRQHandler
 .text.LPI2C4_IRQHandler
                0x600065fe        0x8 ./startup/startup_mimxrt1062.o
                0x600065fe                LPI2C4_IRQHandler
 .text.LPSPI1_IRQHandler
                0x60006606        0x8 ./startup/startup_mimxrt1062.o
                0x60006606                LPSPI1_IRQHandler
 .text.LPSPI2_IRQHandler
                0x6000660e        0x8 ./startup/startup_mimxrt1062.o
                0x6000660e                LPSPI2_IRQHandler
 .text.LPSPI3_IRQHandler
                0x60006616        0x8 ./startup/startup_mimxrt1062.o
                0x60006616                LPSPI3_IRQHandler
 .text.LPSPI4_IRQHandler
                0x6000661e        0x8 ./startup/startup_mimxrt1062.o
                0x6000661e                LPSPI4_IRQHandler
 .text.CAN1_IRQHandler
                0x60006626        0x8 ./startup/startup_mimxrt1062.o
                0x60006626                CAN1_IRQHandler
 .text.CAN2_IRQHandler
                0x6000662e        0x8 ./startup/startup_mimxrt1062.o
                0x6000662e                CAN2_IRQHandler
 .text.FLEXRAM_IRQHandler
                0x60006636        0x8 ./startup/startup_mimxrt1062.o
                0x60006636                FLEXRAM_IRQHandler
 .text.KPP_IRQHandler
                0x6000663e        0x8 ./startup/startup_mimxrt1062.o
                0x6000663e                KPP_IRQHandler
 .text.TSC_DIG_IRQHandler
                0x60006646        0x8 ./startup/startup_mimxrt1062.o
                0x60006646                TSC_DIG_IRQHandler
 .text.GPR_IRQ_IRQHandler
                0x6000664e        0x8 ./startup/startup_mimxrt1062.o
                0x6000664e                GPR_IRQ_IRQHandler
 .text.CSI_IRQHandler
                0x60006656        0x8 ./startup/startup_mimxrt1062.o
                0x60006656                CSI_IRQHandler
 .text.PXP_IRQHandler
                0x6000665e        0x8 ./startup/startup_mimxrt1062.o
                0x6000665e                PXP_IRQHandler
 .text.WDOG2_IRQHandler
                0x60006666        0x8 ./startup/startup_mimxrt1062.o
                0x60006666                WDOG2_IRQHandler
 .text.SNVS_HP_WRAPPER_IRQHandler
                0x6000666e        0x8 ./startup/startup_mimxrt1062.o
                0x6000666e                SNVS_HP_WRAPPER_IRQHandler
 .text.SNVS_HP_WRAPPER_TZ_IRQHandler
                0x60006676        0x8 ./startup/startup_mimxrt1062.o
                0x60006676                SNVS_HP_WRAPPER_TZ_IRQHandler
 .text.SNVS_LP_WRAPPER_IRQHandler
                0x6000667e        0x8 ./startup/startup_mimxrt1062.o
                0x6000667e                SNVS_LP_WRAPPER_IRQHandler
 .text.CSU_IRQHandler
                0x60006686        0x8 ./startup/startup_mimxrt1062.o
                0x60006686                CSU_IRQHandler
 .text.DCP_IRQHandler
                0x6000668e        0x8 ./startup/startup_mimxrt1062.o
                0x6000668e                DCP_IRQHandler
 .text.DCP_VMI_IRQHandler
                0x60006696        0x8 ./startup/startup_mimxrt1062.o
                0x60006696                DCP_VMI_IRQHandler
 .text.Reserved68_IRQHandler
                0x6000669e        0x8 ./startup/startup_mimxrt1062.o
                0x6000669e                Reserved68_IRQHandler
 .text.TRNG_IRQHandler
                0x600066a6        0x8 ./startup/startup_mimxrt1062.o
                0x600066a6                TRNG_IRQHandler
 .text.SJC_IRQHandler
                0x600066ae        0x8 ./startup/startup_mimxrt1062.o
                0x600066ae                SJC_IRQHandler
 .text.BEE_IRQHandler
                0x600066b6        0x8 ./startup/startup_mimxrt1062.o
                0x600066b6                BEE_IRQHandler
 .text.SAI1_IRQHandler
                0x600066be        0x8 ./startup/startup_mimxrt1062.o
                0x600066be                SAI1_IRQHandler
 .text.SAI2_IRQHandler
                0x600066c6        0x8 ./startup/startup_mimxrt1062.o
                0x600066c6                SAI2_IRQHandler
 .text.SAI3_RX_IRQHandler
                0x600066ce        0x8 ./startup/startup_mimxrt1062.o
                0x600066ce                SAI3_RX_IRQHandler
 .text.SAI3_TX_IRQHandler
                0x600066d6        0x8 ./startup/startup_mimxrt1062.o
                0x600066d6                SAI3_TX_IRQHandler
 .text.SPDIF_IRQHandler
                0x600066de        0x8 ./startup/startup_mimxrt1062.o
                0x600066de                SPDIF_IRQHandler
 .text.PMU_EVENT_IRQHandler
                0x600066e6        0x8 ./startup/startup_mimxrt1062.o
                0x600066e6                PMU_EVENT_IRQHandler
 .text.Reserved78_IRQHandler
                0x600066ee        0x8 ./startup/startup_mimxrt1062.o
                0x600066ee                Reserved78_IRQHandler
 .text.TEMP_LOW_HIGH_IRQHandler
                0x600066f6        0x8 ./startup/startup_mimxrt1062.o
                0x600066f6                TEMP_LOW_HIGH_IRQHandler
 .text.TEMP_PANIC_IRQHandler
                0x600066fe        0x8 ./startup/startup_mimxrt1062.o
                0x600066fe                TEMP_PANIC_IRQHandler
 .text.USB_PHY1_IRQHandler
                0x60006706        0x8 ./startup/startup_mimxrt1062.o
                0x60006706                USB_PHY1_IRQHandler
 .text.USB_PHY2_IRQHandler
                0x6000670e        0x8 ./startup/startup_mimxrt1062.o
                0x6000670e                USB_PHY2_IRQHandler
 .text.ADC1_IRQHandler
                0x60006716        0x8 ./startup/startup_mimxrt1062.o
                0x60006716                ADC1_IRQHandler
 .text.ADC2_IRQHandler
                0x6000671e        0x8 ./startup/startup_mimxrt1062.o
                0x6000671e                ADC2_IRQHandler
 .text.DCDC_IRQHandler
                0x60006726        0x8 ./startup/startup_mimxrt1062.o
                0x60006726                DCDC_IRQHandler
 .text.Reserved86_IRQHandler
                0x6000672e        0x8 ./startup/startup_mimxrt1062.o
                0x6000672e                Reserved86_IRQHandler
 .text.GPIO10_Combined_0_31_IRQHandler
                0x60006736        0x8 ./startup/startup_mimxrt1062.o
                0x60006736                GPIO10_Combined_0_31_IRQHandler
 .text.GPIO1_INT0_IRQHandler
                0x6000673e        0x8 ./startup/startup_mimxrt1062.o
                0x6000673e                GPIO1_INT0_IRQHandler
 .text.GPIO1_INT1_IRQHandler
                0x60006746        0x8 ./startup/startup_mimxrt1062.o
                0x60006746                GPIO1_INT1_IRQHandler
 .text.GPIO1_INT2_IRQHandler
                0x6000674e        0x8 ./startup/startup_mimxrt1062.o
                0x6000674e                GPIO1_INT2_IRQHandler
 .text.GPIO1_INT3_IRQHandler
                0x60006756        0x8 ./startup/startup_mimxrt1062.o
                0x60006756                GPIO1_INT3_IRQHandler
 .text.GPIO1_INT4_IRQHandler
                0x6000675e        0x8 ./startup/startup_mimxrt1062.o
                0x6000675e                GPIO1_INT4_IRQHandler
 .text.GPIO1_INT5_IRQHandler
                0x60006766        0x8 ./startup/startup_mimxrt1062.o
                0x60006766                GPIO1_INT5_IRQHandler
 .text.GPIO1_INT6_IRQHandler
                0x6000676e        0x8 ./startup/startup_mimxrt1062.o
                0x6000676e                GPIO1_INT6_IRQHandler
 .text.GPIO1_INT7_IRQHandler
                0x60006776        0x8 ./startup/startup_mimxrt1062.o
                0x60006776                GPIO1_INT7_IRQHandler
 .text.GPIO1_Combined_0_15_IRQHandler
                0x6000677e        0x8 ./startup/startup_mimxrt1062.o
                0x6000677e                GPIO1_Combined_0_15_IRQHandler
 .text.GPIO1_Combined_16_31_IRQHandler
                0x60006786        0x8 ./startup/startup_mimxrt1062.o
                0x60006786                GPIO1_Combined_16_31_IRQHandler
 .text.GPIO2_Combined_0_15_IRQHandler
                0x6000678e        0x8 ./startup/startup_mimxrt1062.o
                0x6000678e                GPIO2_Combined_0_15_IRQHandler
 .text.GPIO2_Combined_16_31_IRQHandler
                0x60006796        0x8 ./startup/startup_mimxrt1062.o
                0x60006796                GPIO2_Combined_16_31_IRQHandler
 .text.GPIO3_Combined_0_15_IRQHandler
                0x6000679e        0x8 ./startup/startup_mimxrt1062.o
                0x6000679e                GPIO3_Combined_0_15_IRQHandler
 .text.GPIO3_Combined_16_31_IRQHandler
                0x600067a6        0x8 ./startup/startup_mimxrt1062.o
                0x600067a6                GPIO3_Combined_16_31_IRQHandler
 .text.GPIO4_Combined_0_15_IRQHandler
                0x600067ae        0x8 ./startup/startup_mimxrt1062.o
                0x600067ae                GPIO4_Combined_0_15_IRQHandler
 .text.GPIO4_Combined_16_31_IRQHandler
                0x600067b6        0x8 ./startup/startup_mimxrt1062.o
                0x600067b6                GPIO4_Combined_16_31_IRQHandler
 .text.GPIO5_Combined_0_15_IRQHandler
                0x600067be        0x8 ./startup/startup_mimxrt1062.o
                0x600067be                GPIO5_Combined_0_15_IRQHandler
 .text.GPIO5_Combined_16_31_IRQHandler
                0x600067c6        0x8 ./startup/startup_mimxrt1062.o
                0x600067c6                GPIO5_Combined_16_31_IRQHandler
 .text.FLEXIO1_IRQHandler
                0x600067ce        0x8 ./startup/startup_mimxrt1062.o
                0x600067ce                FLEXIO1_IRQHandler
 .text.FLEXIO2_IRQHandler
                0x600067d6        0x8 ./startup/startup_mimxrt1062.o
                0x600067d6                FLEXIO2_IRQHandler
 .text.WDOG1_IRQHandler
                0x600067de        0x8 ./startup/startup_mimxrt1062.o
                0x600067de                WDOG1_IRQHandler
 .text.RTWDOG_IRQHandler
                0x600067e6        0x8 ./startup/startup_mimxrt1062.o
                0x600067e6                RTWDOG_IRQHandler
 .text.EWM_IRQHandler
                0x600067ee        0x8 ./startup/startup_mimxrt1062.o
                0x600067ee                EWM_IRQHandler
 .text.CCM_1_IRQHandler
                0x600067f6        0x8 ./startup/startup_mimxrt1062.o
                0x600067f6                CCM_1_IRQHandler
 .text.CCM_2_IRQHandler
                0x600067fe        0x8 ./startup/startup_mimxrt1062.o
                0x600067fe                CCM_2_IRQHandler
 .text.GPC_IRQHandler
                0x60006806        0x8 ./startup/startup_mimxrt1062.o
                0x60006806                GPC_IRQHandler
 .text.SRC_IRQHandler
                0x6000680e        0x8 ./startup/startup_mimxrt1062.o
                0x6000680e                SRC_IRQHandler
 .text.Reserved115_IRQHandler
                0x60006816        0x8 ./startup/startup_mimxrt1062.o
                0x60006816                Reserved115_IRQHandler
 .text.GPT1_IRQHandler
                0x6000681e        0x8 ./startup/startup_mimxrt1062.o
                0x6000681e                GPT1_IRQHandler
 .text.GPT2_IRQHandler
                0x60006826        0x8 ./startup/startup_mimxrt1062.o
                0x60006826                GPT2_IRQHandler
 .text.PWM1_0_IRQHandler
                0x6000682e        0x8 ./startup/startup_mimxrt1062.o
                0x6000682e                PWM1_0_IRQHandler
 .text.PWM1_1_IRQHandler
                0x60006836        0x8 ./startup/startup_mimxrt1062.o
                0x60006836                PWM1_1_IRQHandler
 .text.PWM1_2_IRQHandler
                0x6000683e        0x8 ./startup/startup_mimxrt1062.o
                0x6000683e                PWM1_2_IRQHandler
 .text.PWM1_3_IRQHandler
                0x60006846        0x8 ./startup/startup_mimxrt1062.o
                0x60006846                PWM1_3_IRQHandler
 .text.PWM1_FAULT_IRQHandler
                0x6000684e        0x8 ./startup/startup_mimxrt1062.o
                0x6000684e                PWM1_FAULT_IRQHandler
 .text.FLEXSPI2_IRQHandler
                0x60006856        0x8 ./startup/startup_mimxrt1062.o
                0x60006856                FLEXSPI2_IRQHandler
 .text.FLEXSPI_IRQHandler
                0x6000685e        0x8 ./startup/startup_mimxrt1062.o
                0x6000685e                FLEXSPI_IRQHandler
 .text.SEMC_IRQHandler
                0x60006866        0x8 ./startup/startup_mimxrt1062.o
                0x60006866                SEMC_IRQHandler
 .text.USDHC1_IRQHandler
                0x6000686e        0x8 ./startup/startup_mimxrt1062.o
                0x6000686e                USDHC1_IRQHandler
 .text.USDHC2_IRQHandler
                0x60006876        0x8 ./startup/startup_mimxrt1062.o
                0x60006876                USDHC2_IRQHandler
 .text.USB_OTG2_IRQHandler
                0x6000687e        0x8 ./startup/startup_mimxrt1062.o
                0x6000687e                USB_OTG2_IRQHandler
 .text.USB_OTG1_IRQHandler
                0x60006886        0x8 ./startup/startup_mimxrt1062.o
                0x60006886                USB_OTG1_IRQHandler
 .text.ENET_IRQHandler
                0x6000688e        0x8 ./startup/startup_mimxrt1062.o
                0x6000688e                ENET_IRQHandler
 .text.ENET_1588_Timer_IRQHandler
                0x60006896        0x8 ./startup/startup_mimxrt1062.o
                0x60006896                ENET_1588_Timer_IRQHandler
 .text.XBAR1_IRQ_0_1_IRQHandler
                0x6000689e        0x8 ./startup/startup_mimxrt1062.o
                0x6000689e                XBAR1_IRQ_0_1_IRQHandler
 .text.XBAR1_IRQ_2_3_IRQHandler
                0x600068a6        0x8 ./startup/startup_mimxrt1062.o
                0x600068a6                XBAR1_IRQ_2_3_IRQHandler
 .text.ADC_ETC_IRQ0_IRQHandler
                0x600068ae        0x8 ./startup/startup_mimxrt1062.o
                0x600068ae                ADC_ETC_IRQ0_IRQHandler
 .text.ADC_ETC_IRQ1_IRQHandler
                0x600068b6        0x8 ./startup/startup_mimxrt1062.o
                0x600068b6                ADC_ETC_IRQ1_IRQHandler
 .text.ADC_ETC_IRQ2_IRQHandler
                0x600068be        0x8 ./startup/startup_mimxrt1062.o
                0x600068be                ADC_ETC_IRQ2_IRQHandler
 .text.ADC_ETC_ERROR_IRQ_IRQHandler
                0x600068c6        0x8 ./startup/startup_mimxrt1062.o
                0x600068c6                ADC_ETC_ERROR_IRQ_IRQHandler
 .text.PIT_IRQHandler
                0x600068ce        0x8 ./startup/startup_mimxrt1062.o
                0x600068ce                PIT_IRQHandler
 .text.ACMP1_IRQHandler
                0x600068d6        0x8 ./startup/startup_mimxrt1062.o
                0x600068d6                ACMP1_IRQHandler
 .text.ACMP2_IRQHandler
                0x600068de        0x8 ./startup/startup_mimxrt1062.o
                0x600068de                ACMP2_IRQHandler
 .text.ACMP3_IRQHandler
                0x600068e6        0x8 ./startup/startup_mimxrt1062.o
                0x600068e6                ACMP3_IRQHandler
 .text.ACMP4_IRQHandler
                0x600068ee        0x8 ./startup/startup_mimxrt1062.o
                0x600068ee                ACMP4_IRQHandler
 .text.Reserved143_IRQHandler
                0x600068f6        0x8 ./startup/startup_mimxrt1062.o
                0x600068f6                Reserved143_IRQHandler
 .text.Reserved144_IRQHandler
                0x600068fe        0x8 ./startup/startup_mimxrt1062.o
                0x600068fe                Reserved144_IRQHandler
 .text.ENC1_IRQHandler
                0x60006906        0x8 ./startup/startup_mimxrt1062.o
                0x60006906                ENC1_IRQHandler
 .text.ENC2_IRQHandler
                0x6000690e        0x8 ./startup/startup_mimxrt1062.o
                0x6000690e                ENC2_IRQHandler
 .text.ENC3_IRQHandler
                0x60006916        0x8 ./startup/startup_mimxrt1062.o
                0x60006916                ENC3_IRQHandler
 .text.ENC4_IRQHandler
                0x6000691e        0x8 ./startup/startup_mimxrt1062.o
                0x6000691e                ENC4_IRQHandler
 .text.TMR1_IRQHandler
                0x60006926        0x8 ./startup/startup_mimxrt1062.o
                0x60006926                TMR1_IRQHandler
 .text.TMR2_IRQHandler
                0x6000692e        0x8 ./startup/startup_mimxrt1062.o
                0x6000692e                TMR2_IRQHandler
 .text.TMR3_IRQHandler
                0x60006936        0x8 ./startup/startup_mimxrt1062.o
                0x60006936                TMR3_IRQHandler
 .text.TMR4_IRQHandler
                0x6000693e        0x8 ./startup/startup_mimxrt1062.o
                0x6000693e                TMR4_IRQHandler
 .text.PWM2_0_IRQHandler
                0x60006946        0x8 ./startup/startup_mimxrt1062.o
                0x60006946                PWM2_0_IRQHandler
 .text.PWM2_1_IRQHandler
                0x6000694e        0x8 ./startup/startup_mimxrt1062.o
                0x6000694e                PWM2_1_IRQHandler
 .text.PWM2_2_IRQHandler
                0x60006956        0x8 ./startup/startup_mimxrt1062.o
                0x60006956                PWM2_2_IRQHandler
 .text.PWM2_3_IRQHandler
                0x6000695e        0x8 ./startup/startup_mimxrt1062.o
                0x6000695e                PWM2_3_IRQHandler
 .text.PWM2_FAULT_IRQHandler
                0x60006966        0x8 ./startup/startup_mimxrt1062.o
                0x60006966                PWM2_FAULT_IRQHandler
 .text.PWM3_0_IRQHandler
                0x6000696e        0x8 ./startup/startup_mimxrt1062.o
                0x6000696e                PWM3_0_IRQHandler
 .text.PWM3_1_IRQHandler
                0x60006976        0x8 ./startup/startup_mimxrt1062.o
                0x60006976                PWM3_1_IRQHandler
 .text.PWM3_2_IRQHandler
                0x6000697e        0x8 ./startup/startup_mimxrt1062.o
                0x6000697e                PWM3_2_IRQHandler
 .text.PWM3_3_IRQHandler
                0x60006986        0x8 ./startup/startup_mimxrt1062.o
                0x60006986                PWM3_3_IRQHandler
 .text.PWM3_FAULT_IRQHandler
                0x6000698e        0x8 ./startup/startup_mimxrt1062.o
                0x6000698e                PWM3_FAULT_IRQHandler
 .text.PWM4_0_IRQHandler
                0x60006996        0x8 ./startup/startup_mimxrt1062.o
                0x60006996                PWM4_0_IRQHandler
 .text.PWM4_1_IRQHandler
                0x6000699e        0x8 ./startup/startup_mimxrt1062.o
                0x6000699e                PWM4_1_IRQHandler
 .text.PWM4_2_IRQHandler
                0x600069a6        0x8 ./startup/startup_mimxrt1062.o
                0x600069a6                PWM4_2_IRQHandler
 .text.PWM4_3_IRQHandler
                0x600069ae        0x8 ./startup/startup_mimxrt1062.o
                0x600069ae                PWM4_3_IRQHandler
 .text.PWM4_FAULT_IRQHandler
                0x600069b6        0x8 ./startup/startup_mimxrt1062.o
                0x600069b6                PWM4_FAULT_IRQHandler
 .text.ENET2_IRQHandler
                0x600069be        0x8 ./startup/startup_mimxrt1062.o
                0x600069be                ENET2_IRQHandler
 .text.ENET2_1588_Timer_IRQHandler
                0x600069c6        0x8 ./startup/startup_mimxrt1062.o
                0x600069c6                ENET2_1588_Timer_IRQHandler
 .text.CAN3_IRQHandler
                0x600069ce        0x8 ./startup/startup_mimxrt1062.o
                0x600069ce                CAN3_IRQHandler
 .text.Reserved171_IRQHandler
                0x600069d6        0x8 ./startup/startup_mimxrt1062.o
                0x600069d6                Reserved171_IRQHandler
 .text.FLEXIO3_IRQHandler
                0x600069de        0x8 ./startup/startup_mimxrt1062.o
                0x600069de                FLEXIO3_IRQHandler
 .text.GPIO6_7_8_9_IRQHandler
                0x600069e6        0x8 ./startup/startup_mimxrt1062.o
                0x600069e6                GPIO6_7_8_9_IRQHandler
 .text.EnableIRQ
                0x600069ee       0x32 ./source/elcdif_rgb.o
 .text.LCDIF_IRQHandler
                0x60006a20       0x12 ./source/elcdif_rgb.o
                0x60006a20                LCDIF_IRQHandler
 .text.BOARD_EnableLcdInterrupt
                0x60006a32        0xe ./source/elcdif_rgb.o
                0x60006a32                BOARD_EnableLcdInterrupt
 .text.round    0x60006a40       0x56 ./source/elcdif_rgb.o
                0x60006a40                round
 .text.draw_line
                0x60006a96      0x136 ./source/elcdif_rgb.o
                0x60006a96                draw_line
 .text.HardFault_Handler
                0x60006bcc       0x2c ./source/semihost_hardfault.o
                0x60006bcc                HardFault_Handler
 .text.CLOCK_IsPllBypassed
                0x60006bf8       0x32 ./drivers/fsl_clock.o
 .text.CLOCK_IsPllEnabled
                0x60006c2a       0x3c ./drivers/fsl_clock.o
 .text.CLOCK_GetPllBypassRefClk
                0x60006c66       0x34 ./drivers/fsl_clock.o
 .text._SDK_AtomicLocalClearAndSet4Byte
                0x60006c9a       0x50 ./drivers/fsl_elcdif.o
 .text.CLOCK_EnableClock
                0x60006cea       0x1e ./drivers/fsl_elcdif.o
 .text.ELCDIF_Reset
                0x60006d08       0x4a ./drivers/fsl_elcdif.o
                0x60006d08                ELCDIF_Reset
 .text._SDK_AtomicLocalClearAndSet4Byte
                0x60006d52       0x50 ./drivers/fsl_gpio.o
 .text.CLOCK_EnableClock
                0x60006da2       0x1e ./drivers/fsl_gpio.o
 .text.GPIO_SetPinInterruptConfig
                0x60006dc0       0x22 ./drivers/fsl_gpio.o
 .text._SDK_AtomicLocalClearAndSet4Byte
                0x60006de2       0x50 ./drivers/fsl_lpuart.o
 .text.CLOCK_EnableClock
                0x60006e32       0x1e ./drivers/fsl_lpuart.o
 .text.LPUART_SoftwareReset
                0x60006e50       0x2c ./drivers/fsl_lpuart.o
 .text.SystemInitHook
                0x60006e7c        0xe ./device/system_MIMXRT1062.o
                0x60006e7c                SystemInitHook
 .text.HAL_UartGetStatus
                0x60006e8a       0x28 ./component/uart/fsl_adapter_lpuart.o
 .text.BOARD_InitDebugConsole
                0x60006eb2       0x22 ./board/board.o
                0x60006eb2                BOARD_InitDebugConsole
 .text._SDK_AtomicLocalClearAndSet4Byte
                0x60006ed4       0x50 ./board/clock_config.o
 .text.CLOCK_DisableClock
                0x60006f24       0x1e ./board/clock_config.o
 .text.CLOCK_SetPllBypass
                0x60006f42       0x4e ./board/clock_config.o
 .text.IOMUXC_SetSaiMClkClockSource
                0x60006f90       0x6c ./board/clock_config.o
 .text.BOARD_InitBootClocks
                0x60006ffc        0xc ./board/clock_config.o
                0x60006ffc                BOARD_InitBootClocks
 .text._SDK_AtomicLocalClearAndSet4Byte
                0x60007008       0x50 ./board/pin_mux.o
 .text.CLOCK_EnableClock
                0x60007058       0x1e ./board/pin_mux.o
 .text.IOMUXC_SetPinMux
                0x60007076       0x3a ./board/pin_mux.o
 .text.IOMUXC_SetPinConfig
                0x600070b0       0x26 ./board/pin_mux.o
 .text.BOARD_InitBootPins
                0x600070d6        0xc ./board/pin_mux.o
                0x600070d6                BOARD_InitBootPins
 .text.__main   0x600070e2        0xe c:/nxp/mcuxpressoide_11.7.1_9221/ide/plugins/com.nxp.mcuxpresso.tools.win32_11.7.1.202301190959/tools/bin/../lib/gcc/arm-none-eabi/10.3.1/../../../../arm-none-eabi/lib/thumb/v7e-m+dp/hard\libcr_nohost_nf.a(_cr__main.o)
                0x600070e2                __main
 .text.memcpy   0x600070f0        0x4 c:/nxp/mcuxpressoide_11.7.1_9221/ide/plugins/com.nxp.mcuxpresso.tools.win32_11.7.1.202301190959/tools/bin/../lib/gcc/arm-none-eabi/10.3.1/../../../../arm-none-eabi/lib/thumb/v7e-m+dp/hard\libcr_c.a(memcpy.o)
                0x600070f0                memcpy
 .text.memset   0x600070f4        0x4 c:/nxp/mcuxpressoide_11.7.1_9221/ide/plugins/com.nxp.mcuxpresso.tools.win32_11.7.1.202301190959/tools/bin/../lib/gcc/arm-none-eabi/10.3.1/../../../../arm-none-eabi/lib/thumb/v7e-m+dp/hard\libcr_c.a(memset.o)
                0x600070f4                memset
 .text.free     0x600070f8       0x30 c:/nxp/mcuxpressoide_11.7.1_9221/ide/plugins/com.nxp.mcuxpresso.tools.win32_11.7.1.202301190959/tools/bin/../lib/gcc/arm-none-eabi/10.3.1/../../../../arm-none-eabi/lib/thumb/v7e-m+dp/hard\libcr_c.a(alloc.o)
                0x600070f8                free
 .text.setvbuf  0x60007128       0x3e c:/nxp/mcuxpressoide_11.7.1_9221/ide/plugins/com.nxp.mcuxpresso.tools.win32_11.7.1.202301190959/tools/bin/../lib/gcc/arm-none-eabi/10.3.1/../../../../arm-none-eabi/lib/thumb/v7e-m+dp/hard\libcr_c.a(setvbuf.o)
                0x60007128                setvbuf
 .text.abs      0x60007166        0x8 c:/nxp/mcuxpressoide_11.7.1_9221/ide/plugins/com.nxp.mcuxpresso.tools.win32_11.7.1.202301190959/tools/bin/../lib/gcc/arm-none-eabi/10.3.1/../../../../arm-none-eabi/lib/thumb/v7e-m+dp/hard\libcr_c.a(stdlib.o)
                0x60007166                abs
 .text.strlen   0x6000716e       0x48 c:/nxp/mcuxpressoide_11.7.1_9221/ide/plugins/com.nxp.mcuxpresso.tools.win32_11.7.1.202301190959/tools/bin/../lib/gcc/arm-none-eabi/10.3.1/../../../../arm-none-eabi/lib/thumb/v7e-m+dp/hard\libcr_c.a(strlen.o)
                0x6000716e                strlen
 .text._deferredlazyseek
                0x600071b6       0x40 c:/nxp/mcuxpressoide_11.7.1_9221/ide/plugins/com.nxp.mcuxpresso.tools.win32_11.7.1.202301190959/tools/bin/../lib/gcc/arm-none-eabi/10.3.1/../../../../arm-none-eabi/lib/thumb/v7e-m+dp/hard\libcr_c.a(_deferredlazyseek.o)
                0x600071b6                _deferredlazyseek
 .text._fdopen  0x600071f6       0x68 c:/nxp/mcuxpressoide_11.7.1_9221/ide/plugins/com.nxp.mcuxpresso.tools.win32_11.7.1.202301190959/tools/bin/../lib/gcc/arm-none-eabi/10.3.1/../../../../arm-none-eabi/lib/thumb/v7e-m+dp/hard\libcr_c.a(_fdopen.o)
                0x600071f6                _fdopen
 .text._fflush  0x6000725e       0x52 c:/nxp/mcuxpressoide_11.7.1_9221/ide/plugins/com.nxp.mcuxpresso.tools.win32_11.7.1.202301190959/tools/bin/../lib/gcc/arm-none-eabi/10.3.1/../../../../arm-none-eabi/lib/thumb/v7e-m+dp/hard\libcr_c.a(_fflush.o)
                0x6000725e                _fflush
 .text.fclose   0x600072b0       0x58 c:/nxp/mcuxpressoide_11.7.1_9221/ide/plugins/com.nxp.mcuxpresso.tools.win32_11.7.1.202301190959/tools/bin/../lib/gcc/arm-none-eabi/10.3.1/../../../../arm-none-eabi/lib/thumb/v7e-m+dp/hard\libcr_c.a(fclose.o)
                0x600072b0                fclose
 .text.remove   0x60007308       0x14 c:/nxp/mcuxpressoide_11.7.1_9221/ide/plugins/com.nxp.mcuxpresso.tools.win32_11.7.1.202301190959/tools/bin/../lib/gcc/arm-none-eabi/10.3.1/../../../../arm-none-eabi/lib/thumb/v7e-m+dp/hard\libcr_c.a(remove.o)
                0x60007308                remove
 .text._do_fflush
                0x6000731c       0x40 c:/nxp/mcuxpressoide_11.7.1_9221/ide/plugins/com.nxp.mcuxpresso.tools.win32_11.7.1.202301190959/tools/bin/../lib/gcc/arm-none-eabi/10.3.1/../../../../arm-none-eabi/lib/thumb/v7e-m+dp/hard\libcr_c.a(_do_fflush.o)
                0x6000731c                _do_fflush
 .text.__aeabi_memcpy
                0x6000735c       0x34 c:/nxp/mcuxpressoide_11.7.1_9221/ide/plugins/com.nxp.mcuxpresso.tools.win32_11.7.1.202301190959/tools/bin/../lib/gcc/arm-none-eabi/10.3.1/thumb/v7e-m+dp/hard\libcr_eabihelpers.a(memcpy.o)
                0x6000735c                __aeabi_memcpy
                0x60007366                __aeabi_memcpy8
                0x60007366                __aeabi_memcpy4
 .text.__aeabi_memset_lowlevel
                0x60007390       0x32 c:/nxp/mcuxpressoide_11.7.1_9221/ide/plugins/com.nxp.mcuxpresso.tools.win32_11.7.1.202301190959/tools/bin/../lib/gcc/arm-none-eabi/10.3.1/thumb/v7e-m+dp/hard\libcr_eabihelpers.a(memcpy.o)
                0x60007390                __aeabi_lowlevel_memset
 .text.__sys_close
                0x600073c2        0x6 c:/nxp/mcuxpressoide_11.7.1_9221/ide/plugins/com.nxp.mcuxpresso.tools.win32_11.7.1.202301190959/tools/bin/../lib/gcc/arm-none-eabi/10.3.1/../../../../arm-none-eabi/lib/thumb/v7e-m+dp/hard\libcr_nohost_nf.a(__sys_close.o)
                0x600073c2                __sys_close
 .text.__sys_flen
                0x600073c8        0x6 c:/nxp/mcuxpressoide_11.7.1_9221/ide/plugins/com.nxp.mcuxpresso.tools.win32_11.7.1.202301190959/tools/bin/../lib/gcc/arm-none-eabi/10.3.1/../../../../arm-none-eabi/lib/thumb/v7e-m+dp/hard\libcr_nohost_nf.a(__sys_flen.o)
                0x600073c8                __sys_flen
 .text.__sys_istty
                0x600073ce        0x6 c:/nxp/mcuxpressoide_11.7.1_9221/ide/plugins/com.nxp.mcuxpresso.tools.win32_11.7.1.202301190959/tools/bin/../lib/gcc/arm-none-eabi/10.3.1/../../../../arm-none-eabi/lib/thumb/v7e-m+dp/hard\libcr_nohost_nf.a(__sys_istty.o)
                0x600073ce                __sys_istty
 .text.__sys_remove
                0x600073d4        0x6 c:/nxp/mcuxpressoide_11.7.1_9221/ide/plugins/com.nxp.mcuxpresso.tools.win32_11.7.1.202301190959/tools/bin/../lib/gcc/arm-none-eabi/10.3.1/../../../../arm-none-eabi/lib/thumb/v7e-m+dp/hard\libcr_nohost_nf.a(__sys_remove.o)
                0x600073d4                __sys_remove
 .text.__sys_seek
                0x600073da        0x6 c:/nxp/mcuxpressoide_11.7.1_9221/ide/plugins/com.nxp.mcuxpresso.tools.win32_11.7.1.202301190959/tools/bin/../lib/gcc/arm-none-eabi/10.3.1/../../../../arm-none-eabi/lib/thumb/v7e-m+dp/hard\libcr_nohost_nf.a(__sys_seek.o)
                0x600073da                __sys_seek
 .text.__sys_tmpnam
                0x600073e0        0x6 c:/nxp/mcuxpressoide_11.7.1_9221/ide/plugins/com.nxp.mcuxpresso.tools.win32_11.7.1.202301190959/tools/bin/../lib/gcc/arm-none-eabi/10.3.1/../../../../arm-none-eabi/lib/thumb/v7e-m+dp/hard\libcr_nohost_nf.a(__sys_tmpnam.o)
                0x600073e0                __sys_tmpnam
 .text.__sys_write
                0x600073e6        0x4 c:/nxp/mcuxpressoide_11.7.1_9221/ide/plugins/com.nxp.mcuxpresso.tools.win32_11.7.1.202301190959/tools/bin/../lib/gcc/arm-none-eabi/10.3.1/../../../../arm-none-eabi/lib/thumb/v7e-m+dp/hard\libcr_nohost_nf.a(__sys_write.o)
                0x600073e6                __sys_write
 *(SORT_BY_ALIGNMENT(.rodata) SORT_BY_ALIGNMENT(.rodata.*) SORT_BY_ALIGNMENT(.constdata) SORT_BY_ALIGNMENT(.constdata.*))
 *fill*         0x600073ea        0x2 ff
 .rodata.__assertion_failed.str1.4
                0x600073ec       0x14 ./utilities/fsl_assert.o
 .rodata.CLOCK_SetMux.str1.4
                0x60007400       0x77 ./source/elcdif_rgb.o
 *fill*         0x60007477        0x1 ff
 .rodata.CLOCK_SetDiv.str1.4
                0x60007478       0x77 ./source/elcdif_rgb.o
 *fill*         0x600074ef        0x1 ff
 .rodata        0x600074f0       0x18 ./source/elcdif_rgb.o
 .rodata.main.str1.4
                0x60007508       0x1d ./source/elcdif_rgb.o
 *fill*         0x60007525        0x3 ff
 .rodata.fgColorTable.8
                0x60007528       0x1c ./source/elcdif_rgb.o
 .rodata.bgColor.7
                0x60007544        0x4 ./source/elcdif_rgb.o
 .rodata.CLOCK_InitExternalClk.str1.4
                0x60007548       0x21 ./drivers/fsl_clock.o
 *fill*         0x60007569        0x3 ff
 .rodata.CLOCK_GetPllFreq.str1.4
                0x6000756c       0x6d ./drivers/fsl_clock.o
 *fill*         0x600075d9        0x3 ff
 .rodata.enetRefClkFreq.1
                0x600075dc       0x10 ./drivers/fsl_clock.o
 .rodata.CLOCK_ControlGate.str1.4
                0x600075ec       0x20 ./drivers/fsl_elcdif.o
 .rodata.s_pixelFormatReg
                0x6000760c       0x28 ./drivers/fsl_elcdif.o
 .rodata.ELCDIF_GetInstance.str1.4
                0x60007634       0x37 ./drivers/fsl_elcdif.o
 *fill*         0x6000766b        0x1 ff
 .rodata.ELCDIF_RgbModeInit.str1.4
                0x6000766c       0x74 ./drivers/fsl_elcdif.o
 .rodata.s_elcdifBases.0
                0x600076e0        0x4 ./drivers/fsl_elcdif.o
 .rodata.CLOCK_ControlGate.str1.4
                0x600076e4       0x20 ./drivers/fsl_gpio.o
 .rodata.s_gpioBases
                0x600076e4       0x2c ./drivers/fsl_gpio.o
 .rodata.s_gpioClock
                0x60007710        0xc ./drivers/fsl_gpio.o
 .rodata.GPIO_GetInstance.str1.4
                0x6000771c       0x33 ./drivers/fsl_gpio.o
 *fill*         0x6000774f        0x1 ff
 .rodata.GPIO_PinWrite.str1.4
                0x60007750       0x1b ./drivers/fsl_gpio.o
 .rodata.CLOCK_ControlGate.str1.4
                0x6000776b       0x20 ./drivers/fsl_lpuart.o
 *fill*         0x6000776b        0x1 ff
 .rodata.s_lpuartBases
                0x6000776c       0x24 ./drivers/fsl_lpuart.o
 .rodata.s_lpuartClock
                0x60007790       0x12 ./drivers/fsl_lpuart.o
 *fill*         0x600077a2        0x2 ff
 .rodata.LPUART_GetInstance.str1.4
                0x600077a4       0x38 ./drivers/fsl_lpuart.o
 .rodata.LPUART_Init.str1.4
                0x600077dc      0x10a ./drivers/fsl_lpuart.o
 *fill*         0x600078e6        0x2 ff
 .rodata.LPUART_GetDefaultConfig.str1.4
                0x600078e8       0x22 ./drivers/fsl_lpuart.o
 *fill*         0x6000790a        0x2 ff
 .rodata.LPUART_WriteBlocking.str1.4
                0x6000790c       0x20 ./drivers/fsl_lpuart.o
 .rodata.LPUART_ReadBlocking.str1.4
                0x6000792c       0x21 ./drivers/fsl_lpuart.o
 *fill*         0x6000794d        0x3 ff
 .rodata.s_LpuartAdapterBase
                0x60007950       0x24 ./component/uart/fsl_adapter_lpuart.o
 .rodata.HAL_UartInit.str1.4
                0x60007974      0x105 ./component/uart/fsl_adapter_lpuart.o
 *fill*         0x60007a79        0x3 ff
 .rodata.HAL_UartReceiveBlocking.str1.4
                0x60007a7c       0x7b ./component/uart/fsl_adapter_lpuart.o
 *fill*         0x60007af7        0x1 ff
 .rodata.HAL_UartSendBlocking.str1.4
                0x60007af8       0x7b ./component/uart/fsl_adapter_lpuart.o
 *fill*         0x60007b73        0x1 ff
 .rodata.BOARD_ConfigMPU.str1.4
                0x60007b74       0x69 ./board/board.o
 .rodata.CLOCK_SetMux.str1.4
                0x60007bdd       0x77 ./board/clock_config.o
 .rodata.CLOCK_SetDiv.str1.4
                0x60007bdd       0x77 ./board/clock_config.o
 *fill*         0x60007bdd        0x3 ff
 .rodata.CLOCK_ControlGate.str1.4
                0x60007be0       0x66 ./board/clock_config.o
 *fill*         0x60007c46        0x2 ff
 .rodata.armPllConfig_BOARD_BootClockRUN
                0x60007c48        0x8 ./board/clock_config.o
                0x60007c48                armPllConfig_BOARD_BootClockRUN
 .rodata.CLOCK_ControlGate.str1.4
                0x60007c50       0x66 ./board/pin_mux.o
 .rodata.__num_Ciob_streams
                0x60007c50        0x4 c:/nxp/mcuxpressoide_11.7.1_9221/ide/plugins/com.nxp.mcuxpresso.tools.win32_11.7.1.202301190959/tools/bin/../lib/gcc/arm-none-eabi/10.3.1/../../../../arm-none-eabi/lib/thumb/v7e-m+dp/hard\libcr_nohost_nf.a(__ciob.o)
                0x60007c50                __num_Ciob_streams
 .rodata._initio.str1.1
                0x60007c54        0x4 c:/nxp/mcuxpressoide_11.7.1_9221/ide/plugins/com.nxp.mcuxpresso.tools.win32_11.7.1.202301190959/tools/bin/../lib/gcc/arm-none-eabi/10.3.1/../../../../arm-none-eabi/lib/thumb/v7e-m+dp/hard\libcr_c.a(initio.o)
                0x60007cb8                . = ALIGN (0x4)

.glue_7         0x60007c58        0x0
 .glue_7        0x60007c58        0x0 linker stubs

.glue_7t        0x60007c58        0x0
 .glue_7t       0x60007c58        0x0 linker stubs

.vfp11_veneer   0x60007c58        0x0
 .vfp11_veneer  0x60007c58        0x0 linker stubs

.v4_bx          0x60007c58        0x0
 .v4_bx         0x60007c58        0x0 linker stubs

.iplt           0x60007c58        0x0
 .iplt          0x60007c58        0x0 ./xip/fsl_flexspi_nor_boot.o

.rel.dyn        0x60007c58        0x0
 .rel.iplt      0x60007c58        0x0 ./xip/fsl_flexspi_nor_boot.o

.ARM.extab
 *(SORT_BY_ALIGNMENT(.ARM.extab*) SORT_BY_ALIGNMENT(.gnu.linkonce.armextab.*))

.ARM.exidx      0x60007c58        0x0
                0x60007c58                __exidx_start = .
 *(SORT_BY_ALIGNMENT(.ARM.exidx*) SORT_BY_ALIGNMENT(.gnu.linkonce.armexidx.*))
                0x60007c58                __exidx_end = .
                0x60007c58                _etext = .

.data_RAM2      0x81e00000        0x0 load address 0x60007c58
 FILL mask 0xff
                [!provide]                PROVIDE (__start_data_RAM2 = .)
                [!provide]                PROVIDE (__start_data_NCACHE_REGION = .)
 *(SORT_BY_ALIGNMENT(.ramfunc.$RAM2))
 *(SORT_BY_ALIGNMENT(.ramfunc.$NCACHE_REGION))
 *(SORT_BY_ALIGNMENT(NonCacheable.init))
 *(SORT_BY_ALIGNMENT(.data.$RAM2))
 *(SORT_BY_ALIGNMENT(.data.$NCACHE_REGION))
 *(SORT_BY_ALIGNMENT(.data.$RAM2.*))
 *(SORT_BY_ALIGNMENT(.data.$NCACHE_REGION.*))
                0x81e00000                . = ALIGN (0x4)
                [!provide]                PROVIDE (__end_data_RAM2 = .)
                [!provide]                PROVIDE (__end_data_NCACHE_REGION = .)

.data_RAM3      0x20000000        0x0 load address 0x60007c58
 FILL mask 0xff
                [!provide]                PROVIDE (__start_data_RAM3 = .)
                [!provide]                PROVIDE (__start_data_SRAM_DTC = .)
 *(SORT_BY_ALIGNMENT(.ramfunc.$RAM3))
 *(SORT_BY_ALIGNMENT(.ramfunc.$SRAM_DTC))
 *(SORT_BY_ALIGNMENT(.data.$RAM3))
 *(SORT_BY_ALIGNMENT(.data.$SRAM_DTC))
 *(SORT_BY_ALIGNMENT(.data.$RAM3.*))
 *(SORT_BY_ALIGNMENT(.data.$SRAM_DTC.*))
                0x20000000                . = ALIGN (0x4)
                [!provide]                PROVIDE (__end_data_RAM3 = .)
                [!provide]                PROVIDE (__end_data_SRAM_DTC = .)

.data_RAM4      0x00000000        0x0 load address 0x60007c58
 FILL mask 0xff
                [!provide]                PROVIDE (__start_data_RAM4 = .)
                [!provide]                PROVIDE (__start_data_SRAM_ITC = .)
 *(SORT_BY_ALIGNMENT(.ramfunc.$RAM4))
 *(SORT_BY_ALIGNMENT(.ramfunc.$SRAM_ITC))
 *(SORT_BY_ALIGNMENT(.data.$RAM4))
 *(SORT_BY_ALIGNMENT(.data.$SRAM_ITC))
 *(SORT_BY_ALIGNMENT(.data.$RAM4.*))
 *(SORT_BY_ALIGNMENT(.data.$SRAM_ITC.*))
                0x00000000                . = ALIGN (0x4)
                [!provide]                PROVIDE (__end_data_RAM4 = .)
                [!provide]                PROVIDE (__end_data_SRAM_ITC = .)

.data_RAM5      0x20200000        0x0 load address 0x60007c58
 FILL mask 0xff
                [!provide]                PROVIDE (__start_data_RAM5 = .)
                [!provide]                PROVIDE (__start_data_SRAM_OC = .)
 *(SORT_BY_ALIGNMENT(.ramfunc.$RAM5))
 *(SORT_BY_ALIGNMENT(.ramfunc.$SRAM_OC))
 *(SORT_BY_ALIGNMENT(.data.$RAM5))
 *(SORT_BY_ALIGNMENT(.data.$SRAM_OC))
 *(SORT_BY_ALIGNMENT(.data.$RAM5.*))
 *(SORT_BY_ALIGNMENT(.data.$SRAM_OC.*))
                0x20200000                . = ALIGN (0x4)
                [!provide]                PROVIDE (__end_data_RAM5 = .)
                [!provide]                PROVIDE (__end_data_SRAM_OC = .)

.uninit_RESERVED
                0x80000000        0x0
                0x80000000                _start_uninit_RESERVED = .
 *(SORT_BY_ALIGNMENT(.bss.$RESERVED*))
                0x80000000                . = ALIGN (0x4)
                0x80000000                _end_uninit_RESERVED = .

.data           0x80000000        0xc load address 0x60007c58
 FILL mask 0xff
                0x80000000                _data = .
                [!provide]                PROVIDE (__start_data_RAM = .)
                [!provide]                PROVIDE (__start_data_BOARD_SDRAM = .)
 *(SORT_BY_ALIGNMENT(vtable))
 *(SORT_BY_ALIGNMENT(.ramfunc*))
 *(SORT_BY_ALIGNMENT(CodeQuickAccess))
 *(SORT_BY_ALIGNMENT(DataQuickAccess))
 *(SORT_BY_ALIGNMENT(RamFunction))
 *(SORT_BY_ALIGNMENT(.data*))
 .data.SystemCoreClock
                0x80000000        0x4 ./device/system_MIMXRT1062.o
                0x80000000                SystemCoreClock
 .data.lowerRightX.2
                0x80000004        0x2 ./source/elcdif_rgb.o
 .data.lowerRightY.1
                0x80000006        0x2 ./source/elcdif_rgb.o
 .data.incX.6   0x80000008        0x1 ./source/elcdif_rgb.o
 .data.incY.4   0x80000009        0x1 ./source/elcdif_rgb.o
                0x8000000c                . = ALIGN (0x4)
 *fill*         0x8000000a        0x2 ff
                0x8000000c                _edata = .
                [!provide]                PROVIDE (__end_data_RAM = .)
                [!provide]                PROVIDE (__end_data_BOARD_SDRAM = .)

.igot.plt       0x8000000c        0x0 load address 0x60007c64
 .igot.plt      0x8000000c        0x0 ./xip/fsl_flexspi_nor_boot.o

.bss_RAM2       0x81e00000    0xff000
                [!provide]                PROVIDE (__start_bss_RAM2 = .)
                [!provide]                PROVIDE (__start_bss_NCACHE_REGION = .)
 *(SORT_BY_ALIGNMENT(NonCacheable))
 NonCacheable   0x81e00000    0xff000 ./source/elcdif_rgb.o
 *(SORT_BY_ALIGNMENT(.bss.$RAM2))
 *(SORT_BY_ALIGNMENT(.bss.$NCACHE_REGION))
 *(SORT_BY_ALIGNMENT(.bss.$RAM2.*))
 *(SORT_BY_ALIGNMENT(.bss.$NCACHE_REGION.*))
                0x81eff000                . = ALIGN ((. != 0x0)?0x4:0x1)
                [!provide]                PROVIDE (__end_bss_RAM2 = .)
                [!provide]                PROVIDE (__end_bss_NCACHE_REGION = .)

.bss_RAM3       0x20000000        0x0
                [!provide]                PROVIDE (__start_bss_RAM3 = .)
                [!provide]                PROVIDE (__start_bss_SRAM_DTC = .)
 *(SORT_BY_ALIGNMENT(.bss.$RAM3))
 *(SORT_BY_ALIGNMENT(.bss.$SRAM_DTC))
 *(SORT_BY_ALIGNMENT(.bss.$RAM3.*))
 *(SORT_BY_ALIGNMENT(.bss.$SRAM_DTC.*))
                0x20000000                . = ALIGN ((. != 0x0)?0x4:0x1)
                [!provide]                PROVIDE (__end_bss_RAM3 = .)
                [!provide]                PROVIDE (__end_bss_SRAM_DTC = .)

.bss_RAM4       0x00000000        0x0
                [!provide]                PROVIDE (__start_bss_RAM4 = .)
                [!provide]                PROVIDE (__start_bss_SRAM_ITC = .)
 *(SORT_BY_ALIGNMENT(.bss.$RAM4))
 *(SORT_BY_ALIGNMENT(.bss.$SRAM_ITC))
 *(SORT_BY_ALIGNMENT(.bss.$RAM4.*))
 *(SORT_BY_ALIGNMENT(.bss.$SRAM_ITC.*))
                0x00000000                . = ALIGN ((. != 0x0)?0x4:0x1)
                [!provide]                PROVIDE (__end_bss_RAM4 = .)
                [!provide]                PROVIDE (__end_bss_SRAM_ITC = .)

.bss_RAM5       0x20200000        0x0
                [!provide]                PROVIDE (__start_bss_RAM5 = .)
                [!provide]                PROVIDE (__start_bss_SRAM_OC = .)
 *(SORT_BY_ALIGNMENT(.bss.$RAM5))
 *(SORT_BY_ALIGNMENT(.bss.$SRAM_OC))
 *(SORT_BY_ALIGNMENT(.bss.$RAM5.*))
 *(SORT_BY_ALIGNMENT(.bss.$SRAM_OC.*))
                0x20200000                . = ALIGN ((. != 0x0)?0x4:0x1)
                [!provide]                PROVIDE (__end_bss_RAM5 = .)
                [!provide]                PROVIDE (__end_bss_SRAM_OC = .)

.bss            0x8000000c      0x124
                0x8000000c                _bss = .
                [!provide]                PROVIDE (__start_bss_RAM = .)
                [!provide]                PROVIDE (__start_bss_BOARD_SDRAM = .)
 *(SORT_BY_ALIGNMENT(.bss*))
 .bss.s_debugConsole
                0x8000000c       0x14 ./utilities/fsl_debug_console.o
 .bss.g_xtalFreq
                0x80000020        0x4 ./drivers/fsl_clock.o
                0x80000020                g_xtalFreq
 .bss.g_rtcXtalFreq
                0x80000024        0x4 ./drivers/fsl_clock.o
                0x80000024                g_rtcXtalFreq
 .bss.s_lpuartHandle
                0x80000028       0x24 ./drivers/fsl_lpuart.o
                0x80000028                s_lpuartHandle
 .bss.s_lpuartIsr
                0x8000004c       0x24 ./drivers/fsl_lpuart.o
                0x8000004c                s_lpuartIsr
 .bss.errno     0x80000070        0x4 c:/nxp/mcuxpressoide_11.7.1_9221/ide/plugins/com.nxp.mcuxpresso.tools.win32_11.7.1.202301190959/tools/bin/../lib/gcc/arm-none-eabi/10.3.1/../../../../arm-none-eabi/lib/thumb/v7e-m+dp/hard\libcr_c.a(errno.o)
                0x80000070                errno
 .bss.__Ciob    0x80000074       0xb4 c:/nxp/mcuxpressoide_11.7.1_9221/ide/plugins/com.nxp.mcuxpresso.tools.win32_11.7.1.202301190959/tools/bin/../lib/gcc/arm-none-eabi/10.3.1/../../../../arm-none-eabi/lib/thumb/v7e-m+dp/hard\libcr_nohost_nf.a(__ciob.o)
                0x80000074                __Ciob
 .bss.upperLeftX.5
                0x80000128        0x2 ./source/elcdif_rgb.o
 .bss.upperLeftY.3
                0x8000012a        0x2 ./source/elcdif_rgb.o
 .bss.s_frameDone
                0x8000012c        0x1 ./source/elcdif_rgb.o
 .bss.fgColorIndex.9
                0x8000012d        0x1 ./source/elcdif_rgb.o
 .bss.changeColor.0
                0x8000012e        0x1 ./source/elcdif_rgb.o
 *(SORT_BY_ALIGNMENT(COMMON))
                0x80000130                . = ALIGN (0x4)
 *fill*         0x8000012f        0x1 
                0x80000130                _ebss = .
                [!provide]                PROVIDE (__end_bss_RAM = .)
                [!provide]                PROVIDE (__end_bss_BOARD_SDRAM = .)
                [!provide]                PROVIDE (end = .)

.noinit_RAM2    0x81eff000        0x0
                [!provide]                PROVIDE (__start_noinit_RAM2 = .)
                [!provide]                PROVIDE (__start_noinit_NCACHE_REGION = .)
 *(SORT_BY_ALIGNMENT(.noinit.$RAM2))
 *(SORT_BY_ALIGNMENT(.noinit.$NCACHE_REGION))
 *(SORT_BY_ALIGNMENT(.noinit.$RAM2.*))
 *(SORT_BY_ALIGNMENT(.noinit.$NCACHE_REGION.*))
                0x81eff000                . = ALIGN (0x4)
                [!provide]                PROVIDE (__end_noinit_RAM2 = .)
                [!provide]                PROVIDE (__end_noinit_NCACHE_REGION = .)

.noinit_RAM3    0x20000000        0x0
                [!provide]                PROVIDE (__start_noinit_RAM3 = .)
                [!provide]                PROVIDE (__start_noinit_SRAM_DTC = .)
 *(SORT_BY_ALIGNMENT(.noinit.$RAM3))
 *(SORT_BY_ALIGNMENT(.noinit.$SRAM_DTC))
 *(SORT_BY_ALIGNMENT(.noinit.$RAM3.*))
 *(SORT_BY_ALIGNMENT(.noinit.$SRAM_DTC.*))
                0x20000000                . = ALIGN (0x4)
                [!provide]                PROVIDE (__end_noinit_RAM3 = .)
                [!provide]                PROVIDE (__end_noinit_SRAM_DTC = .)

.noinit_RAM4    0x00000000        0x0
                [!provide]                PROVIDE (__start_noinit_RAM4 = .)
                [!provide]                PROVIDE (__start_noinit_SRAM_ITC = .)
 *(SORT_BY_ALIGNMENT(.noinit.$RAM4))
 *(SORT_BY_ALIGNMENT(.noinit.$SRAM_ITC))
 *(SORT_BY_ALIGNMENT(.noinit.$RAM4.*))
 *(SORT_BY_ALIGNMENT(.noinit.$SRAM_ITC.*))
                0x00000000                . = ALIGN (0x4)
                [!provide]                PROVIDE (__end_noinit_RAM4 = .)
                [!provide]                PROVIDE (__end_noinit_SRAM_ITC = .)

.noinit_RAM5    0x20200000        0x0
                [!provide]                PROVIDE (__start_noinit_RAM5 = .)
                [!provide]                PROVIDE (__start_noinit_SRAM_OC = .)
 *(SORT_BY_ALIGNMENT(.noinit.$RAM5))
 *(SORT_BY_ALIGNMENT(.noinit.$SRAM_OC))
 *(SORT_BY_ALIGNMENT(.noinit.$RAM5.*))
 *(SORT_BY_ALIGNMENT(.noinit.$SRAM_OC.*))
                0x20200000                . = ALIGN (0x4)
                [!provide]                PROVIDE (__end_noinit_RAM5 = .)
                [!provide]                PROVIDE (__end_noinit_SRAM_OC = .)

.noinit         0x80000130        0x0
                0x80000130                _noinit = .
                [!provide]                PROVIDE (__start_noinit_RAM = .)
                [!provide]                PROVIDE (__start_noinit_BOARD_SDRAM = .)
 *(SORT_BY_ALIGNMENT(.noinit*))
                0x80000130                . = ALIGN (0x4)
                0x80000130                _end_noinit = .
                [!provide]                PROVIDE (__end_noinit_RAM = .)
                [!provide]                PROVIDE (__end_noinit_BOARD_SDRAM = .)
                0x00001000                _HeapSize = 0x1000

.heap           0x80000130     0x1000
                0x80000130                _pvHeapStart = .
                0x80001130                . = (. + _HeapSize)
 *fill*         0x80000130     0x1000 
                0x80001130                . = ALIGN (0x4)
                0x80001130                _pvHeapLimit = .
                0x00001000                _StackSize = 0x1000

.heap2stackfill
                0x80001130     0x1000
                0x80002130                . = (. + _StackSize)
 *fill*         0x80001130     0x1000 

.stack          0x81dff000        0x0
                0x81dff000                _vStackBase = .
                0x81dff000                . = ALIGN (0x4)
                0x81e00000                _vStackTop = (. + _StackSize)
                0x60002000                _image_start = LOADADDR (.text)
                0x60007c64                _image_end = (LOADADDR (.data) + SIZEOF (.data))
                0x00005c64                _image_size = (_image_end - _image_start)
OUTPUT(evkmimxrt1060_elcdif_rgb.axf elf32-littlearm)
LOAD linker stubs

.debug_info     0x00000000     0xff0e
 .debug_info    0x00000000      0x84e ./xip/evkmimxrt1060_flexspi_nor_config.o
 .debug_info    0x0000084e      0x49c ./xip/fsl_flexspi_nor_boot.o
 .debug_info    0x00000cea       0xaa ./utilities/fsl_assert.o
 .debug_info    0x00000d94      0xb52 ./utilities/fsl_debug_console.o
 .debug_info    0x000018e6      0xe3d ./startup/startup_mimxrt1062.o
 .debug_info    0x00002723     0x1b19 ./source/elcdif_rgb.o
 .debug_info    0x0000423c       0x3c ./source/semihost_hardfault.o
 .debug_info    0x00004278     0x251f ./drivers/fsl_clock.o
 .debug_info    0x00006797     0x1400 ./drivers/fsl_elcdif.o
 .debug_info    0x00007b97      0xe04 ./drivers/fsl_gpio.o
 .debug_info    0x0000899b     0x2853 ./drivers/fsl_lpuart.o
 .debug_info    0x0000b1ee      0xc53 ./device/system_MIMXRT1062.o
 .debug_info    0x0000be41      0xb12 ./component/uart/fsl_adapter_lpuart.o
 .debug_info    0x0000c953      0xfc0 ./board/board.o
 .debug_info    0x0000d913     0x1a62 ./board/clock_config.o
 .debug_info    0x0000f375       0xa1 ./board/dcd.o
 .debug_info    0x0000f416      0xaf8 ./board/pin_mux.o

.debug_abbrev   0x00000000     0x2151
 .debug_abbrev  0x00000000      0x10a ./xip/evkmimxrt1060_flexspi_nor_config.o
 .debug_abbrev  0x0000010a       0xe2 ./xip/fsl_flexspi_nor_boot.o
 .debug_abbrev  0x000001ec       0x66 ./utilities/fsl_assert.o
 .debug_abbrev  0x00000252      0x22d ./utilities/fsl_debug_console.o
 .debug_abbrev  0x0000047f      0x152 ./startup/startup_mimxrt1062.o
 .debug_abbrev  0x000005d1      0x318 ./source/elcdif_rgb.o
 .debug_abbrev  0x000008e9       0x31 ./source/semihost_hardfault.o
 .debug_abbrev  0x0000091a      0x33b ./drivers/fsl_clock.o
 .debug_abbrev  0x00000c55      0x2ea ./drivers/fsl_elcdif.o
 .debug_abbrev  0x00000f3f      0x2a1 ./drivers/fsl_gpio.o
 .debug_abbrev  0x000011e0      0x459 ./drivers/fsl_lpuart.o
 .debug_abbrev  0x00001639      0x16e ./device/system_MIMXRT1062.o
 .debug_abbrev  0x000017a7      0x1ad ./component/uart/fsl_adapter_lpuart.o
 .debug_abbrev  0x00001954      0x2ab ./board/board.o
 .debug_abbrev  0x00001bff      0x2e0 ./board/clock_config.o
 .debug_abbrev  0x00001edf       0x64 ./board/dcd.o
 .debug_abbrev  0x00001f43      0x20e ./board/pin_mux.o

.debug_aranges  0x00000000      0xce8
 .debug_aranges
                0x00000000       0x18 ./xip/evkmimxrt1060_flexspi_nor_config.o
 .debug_aranges
                0x00000018       0x18 ./xip/fsl_flexspi_nor_boot.o
 .debug_aranges
                0x00000030       0x20 ./utilities/fsl_assert.o
 .debug_aranges
                0x00000050       0x68 ./utilities/fsl_debug_console.o
 .debug_aranges
                0x000000b8      0x570 ./startup/startup_mimxrt1062.o
 .debug_aranges
                0x00000628       0xa8 ./source/elcdif_rgb.o
 .debug_aranges
                0x000006d0       0x20 ./source/semihost_hardfault.o
 .debug_aranges
                0x000006f0      0x1b0 ./drivers/fsl_clock.o
 .debug_aranges
                0x000008a0       0x78 ./drivers/fsl_elcdif.o
 .debug_aranges
                0x00000918       0x58 ./drivers/fsl_gpio.o
 .debug_aranges
                0x00000970      0x1a8 ./drivers/fsl_lpuart.o
 .debug_aranges
                0x00000b18       0x30 ./device/system_MIMXRT1062.o
 .debug_aranges
                0x00000b48       0x58 ./component/uart/fsl_adapter_lpuart.o
 .debug_aranges
                0x00000ba0       0x58 ./board/board.o
 .debug_aranges
                0x00000bf8       0x80 ./board/clock_config.o
 .debug_aranges
                0x00000c78       0x18 ./board/dcd.o
 .debug_aranges
                0x00000c90       0x58 ./board/pin_mux.o

.debug_macro    0x00000000    0x2d7f9
 .debug_macro   0x00000000      0x142 ./xip/evkmimxrt1060_flexspi_nor_config.o
 .debug_macro   0x00000142      0xade ./xip/evkmimxrt1060_flexspi_nor_config.o
 .debug_macro   0x00000c20       0x10 ./xip/evkmimxrt1060_flexspi_nor_config.o
 .debug_macro   0x00000c30      0x12e ./xip/evkmimxrt1060_flexspi_nor_config.o
 .debug_macro   0x00000d5e      0x5b3 ./xip/evkmimxrt1060_flexspi_nor_config.o
 .debug_macro   0x00001311       0x22 ./xip/evkmimxrt1060_flexspi_nor_config.o
 .debug_macro   0x00001333       0x16 ./xip/evkmimxrt1060_flexspi_nor_config.o
 .debug_macro   0x00001349       0x22 ./xip/evkmimxrt1060_flexspi_nor_config.o
 .debug_macro   0x0000136b       0x10 ./xip/evkmimxrt1060_flexspi_nor_config.o
 .debug_macro   0x0000137b       0x4d ./xip/evkmimxrt1060_flexspi_nor_config.o
 .debug_macro   0x000013c8       0x1c ./xip/evkmimxrt1060_flexspi_nor_config.o
 .debug_macro   0x000013e4       0x22 ./xip/evkmimxrt1060_flexspi_nor_config.o
 .debug_macro   0x00001406       0xfb ./xip/evkmimxrt1060_flexspi_nor_config.o
 .debug_macro   0x00001501     0x1313 ./xip/evkmimxrt1060_flexspi_nor_config.o
 .debug_macro   0x00002814      0x11f ./xip/evkmimxrt1060_flexspi_nor_config.o
 .debug_macro   0x00002933       0x22 ./xip/evkmimxrt1060_flexspi_nor_config.o
 .debug_macro   0x00002955       0x22 ./xip/evkmimxrt1060_flexspi_nor_config.o
 .debug_macro   0x00002977    0x26960 ./xip/evkmimxrt1060_flexspi_nor_config.o
 .debug_macro   0x000292d7      0x871 ./xip/evkmimxrt1060_flexspi_nor_config.o
 .debug_macro   0x00029b48       0x7a ./xip/evkmimxrt1060_flexspi_nor_config.o
 .debug_macro   0x00029bc2       0xaf ./xip/evkmimxrt1060_flexspi_nor_config.o
 .debug_macro   0x00029c71      0x24e ./xip/evkmimxrt1060_flexspi_nor_config.o
 .debug_macro   0x00029ebf      0x1a4 ./xip/evkmimxrt1060_flexspi_nor_config.o
 .debug_macro   0x0002a063      0x167 ./xip/fsl_flexspi_nor_boot.o
 .debug_macro   0x0002a1ca      0x2ad ./xip/fsl_flexspi_nor_boot.o
 .debug_macro   0x0002a477       0x10 ./xip/fsl_flexspi_nor_boot.o
 .debug_macro   0x0002a487      0x16e ./xip/fsl_flexspi_nor_boot.o
 .debug_macro   0x0002a5f5       0x7c ./xip/fsl_flexspi_nor_boot.o
 .debug_macro   0x0002a671      0x13e ./utilities/fsl_assert.o
 .debug_macro   0x0002a7af       0x1c ./utilities/fsl_assert.o
 .debug_macro   0x0002a7cb       0x1c ./utilities/fsl_assert.o
 .debug_macro   0x0002a7e7       0x1c ./utilities/fsl_assert.o
 .debug_macro   0x0002a803       0x3a ./utilities/fsl_assert.o
 .debug_macro   0x0002a83d      0x16e ./utilities/fsl_debug_console.o
 .debug_macro   0x0002a9ab       0x16 ./utilities/fsl_debug_console.o
 .debug_macro   0x0002a9c1       0x10 ./utilities/fsl_debug_console.o
 .debug_macro   0x0002a9d1       0x28 ./utilities/fsl_debug_console.o
 .debug_macro   0x0002a9f9       0xc4 ./utilities/fsl_debug_console.o
 .debug_macro   0x0002aabd       0x16 ./utilities/fsl_debug_console.o
 .debug_macro   0x0002aad3       0x46 ./utilities/fsl_debug_console.o
 .debug_macro   0x0002ab19       0x29 ./startup/startup_mimxrt1062.o
 .debug_macro   0x0002ab42      0x1d3 ./source/elcdif_rgb.o
 .debug_macro   0x0002ad15       0x3a ./source/elcdif_rgb.o
 .debug_macro   0x0002ad4f       0x16 ./source/elcdif_rgb.o
 .debug_macro   0x0002ad65       0x11 ./source/semihost_hardfault.o
 .debug_macro   0x0002ad76      0x12d ./drivers/fsl_clock.o
 .debug_macro   0x0002aea3      0x13c ./drivers/fsl_elcdif.o
 .debug_macro   0x0002afdf       0x34 ./drivers/fsl_elcdif.o
 .debug_macro   0x0002b013      0x13d ./drivers/fsl_gpio.o
 .debug_macro   0x0002b150      0x13c ./drivers/fsl_lpuart.o
 .debug_macro   0x0002b28c       0x10 ./drivers/fsl_lpuart.o
 .debug_macro   0x0002b29c       0xb3 ./device/system_MIMXRT1062.o
 .debug_macro   0x0002b34f      0x15b ./component/uart/fsl_adapter_lpuart.o
 .debug_macro   0x0002b4aa       0x40 ./component/uart/fsl_adapter_lpuart.o
 .debug_macro   0x0002b4ea      0x16c ./board/board.o
 .debug_macro   0x0002b656     0x1c11 ./board/board.o
 .debug_macro   0x0002d267      0x13f ./board/clock_config.o
 .debug_macro   0x0002d3a6      0x2a7 ./board/clock_config.o
 .debug_macro   0x0002d64d       0x51 ./board/dcd.o
 .debug_macro   0x0002d69e       0x22 ./board/dcd.o
 .debug_macro   0x0002d6c0      0x139 ./board/pin_mux.o

.debug_line     0x00000000     0x8088
 .debug_line    0x00000000      0x39f ./xip/evkmimxrt1060_flexspi_nor_config.o
 .debug_line    0x0000039f      0x3f6 ./xip/fsl_flexspi_nor_boot.o
 .debug_line    0x00000795      0x3a7 ./utilities/fsl_assert.o
 .debug_line    0x00000b3c      0x837 ./utilities/fsl_debug_console.o
 .debug_line    0x00001373      0xfd5 ./startup/startup_mimxrt1062.o
 .debug_line    0x00002348      0x894 ./source/elcdif_rgb.o
 .debug_line    0x00002bdc       0x59 ./source/semihost_hardfault.o
 .debug_line    0x00002c35     0x119b ./drivers/fsl_clock.o
 .debug_line    0x00003dd0      0x679 ./drivers/fsl_elcdif.o
 .debug_line    0x00004449      0x556 ./drivers/fsl_gpio.o
 .debug_line    0x0000499f     0x149f ./drivers/fsl_lpuart.o
 .debug_line    0x00005e3e      0x4e4 ./device/system_MIMXRT1062.o
 .debug_line    0x00006322      0x567 ./component/uart/fsl_adapter_lpuart.o
 .debug_line    0x00006889      0x840 ./board/board.o
 .debug_line    0x000070c9      0x8f9 ./board/clock_config.o
 .debug_line    0x000079c2      0x168 ./board/dcd.o
 .debug_line    0x00007b2a      0x55e ./board/pin_mux.o

.debug_str      0x00000000   0x169d26
 .debug_str     0x00000000   0x14d8f9 ./xip/evkmimxrt1060_flexspi_nor_config.o
                             0x14d988 (size before relaxing)
 .debug_str     0x0014d8f9     0x1fb7 ./xip/fsl_flexspi_nor_boot.o
                             0x14eac1 (size before relaxing)
 .debug_str     0x0014f8b0      0x1f8 ./utilities/fsl_assert.o
                             0x14c351 (size before relaxing)
 .debug_str     0x0014faa8      0xcd0 ./utilities/fsl_debug_console.o
                             0x14d9ec (size before relaxing)
 .debug_str     0x00150778      0xe27 ./startup/startup_mimxrt1062.o
                               0x3d12 (size before relaxing)
 .debug_str     0x0015159f     0x1c52 ./source/elcdif_rgb.o
                             0x1506df (size before relaxing)
 .debug_str     0x001531f1       0x1f ./source/semihost_hardfault.o
                               0x2e95 (size before relaxing)
 .debug_str     0x00153210     0x1594 ./drivers/fsl_clock.o
                             0x14e698 (size before relaxing)
 .debug_str     0x001547a4      0x944 ./drivers/fsl_elcdif.o
                             0x14dd54 (size before relaxing)
 .debug_str     0x001550e8       0xdb ./drivers/fsl_gpio.o
                             0x14d5ce (size before relaxing)
 .debug_str     0x001551c3     0x11dd ./drivers/fsl_lpuart.o
                             0x14f0bb (size before relaxing)
 .debug_str     0x001563a0      0x1fc ./device/system_MIMXRT1062.o
                             0x149646 (size before relaxing)
 .debug_str     0x0015659c      0x177 ./component/uart/fsl_adapter_lpuart.o
                             0x14d590 (size before relaxing)
 .debug_str     0x00156713    0x13134 ./board/board.o
                             0x161937 (size before relaxing)