C:\Users\12291\Desktop\NXP\workspace\evkmimxrt1060_elcdif_rgb\CMSIS/core_cm7.h:1911:22:__NVIC_EnableIRQ	16	static
C:\Users\12291\Desktop\NXP\workspace\evkmimxrt1060_elcdif_rgb\drivers/fsl_clock.h:1408:20:CLOCK_SetMux	24	static
C:\Users\12291\Desktop\NXP\workspace\evkmimxrt1060_elcdif_rgb\drivers/fsl_clock.h:1460:20:CLOCK_SetDiv	24	static
C:\Users\12291\Desktop\NXP\workspace\evkmimxrt1060_elcdif_rgb\drivers/fsl_common_arm.h:499:24:EnableIRQ	24	static
C:\Users\12291\Desktop\NXP\workspace\evkmimxrt1060_elcdif_rgb\drivers/fsl_elcdif.h:375:20:ELCDIF_RgbModeStart	16	static
C:\Users\12291\Desktop\NXP\workspace\evkmimxrt1060_elcdif_rgb\drivers/fsl_elcdif.h:542:20:ELCDIF_EnableInterrupts	16	static
C:\Users\12291\Desktop\NXP\workspace\evkmimxrt1060_elcdif_rgb\drivers/fsl_elcdif.h:570:24:ELCDIF_GetInterruptStatus	24	static
C:\Users\12291\Desktop\NXP\workspace\evkmimxrt1060_elcdif_rgb\drivers/fsl_elcdif.h:588:20:ELCDIF_ClearInterruptStatus	16	static
../source/elcdif_rgb.c:64:6:LCDIF_IRQHandler	8	static
../source/elcdif_rgb.c:71:6:BOARD_EnableLcdInterrupt	8	static
../source/elcdif_rgb.c:77:6:BOARD_InitLcd	16	static
../source/elcdif_rgb.c:90:6:BOARD_InitLcdifPixelClock	24	static
../source/elcdif_rgb.c:127:6:APP_LCDIF_IRQHandler	16	static
../source/elcdif_rgb.c:142:6:APP_ELCDIF_Init	40	static
../source/elcdif_rgb.c:165:10:round	16	static
../source/elcdif_rgb.c:169:6:draw_line	72	static
../source/elcdif_rgb.c:191:6:APP_FillFrameBuffer	32	static
../source/elcdif_rgb.c:299:5:main	16	static
