Archive member included to satisfy reference by file (symbol)

c:/nxp/mcuxpressoide_11.7.1_9221/ide/plugins/com.nxp.mcuxpresso.tools.win32_11.7.1.202301190959/tools/bin/../lib/gcc/arm-none-eabi/10.3.1/../../../../arm-none-eabi/lib/thumb/v7e-m+dp/hard\libcr_nohost_nf.a(_cr__main.o)
                              ./startup/startup_mimxrt1062.o (__main)
c:/nxp/mcuxpressoide_11.7.1_9221/ide/plugins/com.nxp.mcuxpresso.tools.win32_11.7.1.202301190959/tools/bin/../lib/gcc/arm-none-eabi/10.3.1/../../../../arm-none-eabi/lib/thumb/v7e-m+dp/hard\libcr_c.a(memcpy.o)
                              ./utilities/fsl_debug_console.o (memcpy)
c:/nxp/mcuxpressoide_11.7.1_9221/ide/plugins/com.nxp.mcuxpresso.tools.win32_11.7.1.202301190959/tools/bin/../lib/gcc/arm-none-eabi/10.3.1/../../../../arm-none-eabi/lib/thumb/v7e-m+dp/hard\libcr_c.a(memset.o)
                              ./source/elcdif_rgb.o (memset)
c:/nxp/mcuxpressoide_11.7.1_9221/ide/plugins/com.nxp.mcuxpresso.tools.win32_11.7.1.202301190959/tools/bin/../lib/gcc/arm-none-eabi/10.3.1/../../../../arm-none-eabi/lib/thumb/v7e-m+dp/hard\libcr_c.a(alloc.o)
                              ./drivers/fsl_common.o (malloc)
c:/nxp/mcuxpressoide_11.7.1_9221/ide/plugins/com.nxp.mcuxpresso.tools.win32_11.7.1.202301190959/tools/bin/../lib/gcc/arm-none-eabi/10.3.1/../../../../arm-none-eabi/lib/thumb/v7e-m+dp/hard\libcr_c.a(cos.o)
                              ./source/elcdif_rgb.o (cos)
c:/nxp/mcuxpressoide_11.7.1_9221/ide/plugins/com.nxp.mcuxpresso.tools.win32_11.7.1.202301190959/tools/bin/../lib/gcc/arm-none-eabi/10.3.1/../../../../arm-none-eabi/lib/thumb/v7e-m+dp/hard\libcr_c.a(errno.o)
                              ./utilities/fsl_str.o (errno)
c:/nxp/mcuxpressoide_11.7.1_9221/ide/plugins/com.nxp.mcuxpresso.tools.win32_11.7.1.202301190959/tools/bin/../lib/gcc/arm-none-eabi/10.3.1/../../../../arm-none-eabi/lib/thumb/v7e-m+dp/hard\libcr_c.a(initio.o)
                              c:/nxp/mcuxpressoide_11.7.1_9221/ide/plugins/com.nxp.mcuxpresso.tools.win32_11.7.1.202301190959/tools/bin/../lib/gcc/arm-none-eabi/10.3.1/../../../../arm-none-eabi/lib/thumb/v7e-m+dp/hard\libcr_nohost_nf.a(_cr__main.o) (_initio)
c:/nxp/mcuxpressoide_11.7.1_9221/ide/plugins/com.nxp.mcuxpresso.tools.win32_11.7.1.202301190959/tools/bin/../lib/gcc/arm-none-eabi/10.3.1/../../../../arm-none-eabi/lib/thumb/v7e-m+dp/hard\libcr_c.a(modf.o)
                              ./utilities/fsl_debug_console.o (modf)
c:/nxp/mcuxpressoide_11.7.1_9221/ide/plugins/com.nxp.mcuxpresso.tools.win32_11.7.1.202301190959/tools/bin/../lib/gcc/arm-none-eabi/10.3.1/../../../../arm-none-eabi/lib/thumb/v7e-m+dp/hard\libcr_c.a(pow.o)
                              ./utilities/fsl_debug_console.o (pow)
c:/nxp/mcuxpressoide_11.7.1_9221/ide/plugins/com.nxp.mcuxpresso.tools.win32_11.7.1.202301190959/tools/bin/../lib/gcc/arm-none-eabi/10.3.1/../../../../arm-none-eabi/lib/thumb/v7e-m+dp/hard\libcr_c.a(scanf.o)
                              ./utilities/fsl_str.o (strtoul)
c:/nxp/mcuxpressoide_11.7.1_9221/ide/plugins/com.nxp.mcuxpresso.tools.win32_11.7.1.202301190959/tools/bin/../lib/gcc/arm-none-eabi/10.3.1/../../../../arm-none-eabi/lib/thumb/v7e-m+dp/hard\libcr_c.a(setvbuf.o)
                              c:/nxp/mcuxpressoide_11.7.1_9221/ide/plugins/com.nxp.mcuxpresso.tools.win32_11.7.1.202301190959/tools/bin/../lib/gcc/arm-none-eabi/10.3.1/../../../../arm-none-eabi/lib/thumb/v7e-m+dp/hard\libcr_c.a(initio.o) (setvbuf)
c:/nxp/mcuxpressoide_11.7.1_9221/ide/plugins/com.nxp.mcuxpresso.tools.win32_11.7.1.202301190959/tools/bin/../lib/gcc/arm-none-eabi/10.3.1/../../../../arm-none-eabi/lib/thumb/v7e-m+dp/hard\libcr_c.a(sin.o)
                              ./source/elcdif_rgb.o (sin)
c:/nxp/mcuxpressoide_11.7.1_9221/ide/plugins/com.nxp.mcuxpresso.tools.win32_11.7.1.202301190959/tools/bin/../lib/gcc/arm-none-eabi/10.3.1/../../../../arm-none-eabi/lib/thumb/v7e-m+dp/hard\libcr_c.a(sqrt.o)
                              ./source/elcdif_rgb.o (sqrt)
c:/nxp/mcuxpressoide_11.7.1_9221/ide/plugins/com.nxp.mcuxpresso.tools.win32_11.7.1.202301190959/tools/bin/../lib/gcc/arm-none-eabi/10.3.1/../../../../arm-none-eabi/lib/thumb/v7e-m+dp/hard\libcr_c.a(stdlib.o)
                              ./source/elcdif_rgb.o (abs)
c:/nxp/mcuxpressoide_11.7.1_9221/ide/plugins/com.nxp.mcuxpresso.tools.win32_11.7.1.202301190959/tools/bin/../lib/gcc/arm-none-eabi/10.3.1/../../../../arm-none-eabi/lib/thumb/v7e-m+dp/hard\libcr_c.a(strlen.o)
                              ./utilities/fsl_debug_console.o (strlen)
c:/nxp/mcuxpressoide_11.7.1_9221/ide/plugins/com.nxp.mcuxpresso.tools.win32_11.7.1.202301190959/tools/bin/../lib/gcc/arm-none-eabi/10.3.1/../../../../arm-none-eabi/lib/thumb/v7e-m+dp/hard\libcr_c.a(ungetc.o)
                              c:/nxp/mcuxpressoide_11.7.1_9221/ide/plugins/com.nxp.mcuxpresso.tools.win32_11.7.1.202301190959/tools/bin/../lib/gcc/arm-none-eabi/10.3.1/../../../../arm-none-eabi/lib/thumb/v7e-m+dp/hard\libcr_c.a(scanf.o) (ungetc)
[...]
Memory Configuration

Name             Origin             Length             Attributes
BOARD_FLASH      0x60000000         0x00800000         xr
BOARD_SDRAM      0x80000000         0x01e00000         xrw
NCACHE_REGION    0x81e00000         0x00200000         xrw
SRAM_DTC         0x20000000         0x00020000         xrw
SRAM_ITC         0x00000000         0x00020000         xrw
SRAM_OC          0x20200000         0x000c0000         xrw
*default*        0x00000000         0xffffffff

Linker script and memory map

LOAD ./xip/evkmimxrt1060_flexspi_nor_config.o
LOAD ./xip/fsl_flexspi_nor_boot.o
LOAD ./utilities/fsl_assert.o
LOAD ./utilities/fsl_debug_console.o
LOAD ./utilities/fsl_str.o
LOAD ./startup/startup_mimxrt1062.o
LOAD ./source/elcdif_rgb.o
LOAD ./source/semihost_hardfault.o
LOAD ./drivers/fsl_clock.o
LOAD ./drivers/fsl_common.o
LOAD ./drivers/fsl_common_arm.o
LOAD ./drivers/fsl_elcdif.o
LOAD ./drivers/fsl_gpio.o
LOAD ./drivers/fsl_lpuart.o
LOAD ./device/system_MIMXRT1062.o
LOAD ./component/uart/fsl_adapter_lpuart.o
LOAD ./component/lists/fsl_component_generic_list.o
LOAD ./board/board.o
LOAD ./board/clock_config.o
LOAD ./board/dcd.o
LOAD ./board/pin_mux.o
START GROUP
LOAD c:/nxp/mcuxpressoide_11.7.1_9221/ide/plugins/com.nxp.mcuxpresso.tools.win32_11.7.1.202301190959/tools/bin/../lib/gcc/arm-none-eabi/10.3.1/../../../../arm-none-eabi/lib/thumb/v7e-m+dp/hard\libcr_nohost_nf.a
LOAD c:/nxp/mcuxpressoide_11.7.1_9221/ide/plugins/com.nxp.mcuxpresso.tools.win32_11.7.1.202301190959/tools/bin/../lib/gcc/arm-none-eabi/10.3.1/../../../../arm-none-eabi/lib/thumb/v7e-m+dp/hard\libcr_c.a
LOAD c:/nxp/mcuxpressoide_11.7.1_9221/ide/plugins/com.nxp.mcuxpresso.tools.win32_11.7.1.202301190959/tools/bin/../lib/gcc/arm-none-eabi/10.3.1/thumb/v7e-m+dp/hard\libcr_eabihelpers.a
LOAD c:/nxp/mcuxpressoide_11.7.1_9221/ide/plugins/com.nxp.mcuxpresso.tools.win32_11.7.1.202301190959/tools/bin/../lib/gcc/arm-none-eabi/10.3.1/thumb/v7e-m+dp/hard\libgcc.a
END GROUP
                0x60000000                __base_BOARD_FLASH = 0x60000000
                0x60000000                __base_Flash = 0x60000000
                0x60800000                __top_BOARD_FLASH = 0x60800000
                0x60800000                __top_Flash = 0x60800000
                0x80000000                __base_BOARD_SDRAM = 0x80000000
                0x80000000                __base_RAM = 0x80000000
                0x81e00000                __top_BOARD_SDRAM = 0x81e00000
                0x81e00000                __top_RAM = 0x81e00000
                0x81e00000                __base_NCACHE_REGION = 0x81e00000
                0x81e00000                __base_RAM2 = 0x81e00000
                0x82000000                __top_NCACHE_REGION = 0x82000000
                0x82000000                __top_RAM2 = 0x82000000
                0x20000000                __base_SRAM_DTC = 0x20000000
                0x20000000                __base_RAM3 = 0x20000000
                0x20020000                __top_SRAM_DTC = 0x20020000
                0x20020000                __top_RAM3 = 0x20020000
                0x00000000                __base_SRAM_ITC = 0x0
                0x00000000                __base_RAM4 = 0x0
                0x00020000                __top_SRAM_ITC = 0x20000
                0x00020000                __top_RAM4 = 0x20000
                0x20200000                __base_SRAM_OC = 0x20200000
                0x20200000                __base_RAM5 = 0x20200000
                0x202c0000                __top_SRAM_OC = 0x202c0000
                0x202c0000                __top_RAM5 = 0x202c0000

.boot_hdr       0x60000000     0x2000
 FILL mask 0xff
                0x60000000                __boot_hdr_start__ = ABSOLUTE (.)
 *(SORT_BY_ALIGNMENT(.boot_hdr.conf))
 .boot_hdr.conf
                0x60000000      0x200 ./xip/evkmimxrt1060_flexspi_nor_config.o
                0x60000000                qspiflash_config
                0x00001000                . = 0x1000
 *fill*         0x60000200      0xe00 ff
 *(SORT_BY_ALIGNMENT(.boot_hdr.ivt))
 .boot_hdr.ivt  0x60001000       0x20 ./xip/fsl_flexspi_nor_boot.o
                0x60001000                image_vector_table
                0x00001020                . = 0x1020
 *(SORT_BY_ALIGNMENT(.boot_hdr.boot_data))
 .boot_hdr.boot_data
                0x60001020       0x10 ./xip/fsl_flexspi_nor_boot.o
                0x60001020                g_boot_data
                0x00001030                . = 0x1030
 *(SORT_BY_ALIGNMENT(.boot_hdr.dcd_data))
 .boot_hdr.dcd_data
                0x60001030      0x410 ./board/dcd.o
                0x60001030                dcd_data
                0x60001440                __boot_hdr_end__ = ABSOLUTE (.)
                0x00002000                . = 0x2000
 *fill*         0x60001440      0xbc0 ff

.text           0x60002000     0x7c90
 FILL mask 0xff
                0x60002000                __vectors_start__ = ABSOLUTE (.)
 *(SORT_BY_ALIGNMENT(.isr_vector))
 .isr_vector    0x60002000      0x2b8 ./startup/startup_mimxrt1062.o
                0x60002000                g_pfnVectors
                0x60002000                __Vectors
                0x600022b8                . = ALIGN (0x4)
                0x600022b8                __section_table_start = .
                0x600022b8                __data_section_table = .
                0x600022b8        0x4 LONG 0x60009c90 LOADADDR (.data)
                0x600022bc        0x4 LONG 0x80000000 ADDR (.data)
                0x600022c0        0x4 LONG 0x4 SIZEOF (.data)
                0x600022c4        0x4 LONG 0x60009c90 LOADADDR (.data_RAM2)
                0x600022c8        0x4 LONG 0x81e00000 ADDR (.data_RAM2)
                0x600022cc        0x4 LONG 0x0 SIZEOF (.data_RAM2)
                0x600022d0        0x4 LONG 0x60009c90 LOADADDR (.data_RAM3)
                0x600022d4        0x4 LONG 0x20000000 ADDR (.data_RAM3)
                0x600022d8        0x4 LONG 0x0 SIZEOF (.data_RAM3)
                0x600022dc        0x4 LONG 0x60009c90 LOADADDR (.data_RAM4)
                0x600022e0        0x4 LONG 0x0 ADDR (.data_RAM4)
                0x600022e4        0x4 LONG 0x0 SIZEOF (.data_RAM4)
                0x600022e8        0x4 LONG 0x60009c90 LOADADDR (.data_RAM5)
                0x600022ec        0x4 LONG 0x20200000 ADDR (.data_RAM5)
                0x600022f0        0x4 LONG 0x0 SIZEOF (.data_RAM5)
                0x600022f4                __data_section_table_end = .
                0x600022f4                __bss_section_table = .
                0x600022f4        0x4 LONG 0x80000004 ADDR (.bss)
                0x600022f8        0x4 LONG 0x120 SIZEOF (.bss)
                0x600022fc        0x4 LONG 0x81e00000 ADDR (.bss_RAM2)
                0x60002300        0x4 LONG 0xff000 SIZEOF (.bss_RAM2)
                0x60002304        0x4 LONG 0x20000000 ADDR (.bss_RAM3)
                0x60002308        0x4 LONG 0x0 SIZEOF (.bss_RAM3)
                0x6000230c        0x4 LONG 0x0 ADDR (.bss_RAM4)
                0x60002310        0x4 LONG 0x0 SIZEOF (.bss_RAM4)
                0x60002314        0x4 LONG 0x20200000 ADDR (.bss_RAM5)
                0x60002318        0x4 LONG 0x0 SIZEOF (.bss_RAM5)
                0x6000231c                __bss_section_table_end = .
                0x6000231c                __section_table_end = .
 *(SORT_BY_ALIGNMENT(.after_vectors*))
 .after_vectors.reset
                0x6000231c       0x54 ./startup/startup_mimxrt1062.o
                0x6000231c                ResetISR
 .after_vectors.init_data
                0x60002370       0x1e ./startup/startup_mimxrt1062.o
                0x60002370                data_init
 .after_vectors.init_bss
                0x6000238e       0x12 ./startup/startup_mimxrt1062.o
                0x6000238e                bss_init
 .after_vectors
                0x600023a0       0x14 ./startup/startup_mimxrt1062.o
                0x600023a0                NMI_Handler
                0x600023a4                MemManage_Handler
                0x600023a6                BusFault_Handler
                0x600023a8                UsageFault_Handler
                0x600023aa                SVC_Handler
                0x600023ac                DebugMon_Handler
                0x600023ae                PendSV_Handler
                0x600023b0                SysTick_Handler
                0x600023b2                PIT_DriverIRQHandler
                0x600023b2                PMU_EVENT_DriverIRQHandler
                0x600023b2                PWM4_FAULT_DriverIRQHandler
                0x600023b2                DMA13_DMA29_DriverIRQHandler
                0x600023b2                SAI3_RX_DriverIRQHandler
                0x600023b2                LPSPI4_DriverIRQHandler
                0x600023b2                SEMC_DriverIRQHandler
                0x600023b2                SPDIF_DriverIRQHandler
                0x600023b2                CCM_2_DriverIRQHandler
                0x600023b2                PWM4_3_DriverIRQHandler
                0x600023b2                ENET2_DriverIRQHandler
                0x600023b2                FLEXRAM_DriverIRQHandler
                0x600023b2                LCDIF_DriverIRQHandler
                0x600023b2                USB_PHY1_DriverIRQHandler
                0x600023b2                GPIO3_Combined_0_15_DriverIRQHandler
                0x600023b2                CAN3_DriverIRQHandler
                0x600023b2                Reserved171_DriverIRQHandler
                0x600023b2                DMA7_DMA23_DriverIRQHandler
                0x600023b2                BEE_DriverIRQHandler
                0x600023b2                LPI2C3_DriverIRQHandler
                0x600023b2                GPR_IRQ_DriverIRQHandler
                0x600023b2                PWM2_FAULT_DriverIRQHandler
                0x600023b2                PWM3_1_DriverIRQHandler
                0x600023b2                DMA14_DMA30_DriverIRQHandler
                0x600023b2                TMR1_DriverIRQHandler
                0x600023b2                TRNG_DriverIRQHandler
                0x600023b2                PWM3_2_DriverIRQHandler
                0x600023b2                ENET_1588_Timer_DriverIRQHandler
                0x600023b2                FLEXIO2_DriverIRQHandler
                0x600023b2                GPIO2_Combined_16_31_DriverIRQHandler
                0x600023b2                Reserved143_DriverIRQHandler
                0x600023b2                LPSPI2_DriverIRQHandler
                0x600023b2                PWM4_1_DriverIRQHandler
                0x600023b2                PWM3_3_DriverIRQHandler
                0x600023b2                DMA0_DMA16_DriverIRQHandler
                0x600023b2                IntDefaultHandler
                0x600023b2                DMA2_DMA18_DriverIRQHandler
                0x600023b2                SRC_DriverIRQHandler
                0x600023b2                GPIO1_INT4_DriverIRQHandler
                0x600023b2                Reserved144_DriverIRQHandler
                0x600023b2                USDHC1_DriverIRQHandler
                0x600023b2                ENC3_DriverIRQHandler
                0x600023b2                PWM3_FAULT_DriverIRQHandler
                0x600023b2                EWM_DriverIRQHandler
                0x600023b2                FLEXSPI2_DriverIRQHandler
                0x600023b2                WDOG1_DriverIRQHandler
                0x600023b2                FLEXIO1_DriverIRQHandler
                0x600023b2                ENET_DriverIRQHandler
                0x600023b2                Reserved78_DriverIRQHandler
                0x600023b2                TMR4_DriverIRQHandler
                0x600023b2                ENC2_DriverIRQHandler
                0x600023b2                ADC_ETC_IRQ2_DriverIRQHandler
                0x600023b2                GPIO1_Combined_16_31_DriverIRQHandler
                0x600023b2                GPIO1_INT7_DriverIRQHandler
                0x600023b2                SAI1_DriverIRQHandler
                0x600023b2                DCDC_DriverIRQHandler
                0x600023b2                DMA12_DMA28_DriverIRQHandler
                0x600023b2                PWM4_0_DriverIRQHandler
                0x600023b2                ADC_ETC_ERROR_IRQ_DriverIRQHandler
                0x600023b2                ACMP2_DriverIRQHandler
                0x600023b2                GPIO5_Combined_0_15_DriverIRQHandler
                0x600023b2                GPIO1_INT0_DriverIRQHandler
                0x600023b2                GPIO1_INT2_DriverIRQHandler
                0x600023b2                RTWDOG_DriverIRQHandler
                0x600023b2                FLEXSPI_DriverIRQHandler
                0x600023b2                GPT2_DriverIRQHandler
                0x600023b2                USB_PHY2_DriverIRQHandler
                0x600023b2                DMA10_DMA26_DriverIRQHandler
                0x600023b2                PWM2_1_DriverIRQHandler
                0x600023b2                PWM1_1_DriverIRQHandler
                0x600023b2                PXP_DriverIRQHandler
                0x600023b2                ADC1_DriverIRQHandler
                0x600023b2                GPIO10_Combined_0_31_DriverIRQHandler
                0x600023b2                PWM1_0_DriverIRQHandler
                0x600023b2                SJC_DriverIRQHandler
                0x600023b2                DMA1_DMA17_DriverIRQHandler
                0x600023b2                ENC1_DriverIRQHandler
                0x600023b2                ENC4_DriverIRQHandler
                0x600023b2                CAN2_DriverIRQHandler
                0x600023b2                DCP_DriverIRQHandler
                0x600023b2                CTI0_ERROR_DriverIRQHandler
                0x600023b2                DMA8_DMA24_DriverIRQHandler
                0x600023b2                GPT1_DriverIRQHandler
                0x600023b2                ACMP3_DriverIRQHandler
                0x600023b2                DMA6_DMA22_DriverIRQHandler
                0x600023b2                CSU_DriverIRQHandler
                0x600023b2                GPIO1_INT5_DriverIRQHandler
                0x600023b2                TMR3_DriverIRQHandler
                0x600023b2                TMR2_DriverIRQHandler
                0x600023b2                CTI1_ERROR_DriverIRQHandler
                0x600023b2                GPIO1_Combined_0_15_DriverIRQHandler
                0x600023b2                USDHC2_DriverIRQHandler
                0x600023b2                PWM4_2_DriverIRQHandler
                0x600023b2                KPP_DriverIRQHandler
                0x600023b2                SAI2_DriverIRQHandler
                0x600023b2                CORE_DriverIRQHandler
                0x600023b2                TSC_DIG_DriverIRQHandler
                0x600023b2                DMA11_DMA27_DriverIRQHandler
                0x600023b2                CSI_DriverIRQHandler
                0x600023b2                PWM2_3_DriverIRQHandler
                0x600023b2                XBAR1_IRQ_2_3_DriverIRQHandler
                0x600023b2                SNVS_HP_WRAPPER_TZ_DriverIRQHandler
                0x600023b2                GPIO3_Combined_16_31_DriverIRQHandler
                0x600023b2                PWM1_FAULT_DriverIRQHandler
                0x600023b2                LPI2C1_DriverIRQHandler
                0x600023b2                ENET2_1588_Timer_DriverIRQHandler
                0x600023b2                PWM2_2_DriverIRQHandler
                0x600023b2                DMA4_DMA20_DriverIRQHandler
                0x600023b2                DMA9_DMA25_DriverIRQHandler
                0x600023b2                SNVS_HP_WRAPPER_DriverIRQHandler
                0x600023b2                XBAR1_IRQ_0_1_DriverIRQHandler
                0x600023b2                ADC_ETC_IRQ1_DriverIRQHandler
                0x600023b2                LPSPI1_DriverIRQHandler
                0x600023b2                DMA3_DMA19_DriverIRQHandler
                0x600023b2                GPIO1_INT3_DriverIRQHandler
                0x600023b2                DCP_VMI_DriverIRQHandler
                0x600023b2                LPI2C4_DriverIRQHandler
                0x600023b2                GPC_DriverIRQHandler
                0x600023b2                GPIO2_Combined_0_15_DriverIRQHandler
                0x600023b2                PWM1_2_DriverIRQHandler
                0x600023b2                USB_OTG1_DriverIRQHandler
                0x600023b2                TEMP_LOW_HIGH_DriverIRQHandler
                0x600023b2                SAI3_TX_DriverIRQHandler
                0x600023b2                FLEXIO3_DriverIRQHandler
                0x600023b2                WDOG2_DriverIRQHandler
                0x600023b2                Reserved68_DriverIRQHandler
                0x600023b2                PWM3_0_DriverIRQHandler
                0x600023b2                GPIO4_Combined_0_15_DriverIRQHandler
                0x600023b2                GPIO4_Combined_16_31_DriverIRQHandler
                0x600023b2                GPIO6_7_8_9_DriverIRQHandler
                0x600023b2                GPIO5_Combined_16_31_DriverIRQHandler
                0x600023b2                DMA5_DMA21_DriverIRQHandler
                0x600023b2                CCM_1_DriverIRQHandler
                0x600023b2                ADC2_DriverIRQHandler
                0x600023b2                Reserved115_DriverIRQHandler
                0x600023b2                TEMP_PANIC_DriverIRQHandler
                0x600023b2                ACMP4_DriverIRQHandler
                0x600023b2                DMA15_DMA31_DriverIRQHandler
                0x600023b2                LPSPI3_DriverIRQHandler
                0x600023b2                PWM1_3_DriverIRQHandler
                0x600023b2                ACMP1_DriverIRQHandler
                0x600023b2                LPI2C2_DriverIRQHandler
                0x600023b2                Reserved86_DriverIRQHandler
                0x600023b2                DMA_ERROR_DriverIRQHandler
                0x600023b2                ADC_ETC_IRQ0_DriverIRQHandler
                0x600023b2                CAN1_DriverIRQHandler
                0x600023b2                GPIO1_INT6_DriverIRQHandler
                0x600023b2                GPIO1_INT1_DriverIRQHandler
                0x600023b2                PWM2_0_DriverIRQHandler
                0x600023b2                SNVS_LP_WRAPPER_DriverIRQHandler
                0x600023b2                USB_OTG2_DriverIRQHandler
 *(SORT_BY_ALIGNMENT(.text*))
 *fill*         0x600023b4        0x4 ff
 .text.rotate   0x600023b8      0x288 ./source/elcdif_rgb.o
                0x600023b8                rotate
 .text.main     0x60002640      0x108 ./source/elcdif_rgb.o
                0x60002640                main
 .text.cos      0x60002748       0x30 c:/nxp/mcuxpressoide_11.7.1_9221/ide/plugins/com.nxp.mcuxpresso.tools.win32_11.7.1.202301190959/tools/bin/../lib/gcc/arm-none-eabi/10.3.1/../../../../arm-none-eabi/lib/thumb/v7e-m+dp/hard\libcr_c.a(cos.o)
                0x60002748                cos
 .text.modf     0x60002778       0x7c c:/nxp/mcuxpressoide_11.7.1_9221/ide/plugins/com.nxp.mcuxpresso.tools.win32_11.7.1.202301190959/tools/bin/../lib/gcc/arm-none-eabi/10.3.1/../../../../arm-none-eabi/lib/thumb/v7e-m+dp/hard\libcr_c.a(modf.o)
                0x60002778                modf
 *fill*         0x600027f4        0x4 ff
 .text.pow      0x600027f8      0x368 c:/nxp/mcuxpressoide_11.7.1_9221/ide/plugins/com.nxp.mcuxpresso.tools.win32_11.7.1.202301190959/tools/bin/../lib/gcc/arm-none-eabi/10.3.1/../../../../arm-none-eabi/lib/thumb/v7e-m+dp/hard\libcr_c.a(pow.o)
                0x600027f8                pow
 .text._sincos  0x60002b60      0x14c c:/nxp/mcuxpressoide_11.7.1_9221/ide/plugins/com.nxp.mcuxpresso.tools.win32_11.7.1.202301190959/tools/bin/../lib/gcc/arm-none-eabi/10.3.1/../../../../arm-none-eabi/lib/thumb/v7e-m+dp/hard\libcr_c.a(_sincos.o)
                0x60002b60                _sincos
 *fill*         0x60002cac        0x4 ff
 .text.frexp    0x60002cb0       0x60 c:/nxp/mcuxpressoide_11.7.1_9221/ide/plugins/com.nxp.mcuxpresso.tools.win32_11.7.1.202301190959/tools/bin/../lib/gcc/arm-none-eabi/10.3.1/../../../../arm-none-eabi/lib/thumb/v7e-m+dp/hard\libcr_c.a(frexp.o)
                0x60002cb0                frexp
 .text.ldexp    0x60002d10       0x54 c:/nxp/mcuxpressoide_11.7.1_9221/ide/plugins/com.nxp.mcuxpresso.tools.win32_11.7.1.202301190959/tools/bin/../lib/gcc/arm-none-eabi/10.3.1/../../../../arm-none-eabi/lib/thumb/v7e-m+dp/hard\libcr_c.a(ldexp.o)
                0x60002d10                ldexp
 .text.__assertion_failed
                0x60002d64       0x18 ./utilities/fsl_assert.o
                0x60002d64                __assertion_failed
 .text.DbgConsole_Init
                0x60002d7c       0x88 ./utilities/fsl_debug_console.o
                0x60002d7c                DbgConsole_Init
 .text.DbgConsole_Vprintf
                0x60002e04       0x3c ./utilities/fsl_debug_console.o
                0x60002e04                DbgConsole_Vprintf
 .text.DbgConsole_Putchar
                0x60002e40       0x30 ./utilities/fsl_debug_console.o
                0x60002e40                DbgConsole_Putchar
 .text.DbgConsole_PrintfFormattedData
                0x60002e70      0xb60 ./utilities/fsl_debug_console.o
 .text.__NVIC_EnableIRQ
                0x600039d0       0x3c ./source/elcdif_rgb.o
 .text.CLOCK_SetMux
                0x60003a0c       0x9c ./source/elcdif_rgb.o
 .text.CLOCK_SetDiv
                0x60003aa8       0x9c ./source/elcdif_rgb.o
 .text.ELCDIF_RgbModeStart
                0x60003b44       0x20 ./source/elcdif_rgb.o
 .text.ELCDIF_EnableInterrupts
                0x60003b64       0x24 ./source/elcdif_rgb.o
 .text.ELCDIF_GetInterruptStatus
                0x60003b88       0x24 ./source/elcdif_rgb.o
 .text.ELCDIF_ClearInterruptStatus
                0x60003bac       0x24 ./source/elcdif_rgb.o
 .text.perspective
                0x60003bd0      0x184 ./source/elcdif_rgb.o
                0x60003bd0                perspective
 .text.BOARD_InitLcd
                0x60003d54       0x30 ./source/elcdif_rgb.o
                0x60003d54                BOARD_InitLcd
 .text.BOARD_InitLcdifPixelClock
                0x60003d84       0x50 ./source/elcdif_rgb.o
                0x60003d84                BOARD_InitLcdifPixelClock
 .text.APP_LCDIF_IRQHandler
                0x60003dd4       0x3c ./source/elcdif_rgb.o
                0x60003dd4                APP_LCDIF_IRQHandler
 .text.APP_ELCDIF_Init
                0x60003e10       0x34 ./source/elcdif_rgb.o
                0x60003e10                APP_ELCDIF_Init
 .text.APP_FillFrameBuffer
                0x60003e44      0x4a4 ./source/elcdif_rgb.o
                0x60003e44                APP_FillFrameBuffer
 .text.CLOCK_GetOscFreq
                0x600042e8       0x30 ./drivers/fsl_clock.o
 .text.CLOCK_InitExternalClk
                0x60004318       0x6c ./drivers/fsl_clock.o
                0x60004318                CLOCK_InitExternalClk
 .text.CLOCK_SwitchOsc
                0x60004384       0x34 ./drivers/fsl_clock.o
                0x60004384                CLOCK_SwitchOsc
 .text.CLOCK_InitRcOsc24M
                0x600043b8       0x24 ./drivers/fsl_clock.o
                0x600043b8                CLOCK_InitRcOsc24M
 .text.CLOCK_InitArmPll
                0x600043dc       0x68 ./drivers/fsl_clock.o
                0x600043dc                CLOCK_InitArmPll
 .text.CLOCK_DeinitUsb2Pll
                0x60004444       0x18 ./drivers/fsl_clock.o
                0x60004444                CLOCK_DeinitUsb2Pll
 .text.CLOCK_DeinitAudioPll
                0x6000445c       0x1c ./drivers/fsl_clock.o
                0x6000445c                CLOCK_DeinitAudioPll
 .text.CLOCK_InitVideoPll
                0x60004478      0x134 ./drivers/fsl_clock.o
                0x60004478                CLOCK_InitVideoPll
 .text.CLOCK_DeinitEnetPll
                0x600045ac       0x1c ./drivers/fsl_clock.o
                0x600045ac                CLOCK_DeinitEnetPll
 .text.CLOCK_GetPllFreq
                0x600045c8      0x3d8 ./drivers/fsl_clock.o
                0x600045c8                CLOCK_GetPllFreq
 .text.CLOCK_ControlGate
                0x600049a0       0x60 ./drivers/fsl_elcdif.o
 .text.ELCDIF_GetInstance
                0x60004a00       0x4c ./drivers/fsl_elcdif.o
 .text.ELCDIF_RgbModeInit
                0x60004a4c      0x144 ./drivers/fsl_elcdif.o
                0x60004a4c                ELCDIF_RgbModeInit
 .text.CLOCK_ControlGate
                0x60004b90       0x60 ./drivers/fsl_gpio.o
 .text.GPIO_GetInstance
                0x60004bf0       0x4c ./drivers/fsl_gpio.o
 .text.GPIO_PinInit
                0x60004c3c       0xa4 ./drivers/fsl_gpio.o
                0x60004c3c                GPIO_PinInit
 .text.GPIO_PinWrite
                0x60004ce0       0x48 ./drivers/fsl_gpio.o
                0x60004ce0                GPIO_PinWrite
 .text.GPIO_PinSetInterruptConfig
                0x60004d28       0xfc ./drivers/fsl_gpio.o
                0x60004d28                GPIO_PinSetInterruptConfig
 .text.CLOCK_ControlGate
                0x60004e24       0x60 ./drivers/fsl_lpuart.o
 .text.LPUART_GetInstance
                0x60004e84       0x4c ./drivers/fsl_lpuart.o
                0x60004e84                LPUART_GetInstance
 .text.LPUART_Init
                0x60004ed0      0x310 ./drivers/fsl_lpuart.o
                0x60004ed0                LPUART_Init
 .text.LPUART_GetDefaultConfig
                0x600051e0       0x88 ./drivers/fsl_lpuart.o
                0x600051e0                LPUART_GetDefaultConfig
 .text.LPUART_GetStatusFlags
                0x60005268       0x38 ./drivers/fsl_lpuart.o
                0x60005268                LPUART_GetStatusFlags
 .text.LPUART_ClearStatusFlags
                0x600052a0       0x7c ./drivers/fsl_lpuart.o
                0x600052a0                LPUART_ClearStatusFlags
 .text.LPUART_WriteBlocking
                0x6000531c       0x68 ./drivers/fsl_lpuart.o
                0x6000531c                LPUART_WriteBlocking
 .text.LPUART_ReadBlocking
                0x60005384      0x160 ./drivers/fsl_lpuart.o
                0x60005384                LPUART_ReadBlocking
 .text.LPUART1_DriverIRQHandler
                0x600054e4       0x28 ./drivers/fsl_lpuart.o
                0x600054e4                LPUART1_DriverIRQHandler
 .text.LPUART2_DriverIRQHandler
                0x6000550c       0x28 ./drivers/fsl_lpuart.o
                0x6000550c                LPUART2_DriverIRQHandler
 .text.LPUART3_DriverIRQHandler
                0x60005534       0x28 ./drivers/fsl_lpuart.o
                0x60005534                LPUART3_DriverIRQHandler
 .text.LPUART4_DriverIRQHandler
                0x6000555c       0x28 ./drivers/fsl_lpuart.o
                0x6000555c                LPUART4_DriverIRQHandler
 .text.LPUART5_DriverIRQHandler
                0x60005584       0x28 ./drivers/fsl_lpuart.o
                0x60005584                LPUART5_DriverIRQHandler
 .text.LPUART6_DriverIRQHandler
                0x600055ac       0x28 ./drivers/fsl_lpuart.o
                0x600055ac                LPUART6_DriverIRQHandler
 .text.LPUART7_DriverIRQHandler
                0x600055d4       0x28 ./drivers/fsl_lpuart.o
                0x600055d4                LPUART7_DriverIRQHandler
 .text.LPUART8_DriverIRQHandler
                0x600055fc       0x28 ./drivers/fsl_lpuart.o
                0x600055fc                LPUART8_DriverIRQHandler
 .text.SystemInit
                0x60005624      0x144 ./device/system_MIMXRT1062.o
                0x60005624                SystemInit
 .text.HAL_UartInitCommon
                0x60005768       0xe0 ./component/uart/fsl_adapter_lpuart.o
 .text.HAL_UartInit
                0x60005848       0x84 ./component/uart/fsl_adapter_lpuart.o
                0x60005848                HAL_UartInit
 .text.HAL_UartReceiveBlocking
                0x600058cc       0x6c ./component/uart/fsl_adapter_lpuart.o
                0x600058cc                HAL_UartReceiveBlocking
 .text.HAL_UartSendBlocking
                0x60005938       0x64 ./component/uart/fsl_adapter_lpuart.o
                0x60005938                HAL_UartSendBlocking
 .text.ARM_MPU_Enable
                0x6000599c       0x44 ./board/board.o
 .text.ARM_MPU_Disable
                0x600059e0       0x40 ./board/board.o
 .text.CLOCK_GetMux
                0x60005a20       0x44 ./board/board.o
 .text.CLOCK_GetDiv
                0x60005a64       0x44 ./board/board.o
 .text.CLOCK_GetOscFreq
                0x60005aa8       0x30 ./board/board.o
 .text.BOARD_DebugConsoleSrcFreq
                0x60005ad8       0x64 ./board/board.o
                0x60005ad8                BOARD_DebugConsoleSrcFreq
 .text.BOARD_ConfigMPU
                0x60005b3c      0x34c ./board/board.o
                0x60005b3c                BOARD_ConfigMPU
 .text.CLOCK_SetMux
                0x60005e88       0x9c ./board/clock_config.o
 .text.CLOCK_SetDiv
                0x60005f24       0x9c ./board/clock_config.o
 .text.CLOCK_ControlGate
                0x60005fc0       0x60 ./board/clock_config.o
 .text.CLOCK_SetXtalFreq
                0x60006020       0x20 ./board/clock_config.o
 .text.CLOCK_SetRtcXtalFreq
                0x60006040       0x20 ./board/clock_config.o
 .text.IOMUXC_MQSConfig
                0x60006060       0x44 ./board/clock_config.o
 .text.BOARD_BootClockRUN
                0x600060a4      0x67c ./board/clock_config.o
                0x600060a4                BOARD_BootClockRUN
 .text.CLOCK_ControlGate
                0x60006720       0x60 ./board/pin_mux.o
 .text.BOARD_InitPins
                0x60006780      0x534 ./board/pin_mux.o
                0x60006780                BOARD_InitPins
 .text.BOARD_InitSemcPins
                0x60006cb4      0x8f0 ./board/pin_mux.o
                0x60006cb4                BOARD_InitSemcPins
 .text._initio  0x600075a4       0x78 c:/nxp/mcuxpressoide_11.7.1_9221/ide/plugins/com.nxp.mcuxpresso.tools.win32_11.7.1.202301190959/tools/bin/../lib/gcc/arm-none-eabi/10.3.1/../../../../arm-none-eabi/lib/thumb/v7e-m+dp/hard\libcr_c.a(initio.o)
                0x600075a4                _initio
 .text._Cwritebuf
                0x6000761c       0x6c c:/nxp/mcuxpressoide_11.7.1_9221/ide/plugins/com.nxp.mcuxpresso.tools.win32_11.7.1.202301190959/tools/bin/../lib/gcc/arm-none-eabi/10.3.1/../../../../arm-none-eabi/lib/thumb/v7e-m+dp/hard\libcr_c.a(_writebuf.o)
                0x6000761c                _Cwritebuf
 .text.fflush   0x60007688       0x3c c:/nxp/mcuxpressoide_11.7.1_9221/ide/plugins/com.nxp.mcuxpresso.tools.win32_11.7.1.202301190959/tools/bin/../lib/gcc/arm-none-eabi/10.3.1/../../../../arm-none-eabi/lib/thumb/v7e-m+dp/hard\libcr_c.a(fflush.o)
                0x60007688                fflush
 .text.fseek    0x600076c4       0xfc c:/nxp/mcuxpressoide_11.7.1_9221/ide/plugins/com.nxp.mcuxpresso.tools.win32_11.7.1.202301190959/tools/bin/../lib/gcc/arm-none-eabi/10.3.1/../../../../arm-none-eabi/lib/thumb/v7e-m+dp/hard\libcr_c.a(fseek.o)
                0x600076c4                fseek
 .text.ftell    0x600077c0       0x44 c:/nxp/mcuxpressoide_11.7.1_9221/ide/plugins/com.nxp.mcuxpresso.tools.win32_11.7.1.202301190959/tools/bin/../lib/gcc/arm-none-eabi/10.3.1/../../../../arm-none-eabi/lib/thumb/v7e-m+dp/hard\libcr_c.a(ftell.o)
                0x600077c0                ftell
 .text.DbgConsole_Printf
                0x60007804       0x2c ./utilities/fsl_debug_console.o
                0x60007804                DbgConsole_Printf
 .text.DbgConsole_PrintfPaddingCharacter
                0x60007830       0x40 ./utilities/fsl_debug_console.o
 .text.DbgConsole_ConvertRadixNumToString
                0x60007870      0x2b0 ./utilities/fsl_debug_console.o
 .text.DbgConsole_ConvertFloatRadixNumToString
                0x60007b20      0x24c ./utilities/fsl_debug_console.o
 .text.DMA0_DMA16_IRQHandler
                0x60007d6c        0x8 ./startup/startup_mimxrt1062.o
                0x60007d6c                DMA0_DMA16_IRQHandler
 .text.DMA1_DMA17_IRQHandler
                0x60007d74        0x8 ./startup/startup_mimxrt1062.o
                0x60007d74                DMA1_DMA17_IRQHandler
 .text.DMA2_DMA18_IRQHandler
                0x60007d7c        0x8 ./startup/startup_mimxrt1062.o
                0x60007d7c                DMA2_DMA18_IRQHandler
 .text.DMA3_DMA19_IRQHandler
                0x60007d84        0x8 ./startup/startup_mimxrt1062.o
                0x60007d84                DMA3_DMA19_IRQHandler
 .text.DMA4_DMA20_IRQHandler
                0x60007d8c        0x8 ./startup/startup_mimxrt1062.o
                0x60007d8c                DMA4_DMA20_IRQHandler
 .text.DMA5_DMA21_IRQHandler
                0x60007d94        0x8 ./startup/startup_mimxrt1062.o
                0x60007d94                DMA5_DMA21_IRQHandler
 .text.DMA6_DMA22_IRQHandler
                0x60007d9c        0x8 ./startup/startup_mimxrt1062.o
                0x60007d9c                DMA6_DMA22_IRQHandler
 .text.DMA7_DMA23_IRQHandler
                0x60007da4        0x8 ./startup/startup_mimxrt1062.o
                0x60007da4                DMA7_DMA23_IRQHandler
 .text.DMA8_DMA24_IRQHandler
                0x60007dac        0x8 ./startup/startup_mimxrt1062.o
                0x60007dac                DMA8_DMA24_IRQHandler
 .text.DMA9_DMA25_IRQHandler
                0x60007db4        0x8 ./startup/startup_mimxrt1062.o
                0x60007db4                DMA9_DMA25_IRQHandler
 .text.DMA10_DMA26_IRQHandler
                0x60007dbc        0x8 ./startup/startup_mimxrt1062.o
                0x60007dbc                DMA10_DMA26_IRQHandler
 .text.DMA11_DMA27_IRQHandler
                0x60007dc4        0x8 ./startup/startup_mimxrt1062.o
                0x60007dc4                DMA11_DMA27_IRQHandler
 .text.DMA12_DMA28_IRQHandler
                0x60007dcc        0x8 ./startup/startup_mimxrt1062.o
                0x60007dcc                DMA12_DMA28_IRQHandler
 .text.DMA13_DMA29_IRQHandler
                0x60007dd4        0x8 ./startup/startup_mimxrt1062.o
                0x60007dd4                DMA13_DMA29_IRQHandler
 .text.DMA14_DMA30_IRQHandler
                0x60007ddc        0x8 ./startup/startup_mimxrt1062.o
                0x60007ddc                DMA14_DMA30_IRQHandler
 .text.DMA15_DMA31_IRQHandler
                0x60007de4        0x8 ./startup/startup_mimxrt1062.o
                0x60007de4                DMA15_DMA31_IRQHandler
 .text.DMA_ERROR_IRQHandler
                0x60007dec        0x8 ./startup/startup_mimxrt1062.o
                0x60007dec                DMA_ERROR_IRQHandler
 .text.CTI0_ERROR_IRQHandler
                0x60007df4        0x8 ./startup/startup_mimxrt1062.o
                0x60007df4                CTI0_ERROR_IRQHandler
 .text.CTI1_ERROR_IRQHandler
                0x60007dfc        0x8 ./startup/startup_mimxrt1062.o
                0x60007dfc                CTI1_ERROR_IRQHandler
 .text.CORE_IRQHandler
                0x60007e04        0x8 ./startup/startup_mimxrt1062.o
                0x60007e04                CORE_IRQHandler
 .text.LPUART1_IRQHandler
                0x60007e0c        0x8 ./startup/startup_mimxrt1062.o
                0x60007e0c                LPUART1_IRQHandler
 .text.LPUART2_IRQHandler
                0x60007e14        0x8 ./startup/startup_mimxrt1062.o
                0x60007e14                LPUART2_IRQHandler
 .text.LPUART3_IRQHandler
                0x60007e1c        0x8 ./startup/startup_mimxrt1062.o
                0x60007e1c                LPUART3_IRQHandler
 .text.LPUART4_IRQHandler
                0x60007e24        0x8 ./startup/startup_mimxrt1062.o
                0x60007e24                LPUART4_IRQHandler
 .text.LPUART5_IRQHandler
                0x60007e2c        0x8 ./startup/startup_mimxrt1062.o
                0x60007e2c                LPUART5_IRQHandler
 .text.LPUART6_IRQHandler
                0x60007e34        0x8 ./startup/startup_mimxrt1062.o
                0x60007e34                LPUART6_IRQHandler
 .text.LPUART7_IRQHandler
                0x60007e3c        0x8 ./startup/startup_mimxrt1062.o
                0x60007e3c                LPUART7_IRQHandler
 .text.LPUART8_IRQHandler
                0x60007e44        0x8 ./startup/startup_mimxrt1062.o
                0x60007e44                LPUART8_IRQHandler
 .text.LPI2C1_IRQHandler
                0x60007e4c        0x8 ./startup/startup_mimxrt1062.o
                0x60007e4c                LPI2C1_IRQHandler
 .text.LPI2C2_IRQHandler
                0x60007e54        0x8 ./startup/startup_mimxrt1062.o
                0x60007e54                LPI2C2_IRQHandler
 .text.LPI2C3_IRQHandler
                0x60007e5c        0x8 ./startup/startup_mimxrt1062.o
                0x60007e5c                LPI2C3_IRQHandler
 .text.LPI2C4_IRQHandler
                0x60007e64        0x8 ./startup/startup_mimxrt1062.o
                0x60007e64                LPI2C4_IRQHandler
 .text.LPSPI1_IRQHandler
                0x60007e6c        0x8 ./startup/startup_mimxrt1062.o
                0x60007e6c                LPSPI1_IRQHandler
 .text.LPSPI2_IRQHandler
                0x60007e74        0x8 ./startup/startup_mimxrt1062.o
                0x60007e74                LPSPI2_IRQHandler
 .text.LPSPI3_IRQHandler
                0x60007e7c        0x8 ./startup/startup_mimxrt1062.o
                0x60007e7c                LPSPI3_IRQHandler
 .text.LPSPI4_IRQHandler
                0x60007e84        0x8 ./startup/startup_mimxrt1062.o
                0x60007e84                LPSPI4_IRQHandler
 .text.CAN1_IRQHandler
                0x60007e8c        0x8 ./startup/startup_mimxrt1062.o
                0x60007e8c                CAN1_IRQHandler
 .text.CAN2_IRQHandler
                0x60007e94        0x8 ./startup/startup_mimxrt1062.o
                0x60007e94                CAN2_IRQHandler
 .text.FLEXRAM_IRQHandler
                0x60007e9c        0x8 ./startup/startup_mimxrt1062.o
                0x60007e9c                FLEXRAM_IRQHandler
 .text.KPP_IRQHandler
                0x60007ea4        0x8 ./startup/startup_mimxrt1062.o
                0x60007ea4                KPP_IRQHandler
 .text.TSC_DIG_IRQHandler
                0x60007eac        0x8 ./startup/startup_mimxrt1062.o
                0x60007eac                TSC_DIG_IRQHandler
 .text.GPR_IRQ_IRQHandler
                0x60007eb4        0x8 ./startup/startup_mimxrt1062.o
                0x60007eb4                GPR_IRQ_IRQHandler
 .text.CSI_IRQHandler
                0x60007ebc        0x8 ./startup/startup_mimxrt1062.o
                0x60007ebc                CSI_IRQHandler
 .text.PXP_IRQHandler
                0x60007ec4        0x8 ./startup/startup_mimxrt1062.o
                0x60007ec4                PXP_IRQHandler
 .text.WDOG2_IRQHandler
                0x60007ecc        0x8 ./startup/startup_mimxrt1062.o
                0x60007ecc                WDOG2_IRQHandler
 .text.SNVS_HP_WRAPPER_IRQHandler
                0x60007ed4        0x8 ./startup/startup_mimxrt1062.o
                0x60007ed4                SNVS_HP_WRAPPER_IRQHandler
 .text.SNVS_HP_WRAPPER_TZ_IRQHandler
                0x60007edc        0x8 ./startup/startup_mimxrt1062.o
                0x60007edc                SNVS_HP_WRAPPER_TZ_IRQHandler
 .text.SNVS_LP_WRAPPER_IRQHandler
                0x60007ee4        0x8 ./startup/startup_mimxrt1062.o
                0x60007ee4                SNVS_LP_WRAPPER_IRQHandler
 .text.CSU_IRQHandler
                0x60007eec        0x8 ./startup/startup_mimxrt1062.o
                0x60007eec                CSU_IRQHandler
 .text.DCP_IRQHandler
                0x60007ef4        0x8 ./startup/startup_mimxrt1062.o
                0x60007ef4                DCP_IRQHandler
 .text.DCP_VMI_IRQHandler
                0x60007efc        0x8 ./startup/startup_mimxrt1062.o
                0x60007efc                DCP_VMI_IRQHandler
 .text.Reserved68_IRQHandler
                0x60007f04        0x8 ./startup/startup_mimxrt1062.o
                0x60007f04                Reserved68_IRQHandler
 .text.TRNG_IRQHandler
                0x60007f0c        0x8 ./startup/startup_mimxrt1062.o
                0x60007f0c                TRNG_IRQHandler
 .text.SJC_IRQHandler
                0x60007f14        0x8 ./startup/startup_mimxrt1062.o
                0x60007f14                SJC_IRQHandler
 .text.BEE_IRQHandler
                0x60007f1c        0x8 ./startup/startup_mimxrt1062.o
                0x60007f1c                BEE_IRQHandler
 .text.SAI1_IRQHandler
                0x60007f24        0x8 ./startup/startup_mimxrt1062.o
                0x60007f24                SAI1_IRQHandler
 .text.SAI2_IRQHandler
                0x60007f2c        0x8 ./startup/startup_mimxrt1062.o
                0x60007f2c                SAI2_IRQHandler
 .text.SAI3_RX_IRQHandler
                0x60007f34        0x8 ./startup/startup_mimxrt1062.o
                0x60007f34                SAI3_RX_IRQHandler
 .text.SAI3_TX_IRQHandler
                0x60007f3c        0x8 ./startup/startup_mimxrt1062.o
                0x60007f3c                SAI3_TX_IRQHandler
 .text.SPDIF_IRQHandler
                0x60007f44        0x8 ./startup/startup_mimxrt1062.o
                0x60007f44                SPDIF_IRQHandler
 .text.PMU_EVENT_IRQHandler
                0x60007f4c        0x8 ./startup/startup_mimxrt1062.o
                0x60007f4c                PMU_EVENT_IRQHandler
 .text.Reserved78_IRQHandler
                0x60007f54        0x8 ./startup/startup_mimxrt1062.o
                0x60007f54                Reserved78_IRQHandler
 .text.TEMP_LOW_HIGH_IRQHandler
                0x60007f5c        0x8 ./startup/startup_mimxrt1062.o
                0x60007f5c                TEMP_LOW_HIGH_IRQHandler
 .text.TEMP_PANIC_IRQHandler
                0x60007f64        0x8 ./startup/startup_mimxrt1062.o
                0x60007f64                TEMP_PANIC_IRQHandler
 .text.USB_PHY1_IRQHandler
                0x60007f6c        0x8 ./startup/startup_mimxrt1062.o
                0x60007f6c                USB_PHY1_IRQHandler
 .text.USB_PHY2_IRQHandler
                0x60007f74        0x8 ./startup/startup_mimxrt1062.o
                0x60007f74                USB_PHY2_IRQHandler
 .text.ADC1_IRQHandler
                0x60007f7c        0x8 ./startup/startup_mimxrt1062.o
                0x60007f7c                ADC1_IRQHandler
 .text.ADC2_IRQHandler
                0x60007f84        0x8 ./startup/startup_mimxrt1062.o
                0x60007f84                ADC2_IRQHandler
 .text.DCDC_IRQHandler
                0x60007f8c        0x8 ./startup/startup_mimxrt1062.o
                0x60007f8c                DCDC_IRQHandler
 .text.Reserved86_IRQHandler
                0x60007f94        0x8 ./startup/startup_mimxrt1062.o
                0x60007f94                Reserved86_IRQHandler
 .text.GPIO10_Combined_0_31_IRQHandler
                0x60007f9c        0x8 ./startup/startup_mimxrt1062.o
                0x60007f9c                GPIO10_Combined_0_31_IRQHandler
 .text.GPIO1_INT0_IRQHandler
                0x60007fa4        0x8 ./startup/startup_mimxrt1062.o
                0x60007fa4                GPIO1_INT0_IRQHandler
 .text.GPIO1_INT1_IRQHandler
                0x60007fac        0x8 ./startup/startup_mimxrt1062.o
                0x60007fac                GPIO1_INT1_IRQHandler
 .text.GPIO1_INT2_IRQHandler
                0x60007fb4        0x8 ./startup/startup_mimxrt1062.o
                0x60007fb4                GPIO1_INT2_IRQHandler
 .text.GPIO1_INT3_IRQHandler
                0x60007fbc        0x8 ./startup/startup_mimxrt1062.o
                0x60007fbc                GPIO1_INT3_IRQHandler
 .text.GPIO1_INT4_IRQHandler
                0x60007fc4        0x8 ./startup/startup_mimxrt1062.o
                0x60007fc4                GPIO1_INT4_IRQHandler
 .text.GPIO1_INT5_IRQHandler
                0x60007fcc        0x8 ./startup/startup_mimxrt1062.o
                0x60007fcc                GPIO1_INT5_IRQHandler
 .text.GPIO1_INT6_IRQHandler
                0x60007fd4        0x8 ./startup/startup_mimxrt1062.o
                0x60007fd4                GPIO1_INT6_IRQHandler
 .text.GPIO1_INT7_IRQHandler
                0x60007fdc        0x8 ./startup/startup_mimxrt1062.o
                0x60007fdc                GPIO1_INT7_IRQHandler
 .text.GPIO1_Combined_0_15_IRQHandler
                0x60007fe4        0x8 ./startup/startup_mimxrt1062.o
                0x60007fe4                GPIO1_Combined_0_15_IRQHandler
 .text.GPIO1_Combined_16_31_IRQHandler
                0x60007fec        0x8 ./startup/startup_mimxrt1062.o
                0x60007fec                GPIO1_Combined_16_31_IRQHandler
 .text.GPIO2_Combined_0_15_IRQHandler
                0x60007ff4        0x8 ./startup/startup_mimxrt1062.o
                0x60007ff4                GPIO2_Combined_0_15_IRQHandler
 .text.GPIO2_Combined_16_31_IRQHandler
                0x60007ffc        0x8 ./startup/startup_mimxrt1062.o
                0x60007ffc                GPIO2_Combined_16_31_IRQHandler
 .text.GPIO3_Combined_0_15_IRQHandler
                0x60008004        0x8 ./startup/startup_mimxrt1062.o
                0x60008004                GPIO3_Combined_0_15_IRQHandler
 .text.GPIO3_Combined_16_31_IRQHandler
                0x6000800c        0x8 ./startup/startup_mimxrt1062.o
                0x6000800c                GPIO3_Combined_16_31_IRQHandler
 .text.GPIO4_Combined_0_15_IRQHandler
                0x60008014        0x8 ./startup/startup_mimxrt1062.o
                0x60008014                GPIO4_Combined_0_15_IRQHandler
 .text.GPIO4_Combined_16_31_IRQHandler
                0x6000801c        0x8 ./startup/startup_mimxrt1062.o
                0x6000801c                GPIO4_Combined_16_31_IRQHandler
 .text.GPIO5_Combined_0_15_IRQHandler
                0x60008024        0x8 ./startup/startup_mimxrt1062.o
                0x60008024                GPIO5_Combined_0_15_IRQHandler
 .text.GPIO5_Combined_16_31_IRQHandler
                0x6000802c        0x8 ./startup/startup_mimxrt1062.o
                0x6000802c                GPIO5_Combined_16_31_IRQHandler
 .text.FLEXIO1_IRQHandler
                0x60008034        0x8 ./startup/startup_mimxrt1062.o
                0x60008034                FLEXIO1_IRQHandler
 .text.FLEXIO2_IRQHandler
                0x6000803c        0x8 ./startup/startup_mimxrt1062.o
                0x6000803c                FLEXIO2_IRQHandler
 .text.WDOG1_IRQHandler
                0x60008044        0x8 ./startup/startup_mimxrt1062.o
                0x60008044                WDOG1_IRQHandler
 .text.RTWDOG_IRQHandler
                0x6000804c        0x8 ./startup/startup_mimxrt1062.o
                0x6000804c                RTWDOG_IRQHandler
 .text.EWM_IRQHandler
                0x60008054        0x8 ./startup/startup_mimxrt1062.o
                0x60008054                EWM_IRQHandler
 .text.CCM_1_IRQHandler
                0x6000805c        0x8 ./startup/startup_mimxrt1062.o
                0x6000805c                CCM_1_IRQHandler
 .text.CCM_2_IRQHandler
                0x60008064        0x8 ./startup/startup_mimxrt1062.o
                0x60008064                CCM_2_IRQHandler
 .text.GPC_IRQHandler
                0x6000806c        0x8 ./startup/startup_mimxrt1062.o
                0x6000806c                GPC_IRQHandler
 .text.SRC_IRQHandler
                0x60008074        0x8 ./startup/startup_mimxrt1062.o
                0x60008074                SRC_IRQHandler
 .text.Reserved115_IRQHandler
                0x6000807c        0x8 ./startup/startup_mimxrt1062.o
                0x6000807c                Reserved115_IRQHandler
 .text.GPT1_IRQHandler
                0x60008084        0x8 ./startup/startup_mimxrt1062.o
                0x60008084                GPT1_IRQHandler
 .text.GPT2_IRQHandler
                0x6000808c        0x8 ./startup/startup_mimxrt1062.o
                0x6000808c                GPT2_IRQHandler
 .text.PWM1_0_IRQHandler
                0x60008094        0x8 ./startup/startup_mimxrt1062.o
                0x60008094                PWM1_0_IRQHandler
 .text.PWM1_1_IRQHandler
                0x6000809c        0x8 ./startup/startup_mimxrt1062.o
                0x6000809c                PWM1_1_IRQHandler
 .text.PWM1_2_IRQHandler
                0x600080a4        0x8 ./startup/startup_mimxrt1062.o
                0x600080a4                PWM1_2_IRQHandler
 .text.PWM1_3_IRQHandler
                0x600080ac        0x8 ./startup/startup_mimxrt1062.o
                0x600080ac                PWM1_3_IRQHandler
 .text.PWM1_FAULT_IRQHandler
                0x600080b4        0x8 ./startup/startup_mimxrt1062.o
                0x600080b4                PWM1_FAULT_IRQHandler
 .text.FLEXSPI2_IRQHandler
                0x600080bc        0x8 ./startup/startup_mimxrt1062.o
                0x600080bc                FLEXSPI2_IRQHandler
 .text.FLEXSPI_IRQHandler
                0x600080c4        0x8 ./startup/startup_mimxrt1062.o
                0x600080c4                FLEXSPI_IRQHandler
 .text.SEMC_IRQHandler
                0x600080cc        0x8 ./startup/startup_mimxrt1062.o
                0x600080cc                SEMC_IRQHandler
 .text.USDHC1_IRQHandler
                0x600080d4        0x8 ./startup/startup_mimxrt1062.o
                0x600080d4                USDHC1_IRQHandler
 .text.USDHC2_IRQHandler
                0x600080dc        0x8 ./startup/startup_mimxrt1062.o
                0x600080dc                USDHC2_IRQHandler
 .text.USB_OTG2_IRQHandler
                0x600080e4        0x8 ./startup/startup_mimxrt1062.o
                0x600080e4                USB_OTG2_IRQHandler
 .text.USB_OTG1_IRQHandler
                0x600080ec        0x8 ./startup/startup_mimxrt1062.o
                0x600080ec                USB_OTG1_IRQHandler
 .text.ENET_IRQHandler
                0x600080f4        0x8 ./startup/startup_mimxrt1062.o
                0x600080f4                ENET_IRQHandler
 .text.ENET_1588_Timer_IRQHandler
                0x600080fc        0x8 ./startup/startup_mimxrt1062.o
                0x600080fc                ENET_1588_Timer_IRQHandler
 .text.XBAR1_IRQ_0_1_IRQHandler
                0x60008104        0x8 ./startup/startup_mimxrt1062.o
                0x60008104                XBAR1_IRQ_0_1_IRQHandler
 .text.XBAR1_IRQ_2_3_IRQHandler
                0x6000810c        0x8 ./startup/startup_mimxrt1062.o
                0x6000810c                XBAR1_IRQ_2_3_IRQHandler
 .text.ADC_ETC_IRQ0_IRQHandler
                0x60008114        0x8 ./startup/startup_mimxrt1062.o
                0x60008114                ADC_ETC_IRQ0_IRQHandler
 .text.ADC_ETC_IRQ1_IRQHandler
                0x6000811c        0x8 ./startup/startup_mimxrt1062.o
                0x6000811c                ADC_ETC_IRQ1_IRQHandler
 .text.ADC_ETC_IRQ2_IRQHandler
                0x60008124        0x8 ./startup/startup_mimxrt1062.o
                0x60008124                ADC_ETC_IRQ2_IRQHandler
 .text.ADC_ETC_ERROR_IRQ_IRQHandler
                0x6000812c        0x8 ./startup/startup_mimxrt1062.o
                0x6000812c                ADC_ETC_ERROR_IRQ_IRQHandler
 .text.PIT_IRQHandler
                0x60008134        0x8 ./startup/startup_mimxrt1062.o
                0x60008134                PIT_IRQHandler
 .text.ACMP1_IRQHandler
                0x6000813c        0x8 ./startup/startup_mimxrt1062.o
                0x6000813c                ACMP1_IRQHandler
 .text.ACMP2_IRQHandler
                0x60008144        0x8 ./startup/startup_mimxrt1062.o
                0x60008144                ACMP2_IRQHandler
 .text.ACMP3_IRQHandler
                0x6000814c        0x8 ./startup/startup_mimxrt1062.o
                0x6000814c                ACMP3_IRQHandler
 .text.ACMP4_IRQHandler
                0x60008154        0x8 ./startup/startup_mimxrt1062.o
                0x60008154                ACMP4_IRQHandler
 .text.Reserved143_IRQHandler
                0x6000815c        0x8 ./startup/startup_mimxrt1062.o
                0x6000815c                Reserved143_IRQHandler
 .text.Reserved144_IRQHandler
                0x60008164        0x8 ./startup/startup_mimxrt1062.o
                0x60008164                Reserved144_IRQHandler
 .text.ENC1_IRQHandler
                0x6000816c        0x8 ./startup/startup_mimxrt1062.o
                0x6000816c                ENC1_IRQHandler
 .text.ENC2_IRQHandler
                0x60008174        0x8 ./startup/startup_mimxrt1062.o
                0x60008174                ENC2_IRQHandler
 .text.ENC3_IRQHandler
                0x6000817c        0x8 ./startup/startup_mimxrt1062.o
                0x6000817c                ENC3_IRQHandler
 .text.ENC4_IRQHandler
                0x60008184        0x8 ./startup/startup_mimxrt1062.o
                0x60008184                ENC4_IRQHandler
 .text.TMR1_IRQHandler
                0x6000818c        0x8 ./startup/startup_mimxrt1062.o
                0x6000818c                TMR1_IRQHandler
 .text.TMR2_IRQHandler
                0x60008194        0x8 ./startup/startup_mimxrt1062.o
                0x60008194                TMR2_IRQHandler
 .text.TMR3_IRQHandler
                0x6000819c        0x8 ./startup/startup_mimxrt1062.o
                0x6000819c                TMR3_IRQHandler
 .text.TMR4_IRQHandler
                0x600081a4        0x8 ./startup/startup_mimxrt1062.o
                0x600081a4                TMR4_IRQHandler
 .text.PWM2_0_IRQHandler
                0x600081ac        0x8 ./startup/startup_mimxrt1062.o
                0x600081ac                PWM2_0_IRQHandler
 .text.PWM2_1_IRQHandler
                0x600081b4        0x8 ./startup/startup_mimxrt1062.o
                0x600081b4                PWM2_1_IRQHandler
 .text.PWM2_2_IRQHandler
                0x600081bc        0x8 ./startup/startup_mimxrt1062.o
                0x600081bc                PWM2_2_IRQHandler
 .text.PWM2_3_IRQHandler
                0x600081c4        0x8 ./startup/startup_mimxrt1062.o
                0x600081c4                PWM2_3_IRQHandler
 .text.PWM2_FAULT_IRQHandler
                0x600081cc        0x8 ./startup/startup_mimxrt1062.o
                0x600081cc                PWM2_FAULT_IRQHandler
 .text.PWM3_0_IRQHandler
                0x600081d4        0x8 ./startup/startup_mimxrt1062.o
                0x600081d4                PWM3_0_IRQHandler
 .text.PWM3_1_IRQHandler
                0x600081dc        0x8 ./startup/startup_mimxrt1062.o
                0x600081dc                PWM3_1_IRQHandler
 .text.PWM3_2_IRQHandler
                0x600081e4        0x8 ./startup/startup_mimxrt1062.o
                0x600081e4                PWM3_2_IRQHandler
 .text.PWM3_3_IRQHandler
                0x600081ec        0x8 ./startup/startup_mimxrt1062.o
                0x600081ec                PWM3_3_IRQHandler
 .text.PWM3_FAULT_IRQHandler
                0x600081f4        0x8 ./startup/startup_mimxrt1062.o
                0x600081f4                PWM3_FAULT_IRQHandler
 .text.PWM4_0_IRQHandler
                0x600081fc        0x8 ./startup/startup_mimxrt1062.o
                0x600081fc                PWM4_0_IRQHandler
 .text.PWM4_1_IRQHandler
                0x60008204        0x8 ./startup/startup_mimxrt1062.o
                0x60008204                PWM4_1_IRQHandler
 .text.PWM4_2_IRQHandler
                0x6000820c        0x8 ./startup/startup_mimxrt1062.o
                0x6000820c                PWM4_2_IRQHandler
 .text.PWM4_3_IRQHandler
                0x60008214        0x8 ./startup/startup_mimxrt1062.o
                0x60008214                PWM4_3_IRQHandler
 .text.PWM4_FAULT_IRQHandler
                0x6000821c        0x8 ./startup/startup_mimxrt1062.o
                0x6000821c                PWM4_FAULT_IRQHandler
 .text.ENET2_IRQHandler
                0x60008224        0x8 ./startup/startup_mimxrt1062.o
                0x60008224                ENET2_IRQHandler
 .text.ENET2_1588_Timer_IRQHandler
                0x6000822c        0x8 ./startup/startup_mimxrt1062.o
                0x6000822c                ENET2_1588_Timer_IRQHandler
 .text.CAN3_IRQHandler
                0x60008234        0x8 ./startup/startup_mimxrt1062.o
                0x60008234                CAN3_IRQHandler
 .text.Reserved171_IRQHandler
                0x6000823c        0x8 ./startup/startup_mimxrt1062.o
                0x6000823c                Reserved171_IRQHandler
 .text.FLEXIO3_IRQHandler
                0x60008244        0x8 ./startup/startup_mimxrt1062.o
                0x60008244                FLEXIO3_IRQHandler
 .text.GPIO6_7_8_9_IRQHandler
                0x6000824c        0x8 ./startup/startup_mimxrt1062.o
                0x6000824c                GPIO6_7_8_9_IRQHandler
 .text.EnableIRQ
                0x60008254       0x32 ./source/elcdif_rgb.o
 .text.initVector3
                0x60008286       0x54 ./source/elcdif_rgb.o
                0x60008286                initVector3
 .text.identity
                0x600082da       0x54 ./source/elcdif_rgb.o
                0x600082da                identity
 .text.multiplyVector4
                0x6000832e      0x144 ./source/elcdif_rgb.o
                0x6000832e                multiplyVector4
 .text.multiplyMatrix4
                0x60008472       0xde ./source/elcdif_rgb.o
                0x60008472                multiplyMatrix4
 .text.translate
                0x60008550       0x92 ./source/elcdif_rgb.o
                0x60008550                translate
 .text.scaleMatrix_set
                0x600085e2       0xc0 ./source/elcdif_rgb.o
                0x600085e2                scaleMatrix_set
 .text.window_coordinates
                0x600086a2      0x114 ./source/elcdif_rgb.o
                0x600086a2                window_coordinates
 .text.LCDIF_IRQHandler
                0x600087b6       0x12 ./source/elcdif_rgb.o
                0x600087b6                LCDIF_IRQHandler
 .text.BOARD_EnableLcdInterrupt
                0x600087c8        0xe ./source/elcdif_rgb.o
                0x600087c8                BOARD_EnableLcdInterrupt
 .text.HardFault_Handler
                0x600087d6       0x2c ./source/semihost_hardfault.o
                0x600087d6                HardFault_Handler
 .text.CLOCK_IsPllBypassed
                0x60008802       0x32 ./drivers/fsl_clock.o
 .text.CLOCK_IsPllEnabled
                0x60008834       0x3c ./drivers/fsl_clock.o
 .text.CLOCK_GetPllBypassRefClk
                0x60008870       0x34 ./drivers/fsl_clock.o
 .text._SDK_AtomicLocalClearAndSet4Byte
                0x600088a4       0x50 ./drivers/fsl_elcdif.o
 .text.CLOCK_EnableClock
                0x600088f4       0x1e ./drivers/fsl_elcdif.o
 .text.ELCDIF_Reset
                0x60008912       0x4a ./drivers/fsl_elcdif.o
                0x60008912                ELCDIF_Reset
 .text._SDK_AtomicLocalClearAndSet4Byte
                0x6000895c       0x50 ./drivers/fsl_gpio.o
 .text.CLOCK_EnableClock
                0x600089ac       0x1e ./drivers/fsl_gpio.o
 .text.GPIO_SetPinInterruptConfig
                0x600089ca       0x22 ./drivers/fsl_gpio.o
 .text._SDK_AtomicLocalClearAndSet4Byte
                0x600089ec       0x50 ./drivers/fsl_lpuart.o
 .text.CLOCK_EnableClock
                0x60008a3c       0x1e ./drivers/fsl_lpuart.o
 .text.LPUART_SoftwareReset
                0x60008a5a       0x2c ./drivers/fsl_lpuart.o
 .text.SystemInitHook
                0x60008a86        0xe ./device/system_MIMXRT1062.o
                0x60008a86                SystemInitHook
 .text.HAL_UartGetStatus
                0x60008a94       0x28 ./component/uart/fsl_adapter_lpuart.o
 .text.BOARD_InitDebugConsole
                0x60008abc       0x22 ./board/board.o
                0x60008abc                BOARD_InitDebugConsole
 .text._SDK_AtomicLocalClearAndSet4Byte
                0x60008ade       0x50 ./board/clock_config.o
 .text.CLOCK_DisableClock
                0x60008b2e       0x1e ./board/clock_config.o
 .text.CLOCK_SetPllBypass
                0x60008b4c       0x4e ./board/clock_config.o
 .text.IOMUXC_SetSaiMClkClockSource
                0x60008b9a       0x6c ./board/clock_config.o
 .text.BOARD_InitBootClocks
                0x60008c06        0xc ./board/clock_config.o
                0x60008c06                BOARD_InitBootClocks
 .text._SDK_AtomicLocalClearAndSet4Byte
                0x60008c12       0x50 ./board/pin_mux.o
 .text.CLOCK_EnableClock
                0x60008c62       0x1e ./board/pin_mux.o
 .text.IOMUXC_SetPinMux
                0x60008c80       0x3a ./board/pin_mux.o
 .text.IOMUXC_SetPinConfig
                0x60008cba       0x26 ./board/pin_mux.o
 .text.BOARD_InitBootPins
                0x60008ce0        0xc ./board/pin_mux.o
                0x60008ce0                BOARD_InitBootPins
 .text.__main   0x60008cec        0xe c:/nxp/mcuxpressoide_11.7.1_9221/ide/plugins/com.nxp.mcuxpresso.tools.win32_11.7.1.202301190959/tools/bin/../lib/gcc/arm-none-eabi/10.3.1/../../../../arm-none-eabi/lib/thumb/v7e-m+dp/hard\libcr_nohost_nf.a(_cr__main.o)
                0x60008cec                __main
 .text.memcpy   0x60008cfa        0x4 c:/nxp/mcuxpressoide_11.7.1_9221/ide/plugins/com.nxp.mcuxpresso.tools.win32_11.7.1.202301190959/tools/bin/../lib/gcc/arm-none-eabi/10.3.1/../../../../arm-none-eabi/lib/thumb/v7e-m+dp/hard\libcr_c.a(memcpy.o)
                0x60008cfa                memcpy
 .text.memset   0x60008cfe        0x4 c:/nxp/mcuxpressoide_11.7.1_9221/ide/plugins/com.nxp.mcuxpresso.tools.win32_11.7.1.202301190959/tools/bin/../lib/gcc/arm-none-eabi/10.3.1/../../../../arm-none-eabi/lib/thumb/v7e-m+dp/hard\libcr_c.a(memset.o)
                0x60008cfe                memset
 .text.free     0x60008d02       0x30 c:/nxp/mcuxpressoide_11.7.1_9221/ide/plugins/com.nxp.mcuxpresso.tools.win32_11.7.1.202301190959/tools/bin/../lib/gcc/arm-none-eabi/10.3.1/../../../../arm-none-eabi/lib/thumb/v7e-m+dp/hard\libcr_c.a(alloc.o)
                0x60008d02                free
 .text.setvbuf  0x60008d32       0x3e c:/nxp/mcuxpressoide_11.7.1_9221/ide/plugins/com.nxp.mcuxpresso.tools.win32_11.7.1.202301190959/tools/bin/../lib/gcc/arm-none-eabi/10.3.1/../../../../arm-none-eabi/lib/thumb/v7e-m+dp/hard\libcr_c.a(setvbuf.o)
                0x60008d32                setvbuf
 .text.sin      0x60008d70       0x26 c:/nxp/mcuxpressoide_11.7.1_9221/ide/plugins/com.nxp.mcuxpresso.tools.win32_11.7.1.202301190959/tools/bin/../lib/gcc/arm-none-eabi/10.3.1/../../../../arm-none-eabi/lib/thumb/v7e-m+dp/hard\libcr_c.a(sin.o)
                0x60008d70                sin
 .text.strlen   0x60008d96       0x48 c:/nxp/mcuxpressoide_11.7.1_9221/ide/plugins/com.nxp.mcuxpresso.tools.win32_11.7.1.202301190959/tools/bin/../lib/gcc/arm-none-eabi/10.3.1/../../../../arm-none-eabi/lib/thumb/v7e-m+dp/hard\libcr_c.a(strlen.o)
                0x60008d96                strlen
 .text._deferredlazyseek
                0x60008dde       0x40 c:/nxp/mcuxpressoide_11.7.1_9221/ide/plugins/com.nxp.mcuxpresso.tools.win32_11.7.1.202301190959/tools/bin/../lib/gcc/arm-none-eabi/10.3.1/../../../../arm-none-eabi/lib/thumb/v7e-m+dp/hard\libcr_c.a(_deferredlazyseek.o)
                0x60008dde                _deferredlazyseek
 .text._fdopen  0x60008e1e       0x68 c:/nxp/mcuxpressoide_11.7.1_9221/ide/plugins/com.nxp.mcuxpresso.tools.win32_11.7.1.202301190959/tools/bin/../lib/gcc/arm-none-eabi/10.3.1/../../../../arm-none-eabi/lib/thumb/v7e-m+dp/hard\libcr_c.a(_fdopen.o)
                0x60008e1e                _fdopen
 .text._fflush  0x60008e86       0x52 c:/nxp/mcuxpressoide_11.7.1_9221/ide/plugins/com.nxp.mcuxpresso.tools.win32_11.7.1.202301190959/tools/bin/../lib/gcc/arm-none-eabi/10.3.1/../../../../arm-none-eabi/lib/thumb/v7e-m+dp/hard\libcr_c.a(_fflush.o)
                0x60008e86                _fflush
 .text.fabs     0x60008ed8       0x10 c:/nxp/mcuxpressoide_11.7.1_9221/ide/plugins/com.nxp.mcuxpresso.tools.win32_11.7.1.202301190959/tools/bin/../lib/gcc/arm-none-eabi/10.3.1/../../../../arm-none-eabi/lib/thumb/v7e-m+dp/hard\libcr_c.a(fabs.o)
                0x60008ed8                fabs
 .text.fclose   0x60008ee8       0x58 c:/nxp/mcuxpressoide_11.7.1_9221/ide/plugins/com.nxp.mcuxpresso.tools.win32_11.7.1.202301190959/tools/bin/../lib/gcc/arm-none-eabi/10.3.1/../../../../arm-none-eabi/lib/thumb/v7e-m+dp/hard\libcr_c.a(fclose.o)
                0x60008ee8                fclose
 .text.remove   0x60008f40       0x14 c:/nxp/mcuxpressoide_11.7.1_9221/ide/plugins/com.nxp.mcuxpresso.tools.win32_11.7.1.202301190959/tools/bin/../lib/gcc/arm-none-eabi/10.3.1/../../../../arm-none-eabi/lib/thumb/v7e-m+dp/hard\libcr_c.a(remove.o)
                0x60008f40                remove
 .text._do_fflush
                0x60008f54       0x40 c:/nxp/mcuxpressoide_11.7.1_9221/ide/plugins/com.nxp.mcuxpresso.tools.win32_11.7.1.202301190959/tools/bin/../lib/gcc/arm-none-eabi/10.3.1/../../../../arm-none-eabi/lib/thumb/v7e-m+dp/hard\libcr_c.a(_do_fflush.o)
                0x60008f54                _do_fflush
 .text.__aeabi_division_ldivmod
                0x60008f94       0x26 c:/nxp/mcuxpressoide_11.7.1_9221/ide/plugins/com.nxp.mcuxpresso.tools.win32_11.7.1.202301190959/tools/bin/../lib/gcc/arm-none-eabi/10.3.1/thumb/v7e-m+dp/hard\libcr_eabihelpers.a(division_64.o)
                0x60008f94                __aeabi_ldivmod
 .text.__aeabi_division_uldivmod
                0x60008fba      0x174 c:/nxp/mcuxpressoide_11.7.1_9221/ide/plugins/com.nxp.mcuxpresso.tools.win32_11.7.1.202301190959/tools/bin/../lib/gcc/arm-none-eabi/10.3.1/thumb/v7e-m+dp/hard\libcr_eabihelpers.a(division_64.o)
                0x60008fba                __aeabi_uldivmod
                0x60008fbe                __bhs_ldivmod1
 .text.__aeabi_division_idiv0
                0x6000912e        0x2 c:/nxp/mcuxpressoide_11.7.1_9221/ide/plugins/com.nxp.mcuxpresso.tools.win32_11.7.1.202301190959/tools/bin/../lib/gcc/arm-none-eabi/10.3.1/thumb/v7e-m+dp/hard\libcr_eabihelpers.a(division_idiv0.o)
                0x6000912e                __aeabi_idiv0
 .text.__aeabi_d2lz
                0x60009130       0x6c c:/nxp/mcuxpressoide_11.7.1_9221/ide/plugins/com.nxp.mcuxpresso.tools.win32_11.7.1.202301190959/tools/bin/../lib/gcc/arm-none-eabi/10.3.1/thumb/v7e-m+dp/hard\libcr_eabihelpers.a(double.o)
                0x60009130                __aeabi_d2lz
 .text.__bhs_ul2d
                0x6000919c       0x8a c:/nxp/mcuxpressoide_11.7.1_9221/ide/plugins/com.nxp.mcuxpresso.tools.win32_11.7.1.202301190959/tools/bin/../lib/gcc/arm-none-eabi/10.3.1/thumb/v7e-m+dp/hard\libcr_eabihelpers.a(double.o)
                0x6000919c                __bhs_ul2d
 .text.__aeabi_l2d
                0x60009226       0x1c c:/nxp/mcuxpressoide_11.7.1_9221/ide/plugins/com.nxp.mcuxpresso.tools.win32_11.7.1.202301190959/tools/bin/../lib/gcc/arm-none-eabi/10.3.1/thumb/v7e-m+dp/hard\libcr_eabihelpers.a(double.o)
                0x60009226                __aeabi_l2d
 .text.__aeabi_memcpy
                0x60009242       0x34 c:/nxp/mcuxpressoide_11.7.1_9221/ide/plugins/com.nxp.mcuxpresso.tools.win32_11.7.1.202301190959/tools/bin/../lib/gcc/arm-none-eabi/10.3.1/thumb/v7e-m+dp/hard\libcr_eabihelpers.a(memcpy.o)
                0x60009242                __aeabi_memcpy
                0x6000924c                __aeabi_memcpy8
                0x6000924c                __aeabi_memcpy4
 .text.__aeabi_memset_lowlevel
                0x60009276       0x32 c:/nxp/mcuxpressoide_11.7.1_9221/ide/plugins/com.nxp.mcuxpresso.tools.win32_11.7.1.202301190959/tools/bin/../lib/gcc/arm-none-eabi/10.3.1/thumb/v7e-m+dp/hard\libcr_eabihelpers.a(memcpy.o)
                0x60009276                __aeabi_lowlevel_memset
 .text.__sys_close
                0x600092a8        0x6 c:/nxp/mcuxpressoide_11.7.1_9221/ide/plugins/com.nxp.mcuxpresso.tools.win32_11.7.1.202301190959/tools/bin/../lib/gcc/arm-none-eabi/10.3.1/../../../../arm-none-eabi/lib/thumb/v7e-m+dp/hard\libcr_nohost_nf.a(__sys_close.o)
                0x600092a8                __sys_close
 .text.__sys_flen
                0x600092ae        0x6 c:/nxp/mcuxpressoide_11.7.1_9221/ide/plugins/com.nxp.mcuxpresso.tools.win32_11.7.1.202301190959/tools/bin/../lib/gcc/arm-none-eabi/10.3.1/../../../../arm-none-eabi/lib/thumb/v7e-m+dp/hard\libcr_nohost_nf.a(__sys_flen.o)
                0x600092ae                __sys_flen
 .text.__sys_istty
                0x600092b4        0x6 c:/nxp/mcuxpressoide_11.7.1_9221/ide/plugins/com.nxp.mcuxpresso.tools.win32_11.7.1.202301190959/tools/bin/../lib/gcc/arm-none-eabi/10.3.1/../../../../arm-none-eabi/lib/thumb/v7e-m+dp/hard\libcr_nohost_nf.a(__sys_istty.o)
                0x600092b4                __sys_istty
 .text.__sys_remove
                0x600092ba        0x6 c:/nxp/mcuxpressoide_11.7.1_9221/ide/plugins/com.nxp.mcuxpresso.tools.win32_11.7.1.202301190959/tools/bin/../lib/gcc/arm-none-eabi/10.3.1/../../../../arm-none-eabi/lib/thumb/v7e-m+dp/hard\libcr_nohost_nf.a(__sys_remove.o)
                0x600092ba                __sys_remove
 .text.__sys_seek
                0x600092c0        0x6 c:/nxp/mcuxpressoide_11.7.1_9221/ide/plugins/com.nxp.mcuxpresso.tools.win32_11.7.1.202301190959/tools/bin/../lib/gcc/arm-none-eabi/10.3.1/../../../../arm-none-eabi/lib/thumb/v7e-m+dp/hard\libcr_nohost_nf.a(__sys_seek.o)
                0x600092c0                __sys_seek
 .text.__sys_tmpnam
                0x600092c6        0x6 c:/nxp/mcuxpressoide_11.7.1_9221/ide/plugins/com.nxp.mcuxpresso.tools.win32_11.7.1.202301190959/tools/bin/../lib/gcc/arm-none-eabi/10.3.1/../../../../arm-none-eabi/lib/thumb/v7e-m+dp/hard\libcr_nohost_nf.a(__sys_tmpnam.o)
                0x600092c6                __sys_tmpnam
 .text.__sys_write
                0x600092cc        0x4 c:/nxp/mcuxpressoide_11.7.1_9221/ide/plugins/com.nxp.mcuxpresso.tools.win32_11.7.1.202301190959/tools/bin/../lib/gcc/arm-none-eabi/10.3.1/../../../../arm-none-eabi/lib/thumb/v7e-m+dp/hard\libcr_nohost_nf.a(__sys_write.o)
                0x600092cc                __sys_write
 *(SORT_BY_ALIGNMENT(.rodata) SORT_BY_ALIGNMENT(.rodata.*) SORT_BY_ALIGNMENT(.constdata) SORT_BY_ALIGNMENT(.constdata.*))
 .rodata.a1.1   0x600092d0       0x88 c:/nxp/mcuxpressoide_11.7.1_9221/ide/plugins/com.nxp.mcuxpresso.tools.win32_11.7.1.202301190959/tools/bin/../lib/gcc/arm-none-eabi/10.3.1/../../../../arm-none-eabi/lib/thumb/v7e-m+dp/hard\libcr_c.a(pow.o)
 .rodata.a2.0   0x60009358       0x40 c:/nxp/mcuxpressoide_11.7.1_9221/ide/plugins/com.nxp.mcuxpresso.tools.win32_11.7.1.202301190959/tools/bin/../lib/gcc/arm-none-eabi/10.3.1/../../../../arm-none-eabi/lib/thumb/v7e-m+dp/hard\libcr_c.a(pow.o)
 .rodata.__assertion_failed.str1.4
                0x60009398       0x14 ./utilities/fsl_assert.o
 .rodata.CLOCK_SetMux.str1.4
                0x600093ac       0x77 ./source/elcdif_rgb.o
 *fill*         0x60009423        0x1 ff
 .rodata.CLOCK_SetDiv.str1.4
                0x60009424       0x77 ./source/elcdif_rgb.o
 *fill*         0x6000949b        0x1 ff
 .rodata        0x6000949c       0x98 ./source/elcdif_rgb.o
 .rodata.main.str1.4
                0x60009534       0x2b ./source/elcdif_rgb.o
 *fill*         0x6000955f        0x1 ff
 .rodata.fgColorTable.1
                0x60009560       0x1c ./source/elcdif_rgb.o
 .rodata.bgColor.0
                0x6000957c        0x4 ./source/elcdif_rgb.o
 .rodata.CLOCK_InitExternalClk.str1.4
                0x60009580       0x21 ./drivers/fsl_clock.o
 *fill*         0x600095a1        0x3 ff
 .rodata.CLOCK_GetPllFreq.str1.4
                0x600095a4       0x6d ./drivers/fsl_clock.o
 *fill*         0x60009611        0x3 ff
 .rodata.enetRefClkFreq.1
                0x60009614       0x10 ./drivers/fsl_clock.o
 .rodata.CLOCK_ControlGate.str1.4
                0x60009624       0x20 ./drivers/fsl_elcdif.o
 .rodata.s_pixelFormatReg
                0x60009644       0x28 ./drivers/fsl_elcdif.o
 .rodata.ELCDIF_GetInstance.str1.4
                0x6000966c       0x37 ./drivers/fsl_elcdif.o
 *fill*         0x600096a3        0x1 ff
 .rodata.ELCDIF_RgbModeInit.str1.4
                0x600096a4       0x74 ./drivers/fsl_elcdif.o
 .rodata.s_elcdifBases.0
                0x60009718        0x4 ./drivers/fsl_elcdif.o
 .rodata.CLOCK_ControlGate.str1.4
                0x6000971c       0x20 ./drivers/fsl_gpio.o
 .rodata.s_gpioBases
                0x6000971c       0x2c ./drivers/fsl_gpio.o
 .rodata.s_gpioClock
                0x60009748        0xc ./drivers/fsl_gpio.o
 .rodata.GPIO_GetInstance.str1.4
                0x60009754       0x33 ./drivers/fsl_gpio.o
 *fill*         0x60009787        0x1 ff
 .rodata.GPIO_PinWrite.str1.4
                0x60009788       0x1b ./drivers/fsl_gpio.o
 .rodata.CLOCK_ControlGate.str1.4
                0x600097a3       0x20 ./drivers/fsl_lpuart.o
 *fill*         0x600097a3        0x1 ff
 .rodata.s_lpuartBases
                0x600097a4       0x24 ./drivers/fsl_lpuart.o
 .rodata.s_lpuartClock
                0x600097c8       0x12 ./drivers/fsl_lpuart.o
 *fill*         0x600097da        0x2 ff
 .rodata.LPUART_GetInstance.str1.4
                0x600097dc       0x38 ./drivers/fsl_lpuart.o
 .rodata.LPUART_Init.str1.4
                0x60009814      0x10a ./drivers/fsl_lpuart.o
 *fill*         0x6000991e        0x2 ff
 .rodata.LPUART_GetDefaultConfig.str1.4
                0x60009920       0x22 ./drivers/fsl_lpuart.o
 *fill*         0x60009942        0x2 ff
 .rodata.LPUART_WriteBlocking.str1.4
                0x60009944       0x20 ./drivers/fsl_lpuart.o
 .rodata.LPUART_ReadBlocking.str1.4
                0x60009964       0x21 ./drivers/fsl_lpuart.o
 *fill*         0x60009985        0x3 ff
 .rodata.s_LpuartAdapterBase
                0x60009988       0x24 ./component/uart/fsl_adapter_lpuart.o
 .rodata.HAL_UartInit.str1.4
                0x600099ac      0x105 ./component/uart/fsl_adapter_lpuart.o
 *fill*         0x60009ab1        0x3 ff
 .rodata.HAL_UartReceiveBlocking.str1.4
                0x60009ab4       0x7b ./component/uart/fsl_adapter_lpuart.o
 *fill*         0x60009b2f        0x1 ff
 .rodata.HAL_UartSendBlocking.str1.4
                0x60009b30       0x7b ./component/uart/fsl_adapter_lpuart.o
 *fill*         0x60009bab        0x1 ff
 .rodata.BOARD_ConfigMPU.str1.4
                0x60009bac       0x69 ./board/board.o
 .rodata.CLOCK_SetMux.str1.4
                0x60009c15       0x77 ./board/clock_config.o
 .rodata.CLOCK_SetDiv.str1.4
                0x60009c15       0x77 ./board/clock_config.o
 *fill*         0x60009c15        0x3 ff
 .rodata.CLOCK_ControlGate.str1.4
                0x60009c18       0x66 ./board/clock_config.o
 *fill*         0x60009c7e        0x2 ff
 .rodata.armPllConfig_BOARD_BootClockRUN
                0x60009c80        0x8 ./board/clock_config.o
                0x60009c80                armPllConfig_BOARD_BootClockRUN
 .rodata.CLOCK_ControlGate.str1.4
                0x60009c88       0x66 ./board/pin_mux.o
 .rodata.__num_Ciob_streams
                0x60009c88        0x4 c:/nxp/mcuxpressoide_11.7.1_9221/ide/plugins/com.nxp.mcuxpresso.tools.win32_11.7.1.202301190959/tools/bin/../lib/gcc/arm-none-eabi/10.3.1/../../../../arm-none-eabi/lib/thumb/v7e-m+dp/hard\libcr_nohost_nf.a(__ciob.o)
                0x60009c88                __num_Ciob_streams
 .rodata._initio.str1.1
                0x60009c8c        0x4 c:/nxp/mcuxpressoide_11.7.1_9221/ide/plugins/com.nxp.mcuxpresso.tools.win32_11.7.1.202301190959/tools/bin/../lib/gcc/arm-none-eabi/10.3.1/../../../../arm-none-eabi/lib/thumb/v7e-m+dp/hard\libcr_c.a(initio.o)
                0x60009cf0                . = ALIGN (0x4)

.glue_7         0x60009c90        0x0
 .glue_7        0x60009c90        0x0 linker stubs

.glue_7t        0x60009c90        0x0
 .glue_7t       0x60009c90        0x0 linker stubs

.vfp11_veneer   0x60009c90        0x0
 .vfp11_veneer  0x60009c90        0x0 linker stubs

.v4_bx          0x60009c90        0x0
 .v4_bx         0x60009c90        0x0 linker stubs

.iplt           0x60009c90        0x0
 .iplt          0x60009c90        0x0 ./xip/fsl_flexspi_nor_boot.o

.rel.dyn        0x60009c90        0x0
 .rel.iplt      0x60009c90        0x0 ./xip/fsl_flexspi_nor_boot.o

.ARM.extab
 *(SORT_BY_ALIGNMENT(.ARM.extab*) SORT_BY_ALIGNMENT(.gnu.linkonce.armextab.*))

.ARM.exidx      0x60009c90        0x0
                0x60009c90                __exidx_start = .
 *(SORT_BY_ALIGNMENT(.ARM.exidx*) SORT_BY_ALIGNMENT(.gnu.linkonce.armexidx.*))
                0x60009c90                __exidx_end = .
                0x60009c90                _etext = .

.data_RAM2      0x81e00000        0x0 load address 0x60009c90
 FILL mask 0xff
                [!provide]                PROVIDE (__start_data_RAM2 = .)
                [!provide]                PROVIDE (__start_data_NCACHE_REGION = .)
 *(SORT_BY_ALIGNMENT(.ramfunc.$RAM2))
 *(SORT_BY_ALIGNMENT(.ramfunc.$NCACHE_REGION))
 *(SORT_BY_ALIGNMENT(NonCacheable.init))
 *(SORT_BY_ALIGNMENT(.data.$RAM2))
 *(SORT_BY_ALIGNMENT(.data.$NCACHE_REGION))
 *(SORT_BY_ALIGNMENT(.data.$RAM2.*))
 *(SORT_BY_ALIGNMENT(.data.$NCACHE_REGION.*))
                0x81e00000                . = ALIGN (0x4)
                [!provide]                PROVIDE (__end_data_RAM2 = .)
                [!provide]                PROVIDE (__end_data_NCACHE_REGION = .)

.data_RAM3      0x20000000        0x0 load address 0x60009c90
 FILL mask 0xff
                [!provide]                PROVIDE (__start_data_RAM3 = .)
                [!provide]                PROVIDE (__start_data_SRAM_DTC = .)
 *(SORT_BY_ALIGNMENT(.ramfunc.$RAM3))
 *(SORT_BY_ALIGNMENT(.ramfunc.$SRAM_DTC))
 *(SORT_BY_ALIGNMENT(.data.$RAM3))
 *(SORT_BY_ALIGNMENT(.data.$SRAM_DTC))
 *(SORT_BY_ALIGNMENT(.data.$RAM3.*))
 *(SORT_BY_ALIGNMENT(.data.$SRAM_DTC.*))
                0x20000000                . = ALIGN (0x4)
                [!provide]                PROVIDE (__end_data_RAM3 = .)
                [!provide]                PROVIDE (__end_data_SRAM_DTC = .)

.data_RAM4      0x00000000        0x0 load address 0x60009c90
 FILL mask 0xff
                [!provide]                PROVIDE (__start_data_RAM4 = .)
                [!provide]                PROVIDE (__start_data_SRAM_ITC = .)
 *(SORT_BY_ALIGNMENT(.ramfunc.$RAM4))
 *(SORT_BY_ALIGNMENT(.ramfunc.$SRAM_ITC))
 *(SORT_BY_ALIGNMENT(.data.$RAM4))
 *(SORT_BY_ALIGNMENT(.data.$SRAM_ITC))
 *(SORT_BY_ALIGNMENT(.data.$RAM4.*))
 *(SORT_BY_ALIGNMENT(.data.$SRAM_ITC.*))
                0x00000000                . = ALIGN (0x4)
                [!provide]                PROVIDE (__end_data_RAM4 = .)
                [!provide]                PROVIDE (__end_data_SRAM_ITC = .)

.data_RAM5      0x20200000        0x0 load address 0x60009c90
 FILL mask 0xff
                [!provide]                PROVIDE (__start_data_RAM5 = .)
                [!provide]                PROVIDE (__start_data_SRAM_OC = .)
 *(SORT_BY_ALIGNMENT(.ramfunc.$RAM5))
 *(SORT_BY_ALIGNMENT(.ramfunc.$SRAM_OC))
 *(SORT_BY_ALIGNMENT(.data.$RAM5))
 *(SORT_BY_ALIGNMENT(.data.$SRAM_OC))
 *(SORT_BY_ALIGNMENT(.data.$RAM5.*))
 *(SORT_BY_ALIGNMENT(.data.$SRAM_OC.*))
                0x20200000                . = ALIGN (0x4)
                [!provide]                PROVIDE (__end_data_RAM5 = .)
                [!provide]                PROVIDE (__end_data_SRAM_OC = .)

.uninit_RESERVED
                0x80000000        0x0
                0x80000000                _start_uninit_RESERVED = .
 *(SORT_BY_ALIGNMENT(.bss.$RESERVED*))
                0x80000000                . = ALIGN (0x4)
                0x80000000                _end_uninit_RESERVED = .

.data           0x80000000        0x4 load address 0x60009c90
 FILL mask 0xff
                0x80000000                _data = .
                [!provide]                PROVIDE (__start_data_RAM = .)
                [!provide]                PROVIDE (__start_data_BOARD_SDRAM = .)
 *(SORT_BY_ALIGNMENT(vtable))
 *(SORT_BY_ALIGNMENT(.ramfunc*))
 *(SORT_BY_ALIGNMENT(CodeQuickAccess))
 *(SORT_BY_ALIGNMENT(DataQuickAccess))
 *(SORT_BY_ALIGNMENT(RamFunction))
 *(SORT_BY_ALIGNMENT(.data*))
 .data.SystemCoreClock
                0x80000000        0x4 ./device/system_MIMXRT1062.o
                0x80000000                SystemCoreClock
                0x80000004                . = ALIGN (0x4)
                0x80000004                _edata = .
                [!provide]                PROVIDE (__end_data_RAM = .)
                [!provide]                PROVIDE (__end_data_BOARD_SDRAM = .)

.igot.plt       0x80000004        0x0 load address 0x60009c94
 .igot.plt      0x80000004        0x0 ./xip/fsl_flexspi_nor_boot.o

.bss_RAM2       0x81e00000    0xff000
                [!provide]                PROVIDE (__start_bss_RAM2 = .)
                [!provide]                PROVIDE (__start_bss_NCACHE_REGION = .)
 *(SORT_BY_ALIGNMENT(NonCacheable))
 NonCacheable   0x81e00000    0xff000 ./source/elcdif_rgb.o
 *(SORT_BY_ALIGNMENT(.bss.$RAM2))
 *(SORT_BY_ALIGNMENT(.bss.$NCACHE_REGION))
 *(SORT_BY_ALIGNMENT(.bss.$RAM2.*))
 *(SORT_BY_ALIGNMENT(.bss.$NCACHE_REGION.*))
                0x81eff000                . = ALIGN ((. != 0x0)?0x4:0x1)
                [!provide]                PROVIDE (__end_bss_RAM2 = .)
                [!provide]                PROVIDE (__end_bss_NCACHE_REGION = .)

.bss_RAM3       0x20000000        0x0
                [!provide]                PROVIDE (__start_bss_RAM3 = .)
                [!provide]                PROVIDE (__start_bss_SRAM_DTC = .)
 *(SORT_BY_ALIGNMENT(.bss.$RAM3))
 *(SORT_BY_ALIGNMENT(.bss.$SRAM_DTC))
 *(SORT_BY_ALIGNMENT(.bss.$RAM3.*))
 *(SORT_BY_ALIGNMENT(.bss.$SRAM_DTC.*))
                0x20000000                . = ALIGN ((. != 0x0)?0x4:0x1)
                [!provide]                PROVIDE (__end_bss_RAM3 = .)
                [!provide]                PROVIDE (__end_bss_SRAM_DTC = .)

.bss_RAM4       0x00000000        0x0
                [!provide]                PROVIDE (__start_bss_RAM4 = .)
                [!provide]                PROVIDE (__start_bss_SRAM_ITC = .)
 *(SORT_BY_ALIGNMENT(.bss.$RAM4))
 *(SORT_BY_ALIGNMENT(.bss.$SRAM_ITC))
 *(SORT_BY_ALIGNMENT(.bss.$RAM4.*))
 *(SORT_BY_ALIGNMENT(.bss.$SRAM_ITC.*))
                0x00000000                . = ALIGN ((. != 0x0)?0x4:0x1)
                [!provide]                PROVIDE (__end_bss_RAM4 = .)
                [!provide]                PROVIDE (__end_bss_SRAM_ITC = .)

.bss_RAM5       0x20200000        0x0
                [!provide]                PROVIDE (__start_bss_RAM5 = .)
                [!provide]                PROVIDE (__start_bss_SRAM_OC = .)
 *(SORT_BY_ALIGNMENT(.bss.$RAM5))
 *(SORT_BY_ALIGNMENT(.bss.$SRAM_OC))
 *(SORT_BY_ALIGNMENT(.bss.$RAM5.*))
 *(SORT_BY_ALIGNMENT(.bss.$SRAM_OC.*))
                0x20200000                . = ALIGN ((. != 0x0)?0x4:0x1)
                [!provide]                PROVIDE (__end_bss_RAM5 = .)
                [!provide]                PROVIDE (__end_bss_SRAM_OC = .)

.bss            0x80000004      0x120
                0x80000004                _bss = .
                [!provide]                PROVIDE (__start_bss_RAM = .)
                [!provide]                PROVIDE (__start_bss_BOARD_SDRAM = .)
 *(SORT_BY_ALIGNMENT(.bss*))
 .bss.s_debugConsole
                0x80000004       0x14 ./utilities/fsl_debug_console.o
 .bss.g_xtalFreq
                0x80000018        0x4 ./drivers/fsl_clock.o
                0x80000018                g_xtalFreq
 .bss.g_rtcXtalFreq
                0x8000001c        0x4 ./drivers/fsl_clock.o
                0x8000001c                g_rtcXtalFreq
 .bss.s_lpuartHandle
                0x80000020       0x24 ./drivers/fsl_lpuart.o
                0x80000020                s_lpuartHandle
 .bss.s_lpuartIsr
                0x80000044       0x24 ./drivers/fsl_lpuart.o
                0x80000044                s_lpuartIsr
 .bss.errno     0x80000068        0x4 c:/nxp/mcuxpressoide_11.7.1_9221/ide/plugins/com.nxp.mcuxpresso.tools.win32_11.7.1.202301190959/tools/bin/../lib/gcc/arm-none-eabi/10.3.1/../../../../arm-none-eabi/lib/thumb/v7e-m+dp/hard\libcr_c.a(errno.o)
                0x80000068                errno
 .bss.__Ciob    0x8000006c       0xb4 c:/nxp/mcuxpressoide_11.7.1_9221/ide/plugins/com.nxp.mcuxpresso.tools.win32_11.7.1.202301190959/tools/bin/../lib/gcc/arm-none-eabi/10.3.1/../../../../arm-none-eabi/lib/thumb/v7e-m+dp/hard\libcr_nohost_nf.a(__ciob.o)
                0x8000006c                __Ciob
 .bss.s_frameDone
                0x80000120        0x1 ./source/elcdif_rgb.o
 .bss.fgColorIndex.2
                0x80000121        0x1 ./source/elcdif_rgb.o
 *(SORT_BY_ALIGNMENT(COMMON))
                0x80000124                . = ALIGN (0x4)
 *fill*         0x80000122        0x2 
                0x80000124                _ebss = .
                [!provide]                PROVIDE (__end_bss_RAM = .)
                [!provide]                PROVIDE (__end_bss_BOARD_SDRAM = .)
                [!provide]                PROVIDE (end = .)

.noinit_RAM2    0x81eff000        0x0
                [!provide]                PROVIDE (__start_noinit_RAM2 = .)
                [!provide]                PROVIDE (__start_noinit_NCACHE_REGION = .)
 *(SORT_BY_ALIGNMENT(.noinit.$RAM2))
 *(SORT_BY_ALIGNMENT(.noinit.$NCACHE_REGION))
 *(SORT_BY_ALIGNMENT(.noinit.$RAM2.*))
 *(SORT_BY_ALIGNMENT(.noinit.$NCACHE_REGION.*))
                0x81eff000                . = ALIGN (0x4)
                [!provide]                PROVIDE (__end_noinit_RAM2 = .)
                [!provide]                PROVIDE (__end_noinit_NCACHE_REGION = .)

.noinit_RAM3    0x20000000        0x0
                [!provide]                PROVIDE (__start_noinit_RAM3 = .)
                [!provide]                PROVIDE (__start_noinit_SRAM_DTC = .)
 *(SORT_BY_ALIGNMENT(.noinit.$RAM3))
 *(SORT_BY_ALIGNMENT(.noinit.$SRAM_DTC))
 *(SORT_BY_ALIGNMENT(.noinit.$RAM3.*))
 *(SORT_BY_ALIGNMENT(.noinit.$SRAM_DTC.*))
                0x20000000                . = ALIGN (0x4)
                [!provide]                PROVIDE (__end_noinit_RAM3 = .)
                [!provide]                PROVIDE (__end_noinit_SRAM_DTC = .)

.noinit_RAM4    0x00000000        0x0
                [!provide]                PROVIDE (__start_noinit_RAM4 = .)
                [!provide]                PROVIDE (__start_noinit_SRAM_ITC = .)
 *(SORT_BY_ALIGNMENT(.noinit.$RAM4))
 *(SORT_BY_ALIGNMENT(.noinit.$SRAM_ITC))
 *(SORT_BY_ALIGNMENT(.noinit.$RAM4.*))
 *(SORT_BY_ALIGNMENT(.noinit.$SRAM_ITC.*))
                0x00000000                . = ALIGN (0x4)
                [!provide]                PROVIDE (__end_noinit_RAM4 = .)
                [!provide]                PROVIDE (__end_noinit_SRAM_ITC = .)

.noinit_RAM5    0x20200000        0x0
                [!provide]                PROVIDE (__start_noinit_RAM5 = .)
                [!provide]                PROVIDE (__start_noinit_SRAM_OC = .)
 *(SORT_BY_ALIGNMENT(.noinit.$RAM5))
 *(SORT_BY_ALIGNMENT(.noinit.$SRAM_OC))
 *(SORT_BY_ALIGNMENT(.noinit.$RAM5.*))
 *(SORT_BY_ALIGNMENT(.noinit.$SRAM_OC.*))
                0x20200000                . = ALIGN (0x4)
                [!provide]                PROVIDE (__end_noinit_RAM5 = .)
                [!provide]                PROVIDE (__end_noinit_SRAM_OC = .)

.noinit         0x80000124        0x0
                0x80000124                _noinit = .
                [!provide]                PROVIDE (__start_noinit_RAM = .)
                [!provide]                PROVIDE (__start_noinit_BOARD_SDRAM = .)
 *(SORT_BY_ALIGNMENT(.noinit*))
                0x80000124                . = ALIGN (0x4)
                0x80000124                _end_noinit = .
                [!provide]                PROVIDE (__end_noinit_RAM = .)
                [!provide]                PROVIDE (__end_noinit_BOARD_SDRAM = .)
                0x00001000                _HeapSize = 0x1000

.heap           0x80000124     0x1000
                0x80000124                _pvHeapStart = .
                0x80001124                . = (. + _HeapSize)
 *fill*         0x80000124     0x1000 
                0x80001124                . = ALIGN (0x4)
                0x80001124                _pvHeapLimit = .
                0x00001000                _StackSize = 0x1000

.heap2stackfill
                0x80001124     0x1000
                0x80002124                . = (. + _StackSize)
 *fill*         0x80001124     0x1000 

.stack          0x81dff000        0x0
                0x81dff000                _vStackBase = .
                0x81dff000                . = ALIGN (0x4)
                0x81e00000                _vStackTop = (. + _StackSize)
                0x60002000                _image_start = LOADADDR (.text)
                0x60009c94                _image_end = (LOADADDR (.data) + SIZEOF (.data))
                0x00007c94                _image_size = (_image_end - _image_start)
OUTPUT(evkmimxrt1060_elcdif_rgb.axf elf32-littlearm)
LOAD linker stubs

.debug_info     0x00000000    0x107b2
 .debug_info    0x00000000      0x84e ./xip/evkmimxrt1060_flexspi_nor_config.o
 .debug_info    0x0000084e      0x49c ./xip/fsl_flexspi_nor_boot.o
 .debug_info    0x00000cea       0xaa ./utilities/fsl_assert.o
 .debug_info    0x00000d94      0xd12 ./utilities/fsl_debug_console.o
 .debug_info    0x00001aa6      0xe3d ./startup/startup_mimxrt1062.o
 .debug_info    0x000028e3     0x21fd ./source/elcdif_rgb.o
 .debug_info    0x00004ae0       0x3c ./source/semihost_hardfault.o
 .debug_info    0x00004b1c     0x251f ./drivers/fsl_clock.o
 .debug_info    0x0000703b     0x1400 ./drivers/fsl_elcdif.o
 .debug_info    0x0000843b      0xe04 ./drivers/fsl_gpio.o
 .debug_info    0x0000923f     0x2853 ./drivers/fsl_lpuart.o
 .debug_info    0x0000ba92      0xc53 ./device/system_MIMXRT1062.o
 .debug_info    0x0000c6e5      0xb12 ./component/uart/fsl_adapter_lpuart.o
 .debug_info    0x0000d1f7      0xfc0 ./board/board.o
 .debug_info    0x0000e1b7     0x1a62 ./board/clock_config.o
 .debug_info    0x0000fc19       0xa1 ./board/dcd.o
 .debug_info    0x0000fcba      0xaf8 ./board/pin_mux.o

.debug_abbrev   0x00000000     0x218f
 .debug_abbrev  0x00000000      0x10a ./xip/evkmimxrt1060_flexspi_nor_config.o
 .debug_abbrev  0x0000010a       0xe2 ./xip/fsl_flexspi_nor_boot.o
 .debug_abbrev  0x000001ec       0x66 ./utilities/fsl_assert.o
 .debug_abbrev  0x00000252      0x211 ./utilities/fsl_debug_console.o
 .debug_abbrev  0x00000463      0x152 ./startup/startup_mimxrt1062.o
 .debug_abbrev  0x000005b5      0x372 ./source/elcdif_rgb.o
 .debug_abbrev  0x00000927       0x31 ./source/semihost_hardfault.o
 .debug_abbrev  0x00000958      0x33b ./drivers/fsl_clock.o
 .debug_abbrev  0x00000c93      0x2ea ./drivers/fsl_elcdif.o
 .debug_abbrev  0x00000f7d      0x2a1 ./drivers/fsl_gpio.o
 .debug_abbrev  0x0000121e      0x459 ./drivers/fsl_lpuart.o
 .debug_abbrev  0x00001677      0x16e ./device/system_MIMXRT1062.o
 .debug_abbrev  0x000017e5      0x1ad ./component/uart/fsl_adapter_lpuart.o
 .debug_abbrev  0x00001992      0x2ab ./board/board.o
 .debug_abbrev  0x00001c3d      0x2e0 ./board/clock_config.o
 .debug_abbrev  0x00001f1d       0x64 ./board/dcd.o
 .debug_abbrev  0x00001f81      0x20e ./board/pin_mux.o

.debug_aranges  0x00000000      0xd50
 .debug_aranges
                0x00000000       0x18 ./xip/evkmimxrt1060_flexspi_nor_config.o
 .debug_aranges
                0x00000018       0x18 ./xip/fsl_flexspi_nor_boot.o
 .debug_aranges
                0x00000030       0x20 ./utilities/fsl_assert.o
 .debug_aranges
                0x00000050       0x70 ./utilities/fsl_debug_console.o
 .debug_aranges
                0x000000c0      0x570 ./startup/startup_mimxrt1062.o
 .debug_aranges
                0x00000630      0x108 ./source/elcdif_rgb.o
 .debug_aranges
                0x00000738       0x20 ./source/semihost_hardfault.o
 .debug_aranges
                0x00000758      0x1b0 ./drivers/fsl_clock.o
 .debug_aranges
                0x00000908       0x78 ./drivers/fsl_elcdif.o
 .debug_aranges
                0x00000980       0x58 ./drivers/fsl_gpio.o
 .debug_aranges
                0x000009d8      0x1a8 ./drivers/fsl_lpuart.o
 .debug_aranges
                0x00000b80       0x30 ./device/system_MIMXRT1062.o
 .debug_aranges
                0x00000bb0       0x58 ./component/uart/fsl_adapter_lpuart.o
 .debug_aranges
                0x00000c08       0x58 ./board/board.o
 .debug_aranges
                0x00000c60       0x80 ./board/clock_config.o
 .debug_aranges
                0x00000ce0       0x18 ./board/dcd.o
 .debug_aranges
                0x00000cf8       0x58 ./board/pin_mux.o

.debug_macro    0x00000000    0x2d83f
 .debug_macro   0x00000000      0x142 ./xip/evkmimxrt1060_flexspi_nor_config.o
 .debug_macro   0x00000142      0xaea ./xip/evkmimxrt1060_flexspi_nor_config.o
 .debug_macro   0x00000c2c       0x10 ./xip/evkmimxrt1060_flexspi_nor_config.o
 .debug_macro   0x00000c3c      0x12e ./xip/evkmimxrt1060_flexspi_nor_config.o
 .debug_macro   0x00000d6a      0x5b3 ./xip/evkmimxrt1060_flexspi_nor_config.o
 .debug_macro   0x0000131d       0x22 ./xip/evkmimxrt1060_flexspi_nor_config.o
 .debug_macro   0x0000133f       0x16 ./xip/evkmimxrt1060_flexspi_nor_config.o
 .debug_macro   0x00001355       0x22 ./xip/evkmimxrt1060_flexspi_nor_config.o
 .debug_macro   0x00001377       0x10 ./xip/evkmimxrt1060_flexspi_nor_config.o
 .debug_macro   0x00001387       0x4d ./xip/evkmimxrt1060_flexspi_nor_config.o
 .debug_macro   0x000013d4       0x1c ./xip/evkmimxrt1060_flexspi_nor_config.o
 .debug_macro   0x000013f0       0x22 ./xip/evkmimxrt1060_flexspi_nor_config.o
 .debug_macro   0x00001412       0xfb ./xip/evkmimxrt1060_flexspi_nor_config.o
 .debug_macro   0x0000150d     0x1313 ./xip/evkmimxrt1060_flexspi_nor_config.o
 .debug_macro   0x00002820      0x11f ./xip/evkmimxrt1060_flexspi_nor_config.o
 .debug_macro   0x0000293f       0x22 ./xip/evkmimxrt1060_flexspi_nor_config.o
 .debug_macro   0x00002961       0x22 ./xip/evkmimxrt1060_flexspi_nor_config.o
 .debug_macro   0x00002983    0x26960 ./xip/evkmimxrt1060_flexspi_nor_config.o
 .debug_macro   0x000292e3      0x871 ./xip/evkmimxrt1060_flexspi_nor_config.o
 .debug_macro   0x00029b54       0x7a ./xip/evkmimxrt1060_flexspi_nor_config.o
 .debug_macro   0x00029bce       0xaf ./xip/evkmimxrt1060_flexspi_nor_config.o
 .debug_macro   0x00029c7d      0x24e ./xip/evkmimxrt1060_flexspi_nor_config.o
 .debug_macro   0x00029ecb      0x1a4 ./xip/evkmimxrt1060_flexspi_nor_config.o
 .debug_macro   0x0002a06f      0x167 ./xip/fsl_flexspi_nor_boot.o
 .debug_macro   0x0002a1d6      0x2ad ./xip/fsl_flexspi_nor_boot.o
 .debug_macro   0x0002a483       0x10 ./xip/fsl_flexspi_nor_boot.o
 .debug_macro   0x0002a493      0x16e ./xip/fsl_flexspi_nor_boot.o